Log file open, 04/26/26 20:40:07
LogWindows: Failed to load 'aqProf.dll' (GetLastError=126)
LogWindows: File 'aqProf.dll' does not exist
LogWindows: Failed to load 'VtuneApi.dll' (GetLastError=126)
LogWindows: File 'VtuneApi.dll' does not exist
LogWindows: Failed to load 'VtuneApi32e.dll' (GetLastError=126)
LogWindows: File 'VtuneApi32e.dll' does not exist
LogConsoleResponse: Display: Failed to find resolution value strings in scalability ini. Falling back to default.
LogConsoleResponse: Display: Failed to find resolution value strings in scalability ini. Falling back to default.
LogInit: Display: Running engine for game: Playtime_Multiplayer
LogPlatformFile: Not using cached read wrapper
LogTaskGraph: Started task graph with 5 named threads and 11 total threads with 3 sets of task threads.
LogStats: Stats thread started at 4.378671
LogICUInternationalization: ICU TimeZone Detection - Raw Offset: +2:00, Platform Override: ''
LogInit: Display: Loading text-based GConfig....
LogPluginManager: Mounting plugin MeshPainting
LogPluginManager: Mounting plugin XGEController
LogPluginManager: Mounting plugin AISupport
LogPluginManager: Mounting plugin Paper2D
LogPluginManager: Mounting plugin EnvironmentQueryEditor
LogPluginManager: Mounting plugin LightPropagationVolume
LogPluginManager: Mounting plugin CameraShakePreviewer
LogPluginManager: Mounting plugin LiveLink
LogPluginManager: Mounting plugin GameplayCameras
LogPluginManager: Mounting plugin OodleData
LogPluginManager: Mounting plugin OodleNetwork
LogPluginManager: Mounting plugin AssetManagerEditor
LogPluginManager: Mounting plugin CurveEditorTools
LogPluginManager: Mounting plugin CryptoKeys
LogPluginManager: Mounting plugin DataValidation
LogPluginManager: Mounting plugin FacialAnimation
LogPluginManager: Mounting plugin GameplayTagsEditor
LogPluginManager: Mounting plugin MacGraphicsSwitching
LogPluginManager: Mounting plugin MaterialAnalyzer
LogPluginManager: Mounting plugin GeometryMode
LogPluginManager: Mounting plugin MobileLauncherProfileWizard
LogPluginManager: Mounting plugin PluginBrowser
LogPluginManager: Mounting plugin SpeedTreeImporter
LogPluginManager: Mounting plugin DatasmithContent
LogPluginManager: Mounting plugin VariantManagerContent
LogPluginManager: Mounting plugin AlembicImporter
LogPluginManager: Mounting plugin AutomationUtils
LogPluginManager: Mounting plugin BackChannel
LogPluginManager: Mounting plugin ChaosCloth
LogPluginManager: Mounting plugin ChaosClothEditor
LogPluginManager: Mounting plugin ChaosEditor
LogPluginManager: Mounting plugin ChaosSolverPlugin
LogPluginManager: Mounting plugin ChaosNiagara
LogPluginManager: Mounting plugin CharacterAI
LogPluginManager: Mounting plugin AnimationSharing
LogPluginManager: Mounting plugin CLionSourceCodeAccess
LogPluginManager: Mounting plugin CodeLiteSourceCodeAccess
LogPluginManager: Mounting plugin KDevelopSourceCodeAccess
LogPluginManager: Mounting plugin GitSourceControl
LogPluginManager: Mounting plugin NullSourceCodeAccess
LogPluginManager: Mounting plugin GeometryCache
LogPluginManager: Mounting plugin PerforceSourceControl
LogPluginManager: Mounting plugin PixWinPlugin
LogPluginManager: Mounting plugin PlasticSourceControl
LogPluginManager: Mounting plugin GeometryCollectionPlugin
LogPluginManager: Mounting plugin PluginUtils
LogPluginManager: Mounting plugin GeometryProcessing
LogPluginManager: Mounting plugin PropertyAccessNode
LogPluginManager: Mounting plugin RiderSourceCodeAccess
LogPluginManager: Mounting plugin SubversionSourceControl
LogPluginManager: Mounting plugin TextureFormatOodle
LogPluginManager: Mounting plugin UObjectPlugin
LogPluginManager: Mounting plugin VisualStudioCodeSourceCodeAccess
LogPluginManager: Mounting plugin VisualStudioSourceCodeAccess
LogPluginManager: Mounting plugin XCodeSourceCodeAccess
LogPluginManager: Mounting plugin MotoSynth
LogPluginManager: Mounting plugin OpenImageDenoise
LogPluginManager: Mounting plugin PlanarCut
LogPluginManager: Mounting plugin ProxyLODPlugin
LogPluginManager: Mounting plugin PlatformCrypto
LogPluginManager: Mounting plugin PythonScriptPlugin
LogPluginManager: Mounting plugin SkeletalReduction
LogPluginManager: Mounting plugin LuminPlatformFeatures
LogPluginManager: Mounting plugin MagicLeap
LogPluginManager: Mounting plugin Niagara
LogPluginManager: Mounting plugin MagicLeapMedia
LogPluginManager: Mounting plugin MagicLeapLightEstimation
LogPluginManager: Mounting plugin MagicLeapPassableWorld
LogPluginManager: Mounting plugin MLSDK
LogPluginManager: Mounting plugin AndroidMedia
LogPluginManager: Mounting plugin AvfMedia
LogPluginManager: Mounting plugin ImgMedia
LogPluginManager: Mounting plugin MediaCompositing
LogPluginManager: Mounting plugin MediaPlayerEditor
LogPluginManager: Mounting plugin WmfMedia
LogPluginManager: Mounting plugin WebMMedia
LogPluginManager: Mounting plugin TcpMessaging
LogPluginManager: Mounting plugin UdpMessaging
LogPluginManager: Mounting plugin ActorSequence
LogPluginManager: Mounting plugin LevelSequenceEditor
LogPluginManager: Mounting plugin MatineeToLevelSequence
LogPluginManager: Mounting plugin TemplateSequence
LogPluginManager: Mounting plugin LauncherChunkInstaller
LogPluginManager: Mounting plugin OnlineSubsystem
LogPluginManager: Mounting plugin OnlineSubsystemNull
LogPluginManager: Mounting plugin OnlineSubsystemSteam
LogPluginManager: Mounting plugin OnlineSubsystemUtils
LogPluginManager: Mounting plugin ActorLayerUtilities
LogPluginManager: Mounting plugin AndroidDeviceProfileSelector
LogPluginManager: Mounting plugin AndroidMoviePlayer
LogPluginManager: Mounting plugin AndroidPermission
LogPluginManager: Mounting plugin AppleImageUtils
LogPluginManager: Mounting plugin AppleMoviePlayer
LogPluginManager: Mounting plugin AssetTags
LogPluginManager: Mounting plugin ArchVisCharacter
LogPluginManager: Mounting plugin AudioCapture
LogPluginManager: Mounting plugin ChunkDownloader
LogPluginManager: Mounting plugin AudioSynesthesia
LogPluginManager: Mounting plugin CustomMeshComponent
LogPluginManager: Mounting plugin CableComponent
LogPluginManager: Mounting plugin EditableMesh
LogPluginManager: Mounting plugin ExampleDeviceProfileSelector
LogPluginManager: Mounting plugin GoogleCloudMessaging
LogPluginManager: Mounting plugin GooglePAD
LogPluginManager: Mounting plugin IOSDeviceProfileSelector
LogPluginManager: Mounting plugin LinuxDeviceProfileSelector
LogPluginManager: Mounting plugin LocationServicesBPLibrary
LogPluginManager: Mounting plugin MobilePatchingUtils
LogPluginManager: Mounting plugin OpenXR
LogPluginManager: Mounting plugin OpenXRHandTracking
LogPluginManager: Mounting plugin OpenXREyeTracker
LogPluginManager: Mounting plugin PhysXVehicles
LogPluginManager: Mounting plugin PostSplashScreen
LogPluginManager: Mounting plugin ProceduralMeshComponent
LogPluginManager: Mounting plugin PropertyAccessEditor
LogPluginManager: Mounting plugin RuntimePhysXCooking
LogPluginManager: Mounting plugin SignificanceManager
LogPluginManager: Mounting plugin SoundFields
LogPluginManager: Mounting plugin Synthesis
LogPluginManager: Mounting plugin WebMMoviePlayer
LogPluginManager: Mounting plugin WindowsMoviePlayer
LogPluginManager: Mounting plugin Takes
LogPluginManager: Mounting plugin ScreenshotTools
LogPluginManager: Mounting plugin ContentBrowserAssetDataSource
LogPluginManager: Mounting plugin ContentBrowserFileDataSource
LogPluginManager: Mounting plugin ContentBrowserClassDataSource
LogPluginManager: Mounting plugin OnlineSubsystemGooglePlay
LogPluginManager: Mounting plugin OnlineSubsystemIOS
LogPluginManager: Mounting plugin OculusVR
LogPluginManager: Mounting plugin SteamShared
LogPluginManager: Mounting plugin SteamVR
LogPluginManager: Mounting plugin AdvancedSessions
LogPluginManager: Mounting plugin AdvancedSteamSessions
LogPluginManager: Mounting plugin VaRest
PixWinPlugin: PIX capture plugin failed to initialize! Check that the process is launched from PIX.
LogInit: Using libcurl 7.55.1-DEV
LogInit:  - built for x86_64-pc-win32
LogInit:  - supports SSL with OpenSSL/1.1.1
LogInit:  - supports HTTP deflate (compression) using libz 1.2.8
LogInit:  - other features:
LogInit:      CURL_VERSION_SSL
LogInit:      CURL_VERSION_LIBZ
LogInit:      CURL_VERSION_IPV6
LogInit:      CURL_VERSION_ASYNCHDNS
LogInit:      CURL_VERSION_LARGEFILE
LogInit:      CURL_VERSION_IDN
LogInit:  CurlRequestOptions (configurable via config and command line):
LogInit:  - bVerifyPeer = true  - Libcurl will verify peer certificate
LogInit:  - bUseHttpProxy = false  - Libcurl will NOT use HTTP proxy
LogInit:  - bDontReuseConnections = false  - Libcurl will reuse connections
LogInit:  - MaxHostConnections = 16  - Libcurl will limit the number of connections to a host
LogInit:  - LocalHostAddr = Default
LogInit:  - BufferSize = 65536
LogSteamShared: Display: Loading Steam SDK 1.51
LogSteamShared: Steam SDK Loaded!
LogOnline: OSS: Creating online subsystem instance for: Steam
LogOnline: STEAM: Steam User is subscribed 1
LogOnline: STEAM: [AppId: 1961460] Client API initialized 1
LogOnline: STEAM: [AppId: 1961460] Game Server API initialized 1
LogOnline: STEAM: Initializing SteamNetworking Layer
LogOnline: STEAM: Missing P2PCleanupTimeout key in OnlineSubsystemSteam of DefaultEngine.ini, using default
LogInit: WinSock: version 1.1 (2.2), MaxSocks=32767, MaxUdp=65467
LogOnline: OSS: TryLoadSubsystemAndSetDefault: Loaded subsystem for module [Steam]
LogOculusPluginWrapper: OculusPlugin initialized successfully
LogHMD: Failed initializing OVRPlugin 1.59.0
LogInit: Build: ++UE4+Release-4.27-CL-18319896
LogInit: Engine Version: 4.27.2-18319896+++UE4+Release-4.27
LogInit: Compatible Engine Version: 4.27.0-17155196+++UE4+Release-4.27
LogInit: Net CL: 17155196
LogInit: OS: Windows 10 (Release 2009) (), CPU: AMD Ryzen 3 3250U with Radeon Graphics         , GPU: AMD Radeon(TM) Graphics
LogInit: Compiled (64-bit): Nov 30 2021 07:12:08
LogInit: Compiled with Visual C++: 19.24.28315.00
LogInit: Build Configuration: Development
LogInit: Branch Name: ++UE4+Release-4.27
LogInit: Command Line:  /Game/Map/Main_Menu -game -PIEVIACONSOLE -Multiprocess GameUserSettingsINI=C:/LastStep/PROJECT-LAST-STEP/Playtime_Multiplayer/Saved/Config/Windows/PIEGameUserSettings0.ini -MultiprocessSaveConfig -forcepassthrough -messaging -SessionName="Play in Standalone Game" -windowed -WinX=320 -WinY=180 SAVEWINPOS=1 -ResX=1378 -ResY=986
LogInit: Base Directory: C:/Program Files/Epic Games/UE_4.27/Engine/Binaries/Win64/
LogInit: Allocator: TBB
LogInit: Installed Engine Build: 1
LogDevObjectVersion: Number of dev versions registered: 29
LogDevObjectVersion:   Dev-Blueprints (B0D832E4-1F89-4F0D-ACCF-7EB736FD4AA2): 10
LogDevObjectVersion:   Dev-Build (E1C64328-A22C-4D53-A36C-8E866417BD8C): 0
LogDevObjectVersion:   Dev-Core (375EC13C-06E4-48FB-B500-84F0262A717E): 4
LogDevObjectVersion:   Dev-Editor (E4B068ED-F494-42E9-A231-DA0B2E46BB41): 40
LogDevObjectVersion:   Dev-Framework (CFFC743F-43B0-4480-9391-14DF171D2073): 37
LogDevObjectVersion:   Dev-Mobile (B02B49B5-BB20-44E9-A304-32B752E40360): 3
LogDevObjectVersion:   Dev-Networking (A4E4105C-59A1-49B5-A7C5-40C4547EDFEE): 0
LogDevObjectVersion:   Dev-Online (39C831C9-5AE6-47DC-9A44-9C173E1C8E7C): 0
LogDevObjectVersion:   Dev-Physics (78F01B33-EBEA-4F98-B9B4-84EACCB95AA2): 14
LogDevObjectVersion:   Dev-Platform (6631380F-2D4D-43E0-8009-CF276956A95A): 0
LogDevObjectVersion:   Dev-Rendering (12F88B9F-8875-4AFC-A67C-D90C383ABD29): 45
LogDevObjectVersion:   Dev-Sequencer (7B5AE74C-D270-4C10-A958-57980B212A5A): 13
LogDevObjectVersion:   Dev-VR (D7296918-1DD6-4BDD-9DE2-64A83CC13884): 3
LogDevObjectVersion:   Dev-LoadTimes (C2A15278-BFE7-4AFE-6C17-90FF531DF755): 1
LogDevObjectVersion:   Private-Geometry (6EACA3D4-40EC-4CC1-B786-8BED09428FC5): 3
LogDevObjectVersion:   Dev-AnimPhys (29E575DD-E0A3-4627-9D10-D276232CDCEA): 17
LogDevObjectVersion:   Dev-Anim (AF43A65D-7FD3-4947-9873-3E8ED9C1BB05): 15
LogDevObjectVersion:   Dev-ReflectionCapture (6B266CEC-1EC7-4B8F-A30B-E4D90942FC07): 1
LogDevObjectVersion:   Dev-Automation (0DF73D61-A23F-47EA-B727-89E90C41499A): 1
LogDevObjectVersion:   FortniteMain (601D1886-AC64-4F84-AA16-D3DE0DEAC7D6): 47
LogDevObjectVersion:   FortniteRelease (E7086368-6B23-4C58-8439-1B7016265E91): 1
LogDevObjectVersion:   Dev-Enterprise (9DFFBCD6-494F-0158-E221-12823C92A888): 10
LogDevObjectVersion:   Dev-Niagara (F2AED0AC-9AFE-416F-8664-AA7FFA26D6FC): 1
LogDevObjectVersion:   Dev-Destruction (174F1F0B-B4C6-45A5-B13F-2EE8D0FB917D): 10
LogDevObjectVersion:   Dev-Physics-Ext (35F94A83-E258-406C-A318-09F59610247C): 41
LogDevObjectVersion:   Dev-PhysicsMaterial-Chaos (B68FC16E-8B1B-42E2-B453-215C058844FE): 1
LogDevObjectVersion:   Dev-CineCamera (B2E18506-4273-CFC2-A54E-F4BB758BBA07): 1
LogDevObjectVersion:   Dev-VirtualProduction (64F58936-FD1B-42BA-BA96-7289D5D0FA4E): 1
LogDevObjectVersion:   Dev-MediaFramework (6F0ED827-A609-4895-9C91-998D90180EA4): 2
LogLinker: AddRedirectList(C:/LastStep/PROJECT-LAST-STEP/Playtime_Multiplayer/Saved/Config/Windows/VaRest.ini) has substring redirect /VaRestPlugin/, these are very slow and should be resolved as soon as possible!
LogInit: Presizing for max 25165824 objects, including 0 objects not considered by GC, pre-allocating 0 bytes for permanent pool.
LogConfig: Applying CVar settings from Section [/Script/Engine.StreamingSettings] File [C:/LastStep/PROJECT-LAST-STEP/Playtime_Multiplayer/Saved/Config/Windows/Engine.ini]
LogConfig: Setting CVar [[s.MinBulkDataSizeForAsyncLoading:131072]]
LogConfig: Setting CVar [[s.AsyncLoadingThreadEnabled:0]]
LogConfig: Setting CVar [[s.EventDrivenLoaderEnabled:1]]
LogConfig: Setting CVar [[s.WarnIfTimeLimitExceeded:0]]
LogConfig: Setting CVar [[s.TimeLimitExceededMultiplier:1.5]]
LogConfig: Setting CVar [[s.TimeLimitExceededMinTime:0.005]]
LogConfig: Setting CVar [[s.UseBackgroundLevelStreaming:1]]
LogConfig: Setting CVar [[s.PriorityAsyncLoadingExtraTime:15.0]]
LogConfig: Setting CVar [[s.LevelStreamingActorsUpdateTimeLimit:5.0]]
LogConfig: Setting CVar [[s.PriorityLevelStreamingActorsUpdateExtraTime:5.0]]
LogConfig: Setting CVar [[s.LevelStreamingComponentsRegistrationGranularity:10]]
LogConfig: Setting CVar [[s.UnregisterComponentsTimeLimit:1.0]]
LogConfig: Setting CVar [[s.LevelStreamingComponentsUnregistrationGranularity:5]]
LogConfig: Setting CVar [[s.FlushStreamingOnExit:1]]
LogInit: Object subsystem initialized
LogConfig: Setting CVar [[con.DebugEarlyDefault:1]]
LogConfig: Setting CVar [[r.setres:1280x720]]
[2026.04.26-18.40.13:264][  0]LogConfig: Setting CVar [[con.DebugEarlyDefault:1]]
[2026.04.26-18.40.13:264][  0]LogConfig: Setting CVar [[r.setres:1280x720]]
[2026.04.26-18.40.13:264][  0]LogConfig: Applying CVar settings from Section [/Script/Engine.RendererSettings] File [C:/LastStep/PROJECT-LAST-STEP/Playtime_Multiplayer/Saved/Config/Windows/Engine.ini]
[2026.04.26-18.40.13:264][  0]LogConfig: Setting CVar [[r.GPUCrashDebugging:0]]
[2026.04.26-18.40.13:265][  0]LogConfig: Applying CVar settings from Section [/Script/Engine.RendererOverrideSettings] File [C:/LastStep/PROJECT-LAST-STEP/Playtime_Multiplayer/Saved/Config/Windows/Engine.ini]
[2026.04.26-18.40.13:265][  0]LogConfig: Applying CVar settings from Section [/Script/Engine.StreamingSettings] File [C:/LastStep/PROJECT-LAST-STEP/Playtime_Multiplayer/Saved/Config/Windows/Engine.ini]
[2026.04.26-18.40.13:265][  0]LogConfig: Setting CVar [[s.MinBulkDataSizeForAsyncLoading:131072]]
[2026.04.26-18.40.13:265][  0]LogConfig: Setting CVar [[s.AsyncLoadingThreadEnabled:0]]
[2026.04.26-18.40.13:265][  0]LogConfig: Setting CVar [[s.EventDrivenLoaderEnabled:1]]
[2026.04.26-18.40.13:265][  0]LogConfig: Setting CVar [[s.WarnIfTimeLimitExceeded:0]]
[2026.04.26-18.40.13:265][  0]LogConfig: Setting CVar [[s.TimeLimitExceededMultiplier:1.5]]
[2026.04.26-18.40.13:265][  0]LogConfig: Setting CVar [[s.TimeLimitExceededMinTime:0.005]]
[2026.04.26-18.40.13:265][  0]LogConfig: Setting CVar [[s.UseBackgroundLevelStreaming:1]]
[2026.04.26-18.40.13:265][  0]LogConfig: Setting CVar [[s.PriorityAsyncLoadingExtraTime:15.0]]
[2026.04.26-18.40.13:265][  0]LogConfig: Setting CVar [[s.LevelStreamingActorsUpdateTimeLimit:5.0]]
[2026.04.26-18.40.13:265][  0]LogConfig: Setting CVar [[s.PriorityLevelStreamingActorsUpdateExtraTime:5.0]]
[2026.04.26-18.40.13:265][  0]LogConfig: Setting CVar [[s.LevelStreamingComponentsRegistrationGranularity:10]]
[2026.04.26-18.40.13:265][  0]LogConfig: Setting CVar [[s.UnregisterComponentsTimeLimit:1.0]]
[2026.04.26-18.40.13:265][  0]LogConfig: Setting CVar [[s.LevelStreamingComponentsUnregistrationGranularity:5]]
[2026.04.26-18.40.13:265][  0]LogConfig: Setting CVar [[s.FlushStreamingOnExit:1]]
[2026.04.26-18.40.13:265][  0]LogConfig: Applying CVar settings from Section [/Script/Engine.GarbageCollectionSettings] File [C:/LastStep/PROJECT-LAST-STEP/Playtime_Multiplayer/Saved/Config/Windows/Engine.ini]
[2026.04.26-18.40.13:265][  0]LogConfig: Setting CVar [[gc.MaxObjectsNotConsideredByGC:1]]
[2026.04.26-18.40.13:265][  0]LogConfig: Setting CVar [[gc.SizeOfPermanentObjectPool:0]]
[2026.04.26-18.40.13:265][  0]LogConfig: Setting CVar [[gc.FlushStreamingOnGC:0]]
[2026.04.26-18.40.13:265][  0]LogConfig: Setting CVar [[gc.NumRetriesBeforeForcingGC:10]]
[2026.04.26-18.40.13:265][  0]LogConfig: Setting CVar [[gc.AllowParallelGC:1]]
[2026.04.26-18.40.13:265][  0]LogConfig: Setting CVar [[gc.TimeBetweenPurgingPendingKillObjects:61.1]]
[2026.04.26-18.40.13:265][  0]LogConfig: Setting CVar [[gc.MaxObjectsInEditor:25165824]]
[2026.04.26-18.40.13:265][  0]LogConfig: Setting CVar [[gc.IncrementalBeginDestroyEnabled:1]]
[2026.04.26-18.40.13:265][  0]LogConfig: Setting CVar [[gc.CreateGCClusters:1]]
[2026.04.26-18.40.13:265][  0]LogConfig: Setting CVar [[gc.MinGCClusterSize:5]]
[2026.04.26-18.40.13:265][  0]LogConfig: Setting CVar [[gc.ActorClusteringEnabled:0]]
[2026.04.26-18.40.13:265][  0]LogConfig: Setting CVar [[gc.BlueprintClusteringEnabled:0]]
[2026.04.26-18.40.13:265][  0]LogConfig: Setting CVar [[gc.UseDisregardForGCOnDedicatedServers:0]]
[2026.04.26-18.40.13:265][  0]LogConfig: Setting CVar [[gc.MultithreadedDestructionEnabled:1]]
[2026.04.26-18.40.13:265][  0]LogConfig: Applying CVar settings from Section [/Script/Engine.NetworkSettings] File [C:/LastStep/PROJECT-LAST-STEP/Playtime_Multiplayer/Saved/Config/Windows/Engine.ini]
[2026.04.26-18.40.13:265][  0]LogConfig: Applying CVar settings from Section [/Script/UnrealEd.CookerSettings] File [C:/LastStep/PROJECT-LAST-STEP/Playtime_Multiplayer/Saved/Config/Windows/Engine.ini]
[2026.04.26-18.40.13:266][  0]LogConfig: Setting CVar [[cook.AllowCookedDataInEditorBuilds:1]]
[2026.04.26-18.40.13:266][  0]LogConfig: Setting CVar [[s.AllowUnversionedContentInEditor:1]]
[2026.04.26-18.40.13:288][  0]LogConfig: Applying CVar settings from Section [ViewDistanceQuality@3] File [C:/LastStep/PROJECT-LAST-STEP/Playtime_Multiplayer/Saved/Config/Windows/Scalability.ini]
[2026.04.26-18.40.13:288][  0]LogConfig: Setting CVar [[r.SkeletalMeshLODBias:0]]
[2026.04.26-18.40.13:288][  0]LogConfig: Setting CVar [[r.ViewDistanceScale:1.0]]
[2026.04.26-18.40.13:288][  0]LogConfig: Applying CVar settings from Section [AntiAliasingQuality@3] File [C:/LastStep/PROJECT-LAST-STEP/Playtime_Multiplayer/Saved/Config/Windows/Scalability.ini]
[2026.04.26-18.40.13:288][  0]LogConfig: Setting CVar [[r.PostProcessAAQuality:4]]
[2026.04.26-18.40.13:288][  0]LogConfig: Applying CVar settings from Section [ShadowQuality@3] File [C:/LastStep/PROJECT-LAST-STEP/Playtime_Multiplayer/Saved/Config/Windows/Scalability.ini]
[2026.04.26-18.40.13:288][  0]LogConfig: Setting CVar [[r.LightFunctionQuality:1]]
[2026.04.26-18.40.13:288][  0]LogConfig: Setting CVar [[r.ShadowQuality:5]]
[2026.04.26-18.40.13:288][  0]LogConfig: Setting CVar [[r.Shadow.CSM.MaxCascades:10]]
[2026.04.26-18.40.13:288][  0]LogConfig: Setting CVar [[r.Shadow.MaxResolution:2048]]
[2026.04.26-18.40.13:288][  0]LogConfig: Setting CVar [[r.Shadow.MaxCSMResolution:2048]]
[2026.04.26-18.40.13:288][  0]LogConfig: Setting CVar [[r.Shadow.RadiusThreshold:0.01]]
[2026.04.26-18.40.13:288][  0]LogConfig: Setting CVar [[r.Shadow.DistanceScale:1.0]]
[2026.04.26-18.40.13:288][  0]LogConfig: Setting CVar [[r.Shadow.CSM.TransitionScale:1.0]]
[2026.04.26-18.40.13:288][  0]LogConfig: Setting CVar [[r.Shadow.PreShadowResolutionFactor:1.0]]
[2026.04.26-18.40.13:288][  0]LogConfig: Setting CVar [[r.DistanceFieldShadowing:1]]
[2026.04.26-18.40.13:288][  0]LogConfig: Setting CVar [[r.DistanceFieldAO:1]]
[2026.04.26-18.40.13:288][  0]LogConfig: Setting CVar [[r.AOQuality:2]]
[2026.04.26-18.40.13:288][  0]LogConfig: Setting CVar [[r.VolumetricFog:1]]
[2026.04.26-18.40.13:288][  0]LogConfig: Setting CVar [[r.VolumetricFog.GridPixelSize:8]]
[2026.04.26-18.40.13:288][  0]LogConfig: Setting CVar [[r.VolumetricFog.GridSizeZ:128]]
[2026.04.26-18.40.13:288][  0]LogConfig: Setting CVar [[r.VolumetricFog.HistoryMissSupersampleCount:4]]
[2026.04.26-18.40.13:288][  0]LogConfig: Setting CVar [[r.LightMaxDrawDistanceScale:1]]
[2026.04.26-18.40.13:288][  0]LogConfig: Setting CVar [[r.CapsuleShadows:1]]
[2026.04.26-18.40.13:288][  0]LogConfig: Applying CVar settings from Section [PostProcessQuality@3] File [C:/LastStep/PROJECT-LAST-STEP/Playtime_Multiplayer/Saved/Config/Windows/Scalability.ini]
[2026.04.26-18.40.13:288][  0]LogConfig: Setting CVar [[r.MotionBlurQuality:4]]
[2026.04.26-18.40.13:288][  0]LogConfig: Setting CVar [[r.AmbientOcclusionMipLevelFactor:0.4]]
[2026.04.26-18.40.13:288][  0]LogConfig: Setting CVar [[r.AmbientOcclusionMaxQuality:100]]
[2026.04.26-18.40.13:288][  0]LogConfig: Setting CVar [[r.AmbientOcclusionLevels:-1]]
[2026.04.26-18.40.13:288][  0]LogConfig: Setting CVar [[r.AmbientOcclusionRadiusScale:1.0]]
[2026.04.26-18.40.13:288][  0]LogConfig: Setting CVar [[r.DepthOfFieldQuality:2]]
[2026.04.26-18.40.13:288][  0]LogConfig: Setting CVar [[r.RenderTargetPoolMin:400]]
[2026.04.26-18.40.13:288][  0]LogConfig: Setting CVar [[r.LensFlareQuality:2]]
[2026.04.26-18.40.13:288][  0]LogConfig: Setting CVar [[r.SceneColorFringeQuality:1]]
[2026.04.26-18.40.13:289][  0]LogConfig: Setting CVar [[r.EyeAdaptationQuality:2]]
[2026.04.26-18.40.13:289][  0]LogConfig: Setting CVar [[r.BloomQuality:5]]
[2026.04.26-18.40.13:289][  0]LogConfig: Setting CVar [[r.FastBlurThreshold:100]]
[2026.04.26-18.40.13:289][  0]LogConfig: Setting CVar [[r.Upscale.Quality:3]]
[2026.04.26-18.40.13:289][  0]LogConfig: Setting CVar [[r.Tonemapper.GrainQuantization:1]]
[2026.04.26-18.40.13:289][  0]LogConfig: Setting CVar [[r.LightShaftQuality:1]]
[2026.04.26-18.40.13:289][  0]LogConfig: Setting CVar [[r.Filter.SizeScale:1]]
[2026.04.26-18.40.13:289][  0]LogConfig: Setting CVar [[r.Tonemapper.Quality:5]]
[2026.04.26-18.40.13:289][  0]LogConfig: Setting CVar [[r.DOF.Gather.AccumulatorQuality:1        ; higher gathering accumulator quality]]
[2026.04.26-18.40.13:289][  0]LogConfig: Setting CVar [[r.DOF.Gather.PostfilterMethod:1          ; Median3x3 postfilering method]]
[2026.04.26-18.40.13:289][  0]LogConfig: Setting CVar [[r.DOF.Gather.EnableBokehSettings:0       ; no bokeh simulation when gathering]]
[2026.04.26-18.40.13:289][  0]LogConfig: Setting CVar [[r.DOF.Gather.RingCount:4                 ; medium number of samples when gathering]]
[2026.04.26-18.40.13:289][  0]LogConfig: Setting CVar [[r.DOF.Scatter.ForegroundCompositing:1    ; additive foreground scattering]]
[2026.04.26-18.40.13:289][  0]LogConfig: Setting CVar [[r.DOF.Scatter.BackgroundCompositing:2    ; additive background scattering]]
[2026.04.26-18.40.13:289][  0]LogConfig: Setting CVar [[r.DOF.Scatter.EnableBokehSettings:1      ; bokeh simulation when scattering]]
[2026.04.26-18.40.13:290][  0]LogConfig: Setting CVar [[r.DOF.Scatter.MaxSpriteRatio:0.1         ; only a maximum of 10% of scattered bokeh]]
[2026.04.26-18.40.13:290][  0]LogConfig: Setting CVar [[r.DOF.Recombine.Quality:1                ; cheap slight out of focus]]
[2026.04.26-18.40.13:290][  0]LogConfig: Setting CVar [[r.DOF.Recombine.EnableBokehSettings:0    ; no bokeh simulation on slight out of focus]]
[2026.04.26-18.40.13:290][  0]LogConfig: Setting CVar [[r.DOF.TemporalAAQuality:1                ; more stable temporal accumulation]]
[2026.04.26-18.40.13:290][  0]LogConfig: Setting CVar [[r.DOF.Kernel.MaxForegroundRadius:0.025]]
[2026.04.26-18.40.13:290][  0]LogConfig: Setting CVar [[r.DOF.Kernel.MaxBackgroundRadius:0.025]]
[2026.04.26-18.40.13:290][  0]LogConfig: Applying CVar settings from Section [TextureQuality@3] File [C:/LastStep/PROJECT-LAST-STEP/Playtime_Multiplayer/Saved/Config/Windows/Scalability.ini]
[2026.04.26-18.40.13:290][  0]LogConfig: Setting CVar [[r.Streaming.MipBias:0]]
[2026.04.26-18.40.13:290][  0]LogConfig: Setting CVar [[r.Streaming.AmortizeCPUToGPUCopy:0]]
[2026.04.26-18.40.13:290][  0]LogConfig: Setting CVar [[r.Streaming.MaxNumTexturesToStreamPerFrame:0]]
[2026.04.26-18.40.13:290][  0]LogConfig: Setting CVar [[r.Streaming.Boost:1]]
[2026.04.26-18.40.13:290][  0]LogConfig: Setting CVar [[r.MaxAnisotropy:8]]
[2026.04.26-18.40.13:290][  0]LogConfig: Setting CVar [[r.VT.MaxAnisotropy:8]]
[2026.04.26-18.40.13:290][  0]LogConfig: Setting CVar [[r.Streaming.LimitPoolSizeToVRAM:0]]
[2026.04.26-18.40.13:290][  0]LogConfig: Setting CVar [[r.Streaming.PoolSize:1000]]
[2026.04.26-18.40.13:290][  0]LogConfig: Setting CVar [[r.Streaming.MaxEffectiveScreenSize:0]]
[2026.04.26-18.40.13:290][  0]LogConfig: Applying CVar settings from Section [EffectsQuality@3] File [C:/LastStep/PROJECT-LAST-STEP/Playtime_Multiplayer/Saved/Config/Windows/Scalability.ini]
[2026.04.26-18.40.13:290][  0]LogConfig: Setting CVar [[r.TranslucencyLightingVolumeDim:64]]
[2026.04.26-18.40.13:290][  0]LogConfig: Setting CVar [[r.RefractionQuality:2]]
[2026.04.26-18.40.13:290][  0]LogConfig: Setting CVar [[r.SSR.Quality:3]]
[2026.04.26-18.40.13:290][  0]LogConfig: Setting CVar [[r.SSR.HalfResSceneColor:0]]
[2026.04.26-18.40.13:290][  0]LogConfig: Setting CVar [[r.SceneColorFormat:4]]
[2026.04.26-18.40.13:290][  0]LogConfig: Setting CVar [[r.DetailMode:2]]
[2026.04.26-18.40.13:290][  0]LogConfig: Setting CVar [[r.TranslucencyVolumeBlur:1]]
[2026.04.26-18.40.13:290][  0]LogConfig: Setting CVar [[r.MaterialQualityLevel:1 ; High quality]]
[2026.04.26-18.40.13:290][  0]LogConfig: Setting CVar [[r.AnisotropicMaterials:1]]
[2026.04.26-18.40.13:290][  0]LogConfig: Setting CVar [[r.SSS.Scale:1]]
[2026.04.26-18.40.13:290][  0]LogConfig: Setting CVar [[r.SSS.SampleSet:2]]
[2026.04.26-18.40.13:290][  0]LogConfig: Setting CVar [[r.SSS.Quality:1]]
[2026.04.26-18.40.13:290][  0]LogConfig: Setting CVar [[r.SSS.HalfRes:0]]
[2026.04.26-18.40.13:290][  0]LogConfig: Setting CVar [[r.SSGI.Quality:3]]
[2026.04.26-18.40.13:290][  0]LogConfig: Setting CVar [[r.EmitterSpawnRateScale:1.0]]
[2026.04.26-18.40.13:290][  0]LogConfig: Setting CVar [[r.ParticleLightQuality:2]]
[2026.04.26-18.40.13:290][  0]LogConfig: Setting CVar [[r.SkyAtmosphere.AerialPerspectiveLUT.FastApplyOnOpaque:1 ; Always have FastSkyLUT 1 in this case to avoid wrong sky]]
[2026.04.26-18.40.13:291][  0]LogConfig: Setting CVar [[r.SkyAtmosphere.AerialPerspectiveLUT.SampleCountMaxPerSlice:4]]
[2026.04.26-18.40.13:291][  0]LogConfig: Setting CVar [[r.SkyAtmosphere.AerialPerspectiveLUT.DepthResolution:16.0]]
[2026.04.26-18.40.13:291][  0]LogConfig: Setting CVar [[r.SkyAtmosphere.FastSkyLUT:1]]
[2026.04.26-18.40.13:291][  0]LogConfig: Setting CVar [[r.SkyAtmosphere.FastSkyLUT.SampleCountMin:4.0]]
[2026.04.26-18.40.13:291][  0]LogConfig: Setting CVar [[r.SkyAtmosphere.FastSkyLUT.SampleCountMax:128.0]]
[2026.04.26-18.40.13:291][  0]LogConfig: Setting CVar [[r.SkyAtmosphere.SampleCountMin:4.0]]
[2026.04.26-18.40.13:291][  0]LogConfig: Setting CVar [[r.SkyAtmosphere.SampleCountMax:128.0]]
[2026.04.26-18.40.13:291][  0]LogConfig: Setting CVar [[r.SkyAtmosphere.TransmittanceLUT.UseSmallFormat:0]]
[2026.04.26-18.40.13:291][  0]LogConfig: Setting CVar [[r.SkyAtmosphere.TransmittanceLUT.SampleCount:10.0]]
[2026.04.26-18.40.13:291][  0]LogConfig: Setting CVar [[r.SkyAtmosphere.MultiScatteringLUT.SampleCount:15.0]]
[2026.04.26-18.40.13:291][  0]LogConfig: Setting CVar [[r.SkyLight.RealTimeReflectionCapture:1]]
[2026.04.26-18.40.13:291][  0]LogConfig: Applying CVar settings from Section [FoliageQuality@3] File [C:/LastStep/PROJECT-LAST-STEP/Playtime_Multiplayer/Saved/Config/Windows/Scalability.ini]
[2026.04.26-18.40.13:291][  0]LogConfig: Setting CVar [[foliage.DensityScale:1.0]]
[2026.04.26-18.40.13:291][  0]LogConfig: Setting CVar [[grass.DensityScale:1.0]]
[2026.04.26-18.40.13:291][  0]LogConfig: Applying CVar settings from Section [ShadingQuality@3] File [C:/LastStep/PROJECT-LAST-STEP/Playtime_Multiplayer/Saved/Config/Windows/Scalability.ini]
[2026.04.26-18.40.13:291][  0]LogConfig: Setting CVar [[r.HairStrands.SkyLighting.IntegrationType:2]]
[2026.04.26-18.40.13:291][  0]LogConfig: Setting CVar [[r.HairStrands.SkyAO.SampleCount:4]]
[2026.04.26-18.40.13:291][  0]LogConfig: Setting CVar [[r.HairStrands.Visibility.MSAA.SamplePerPixel:4]]
[2026.04.26-18.40.13:291][  0]LogInit: Selected Device Profile: [Windows]
[2026.04.26-18.40.13:291][  0]LogInit: Applying CVar settings loaded from the selected device profile: [Windows]
[2026.04.26-18.40.13:292][  0]LogHAL: Display: Platform has ~ 6 GB [6358228992 / 8589934592 / 6], which maps to Smaller [LargestMinGB=32, LargerMinGB=12, DefaultMinGB=8, SmallerMinGB=6, SmallestMinGB=0)
[2026.04.26-18.40.13:292][  0]LogInit: Going up to parent DeviceProfile []
[2026.04.26-18.40.13:293][  0]LogConfig: Applying CVar settings from Section [ViewDistanceQuality@3] File [C:/LastStep/PROJECT-LAST-STEP/Playtime_Multiplayer/Saved/Config/Windows/Scalability.ini]
[2026.04.26-18.40.13:293][  0]LogConfig: Setting CVar [[r.SkeletalMeshLODBias:0]]
[2026.04.26-18.40.13:293][  0]LogConfig: Setting CVar [[r.ViewDistanceScale:1.0]]
[2026.04.26-18.40.13:293][  0]LogConfig: Applying CVar settings from Section [AntiAliasingQuality@3] File [C:/LastStep/PROJECT-LAST-STEP/Playtime_Multiplayer/Saved/Config/Windows/Scalability.ini]
[2026.04.26-18.40.13:293][  0]LogConfig: Setting CVar [[r.PostProcessAAQuality:4]]
[2026.04.26-18.40.13:293][  0]LogConfig: Applying CVar settings from Section [ShadowQuality@3] File [C:/LastStep/PROJECT-LAST-STEP/Playtime_Multiplayer/Saved/Config/Windows/Scalability.ini]
[2026.04.26-18.40.13:293][  0]LogConfig: Setting CVar [[r.LightFunctionQuality:1]]
[2026.04.26-18.40.13:293][  0]LogConfig: Setting CVar [[r.ShadowQuality:5]]
[2026.04.26-18.40.13:293][  0]LogConfig: Setting CVar [[r.Shadow.CSM.MaxCascades:10]]
[2026.04.26-18.40.13:293][  0]LogConfig: Setting CVar [[r.Shadow.MaxResolution:2048]]
[2026.04.26-18.40.13:293][  0]LogConfig: Setting CVar [[r.Shadow.MaxCSMResolution:2048]]
[2026.04.26-18.40.13:293][  0]LogConfig: Setting CVar [[r.Shadow.RadiusThreshold:0.01]]
[2026.04.26-18.40.13:293][  0]LogConfig: Setting CVar [[r.Shadow.DistanceScale:1.0]]
[2026.04.26-18.40.13:293][  0]LogConfig: Setting CVar [[r.Shadow.CSM.TransitionScale:1.0]]
[2026.04.26-18.40.13:293][  0]LogConfig: Setting CVar [[r.Shadow.PreShadowResolutionFactor:1.0]]
[2026.04.26-18.40.13:293][  0]LogConfig: Setting CVar [[r.DistanceFieldShadowing:1]]
[2026.04.26-18.40.13:293][  0]LogConfig: Setting CVar [[r.DistanceFieldAO:1]]
[2026.04.26-18.40.13:293][  0]LogConfig: Setting CVar [[r.AOQuality:2]]
[2026.04.26-18.40.13:293][  0]LogConfig: Setting CVar [[r.VolumetricFog:1]]
[2026.04.26-18.40.13:293][  0]LogConfig: Setting CVar [[r.VolumetricFog.GridPixelSize:8]]
[2026.04.26-18.40.13:293][  0]LogConfig: Setting CVar [[r.VolumetricFog.GridSizeZ:128]]
[2026.04.26-18.40.13:293][  0]LogConfig: Setting CVar [[r.VolumetricFog.HistoryMissSupersampleCount:4]]
[2026.04.26-18.40.13:293][  0]LogConfig: Setting CVar [[r.LightMaxDrawDistanceScale:1]]
[2026.04.26-18.40.13:293][  0]LogConfig: Setting CVar [[r.CapsuleShadows:1]]
[2026.04.26-18.40.13:293][  0]LogConfig: Applying CVar settings from Section [PostProcessQuality@3] File [C:/LastStep/PROJECT-LAST-STEP/Playtime_Multiplayer/Saved/Config/Windows/Scalability.ini]
[2026.04.26-18.40.13:293][  0]LogConfig: Setting CVar [[r.MotionBlurQuality:4]]
[2026.04.26-18.40.13:293][  0]LogConfig: Setting CVar [[r.AmbientOcclusionMipLevelFactor:0.4]]
[2026.04.26-18.40.13:293][  0]LogConfig: Setting CVar [[r.AmbientOcclusionMaxQuality:100]]
[2026.04.26-18.40.13:294][  0]LogConfig: Setting CVar [[r.AmbientOcclusionLevels:-1]]
[2026.04.26-18.40.13:294][  0]LogConfig: Setting CVar [[r.AmbientOcclusionRadiusScale:1.0]]
[2026.04.26-18.40.13:294][  0]LogConfig: Setting CVar [[r.DepthOfFieldQuality:2]]
[2026.04.26-18.40.13:294][  0]LogConfig: Setting CVar [[r.RenderTargetPoolMin:400]]
[2026.04.26-18.40.13:294][  0]LogConfig: Setting CVar [[r.LensFlareQuality:2]]
[2026.04.26-18.40.13:294][  0]LogConfig: Setting CVar [[r.SceneColorFringeQuality:1]]
[2026.04.26-18.40.13:294][  0]LogConfig: Setting CVar [[r.EyeAdaptationQuality:2]]
[2026.04.26-18.40.13:294][  0]LogConfig: Setting CVar [[r.BloomQuality:5]]
[2026.04.26-18.40.13:294][  0]LogConfig: Setting CVar [[r.FastBlurThreshold:100]]
[2026.04.26-18.40.13:294][  0]LogConfig: Setting CVar [[r.Upscale.Quality:3]]
[2026.04.26-18.40.13:294][  0]LogConfig: Setting CVar [[r.Tonemapper.GrainQuantization:1]]
[2026.04.26-18.40.13:294][  0]LogConfig: Setting CVar [[r.LightShaftQuality:1]]
[2026.04.26-18.40.13:294][  0]LogConfig: Setting CVar [[r.Filter.SizeScale:1]]
[2026.04.26-18.40.13:294][  0]LogConfig: Setting CVar [[r.Tonemapper.Quality:5]]
[2026.04.26-18.40.13:294][  0]LogConfig: Setting CVar [[r.DOF.Gather.AccumulatorQuality:1        ; higher gathering accumulator quality]]
[2026.04.26-18.40.13:294][  0]LogConfig: Setting CVar [[r.DOF.Gather.PostfilterMethod:1          ; Median3x3 postfilering method]]
[2026.04.26-18.40.13:294][  0]LogConfig: Setting CVar [[r.DOF.Gather.EnableBokehSettings:0       ; no bokeh simulation when gathering]]
[2026.04.26-18.40.13:294][  0]LogConfig: Setting CVar [[r.DOF.Gather.RingCount:4                 ; medium number of samples when gathering]]
[2026.04.26-18.40.13:294][  0]LogConfig: Setting CVar [[r.DOF.Scatter.ForegroundCompositing:1    ; additive foreground scattering]]
[2026.04.26-18.40.13:294][  0]LogConfig: Setting CVar [[r.DOF.Scatter.BackgroundCompositing:2    ; additive background scattering]]
[2026.04.26-18.40.13:294][  0]LogConfig: Setting CVar [[r.DOF.Scatter.EnableBokehSettings:1      ; bokeh simulation when scattering]]
[2026.04.26-18.40.13:294][  0]LogConfig: Setting CVar [[r.DOF.Scatter.MaxSpriteRatio:0.1         ; only a maximum of 10% of scattered bokeh]]
[2026.04.26-18.40.13:294][  0]LogConfig: Setting CVar [[r.DOF.Recombine.Quality:1                ; cheap slight out of focus]]
[2026.04.26-18.40.13:294][  0]LogConfig: Setting CVar [[r.DOF.Recombine.EnableBokehSettings:0    ; no bokeh simulation on slight out of focus]]
[2026.04.26-18.40.13:294][  0]LogConfig: Setting CVar [[r.DOF.TemporalAAQuality:1                ; more stable temporal accumulation]]
[2026.04.26-18.40.13:294][  0]LogConfig: Setting CVar [[r.DOF.Kernel.MaxForegroundRadius:0.025]]
[2026.04.26-18.40.13:294][  0]LogConfig: Setting CVar [[r.DOF.Kernel.MaxBackgroundRadius:0.025]]
[2026.04.26-18.40.13:294][  0]LogConfig: Applying CVar settings from Section [TextureQuality@3] File [C:/LastStep/PROJECT-LAST-STEP/Playtime_Multiplayer/Saved/Config/Windows/Scalability.ini]
[2026.04.26-18.40.13:294][  0]LogConfig: Setting CVar [[r.Streaming.MipBias:0]]
[2026.04.26-18.40.13:294][  0]LogConfig: Setting CVar [[r.Streaming.AmortizeCPUToGPUCopy:0]]
[2026.04.26-18.40.13:294][  0]LogConfig: Setting CVar [[r.Streaming.MaxNumTexturesToStreamPerFrame:0]]
[2026.04.26-18.40.13:294][  0]LogConfig: Setting CVar [[r.Streaming.Boost:1]]
[2026.04.26-18.40.13:295][  0]LogConfig: Setting CVar [[r.MaxAnisotropy:8]]
[2026.04.26-18.40.13:295][  0]LogConfig: Setting CVar [[r.VT.MaxAnisotropy:8]]
[2026.04.26-18.40.13:295][  0]LogConfig: Setting CVar [[r.Streaming.LimitPoolSizeToVRAM:0]]
[2026.04.26-18.40.13:295][  0]LogConfig: Setting CVar [[r.Streaming.PoolSize:1000]]
[2026.04.26-18.40.13:295][  0]LogConfig: Setting CVar [[r.Streaming.MaxEffectiveScreenSize:0]]
[2026.04.26-18.40.13:296][  0]LogConfig: Applying CVar settings from Section [EffectsQuality@3] File [C:/LastStep/PROJECT-LAST-STEP/Playtime_Multiplayer/Saved/Config/Windows/Scalability.ini]
[2026.04.26-18.40.13:296][  0]LogConfig: Setting CVar [[r.TranslucencyLightingVolumeDim:64]]
[2026.04.26-18.40.13:296][  0]LogConfig: Setting CVar [[r.RefractionQuality:2]]
[2026.04.26-18.40.13:296][  0]LogConfig: Setting CVar [[r.SSR.Quality:3]]
[2026.04.26-18.40.13:296][  0]LogConfig: Setting CVar [[r.SSR.HalfResSceneColor:0]]
[2026.04.26-18.40.13:296][  0]LogConfig: Setting CVar [[r.SceneColorFormat:4]]
[2026.04.26-18.40.13:296][  0]LogConfig: Setting CVar [[r.DetailMode:2]]
[2026.04.26-18.40.13:296][  0]LogConfig: Setting CVar [[r.TranslucencyVolumeBlur:1]]
[2026.04.26-18.40.13:296][  0]LogConfig: Setting CVar [[r.MaterialQualityLevel:1 ; High quality]]
[2026.04.26-18.40.13:296][  0]LogConfig: Setting CVar [[r.AnisotropicMaterials:1]]
[2026.04.26-18.40.13:296][  0]LogConfig: Setting CVar [[r.SSS.Scale:1]]
[2026.04.26-18.40.13:296][  0]LogConfig: Setting CVar [[r.SSS.SampleSet:2]]
[2026.04.26-18.40.13:296][  0]LogConfig: Setting CVar [[r.SSS.Quality:1]]
[2026.04.26-18.40.13:296][  0]LogConfig: Setting CVar [[r.SSS.HalfRes:0]]
[2026.04.26-18.40.13:296][  0]LogConfig: Setting CVar [[r.SSGI.Quality:3]]
[2026.04.26-18.40.13:296][  0]LogConfig: Setting CVar [[r.EmitterSpawnRateScale:1.0]]
[2026.04.26-18.40.13:296][  0]LogConfig: Setting CVar [[r.ParticleLightQuality:2]]
[2026.04.26-18.40.13:296][  0]LogConfig: Setting CVar [[r.SkyAtmosphere.AerialPerspectiveLUT.FastApplyOnOpaque:1 ; Always have FastSkyLUT 1 in this case to avoid wrong sky]]
[2026.04.26-18.40.13:296][  0]LogConfig: Setting CVar [[r.SkyAtmosphere.AerialPerspectiveLUT.SampleCountMaxPerSlice:4]]
[2026.04.26-18.40.13:296][  0]LogConfig: Setting CVar [[r.SkyAtmosphere.AerialPerspectiveLUT.DepthResolution:16.0]]
[2026.04.26-18.40.13:297][  0]LogConfig: Setting CVar [[r.SkyAtmosphere.FastSkyLUT:1]]
[2026.04.26-18.40.13:297][  0]LogConfig: Setting CVar [[r.SkyAtmosphere.FastSkyLUT.SampleCountMin:4.0]]
[2026.04.26-18.40.13:297][  0]LogConfig: Setting CVar [[r.SkyAtmosphere.FastSkyLUT.SampleCountMax:128.0]]
[2026.04.26-18.40.13:297][  0]LogConfig: Setting CVar [[r.SkyAtmosphere.SampleCountMin:4.0]]
[2026.04.26-18.40.13:297][  0]LogConfig: Setting CVar [[r.SkyAtmosphere.SampleCountMax:128.0]]
[2026.04.26-18.40.13:297][  0]LogConfig: Setting CVar [[r.SkyAtmosphere.TransmittanceLUT.UseSmallFormat:0]]
[2026.04.26-18.40.13:297][  0]LogConfig: Setting CVar [[r.SkyAtmosphere.TransmittanceLUT.SampleCount:10.0]]
[2026.04.26-18.40.13:297][  0]LogConfig: Setting CVar [[r.SkyAtmosphere.MultiScatteringLUT.SampleCount:15.0]]
[2026.04.26-18.40.13:297][  0]LogConfig: Setting CVar [[r.SkyLight.RealTimeReflectionCapture:1]]
[2026.04.26-18.40.13:297][  0]LogConfig: Applying CVar settings from Section [FoliageQuality@3] File [C:/LastStep/PROJECT-LAST-STEP/Playtime_Multiplayer/Saved/Config/Windows/Scalability.ini]
[2026.04.26-18.40.13:297][  0]LogConfig: Setting CVar [[foliage.DensityScale:1.0]]
[2026.04.26-18.40.13:297][  0]LogConfig: Setting CVar [[grass.DensityScale:1.0]]
[2026.04.26-18.40.13:297][  0]LogConfig: Applying CVar settings from Section [ShadingQuality@3] File [C:/LastStep/PROJECT-LAST-STEP/Playtime_Multiplayer/Saved/Config/Windows/Scalability.ini]
[2026.04.26-18.40.13:297][  0]LogConfig: Setting CVar [[r.HairStrands.SkyLighting.IntegrationType:2]]
[2026.04.26-18.40.13:298][  0]LogConfig: Setting CVar [[r.HairStrands.SkyAO.SampleCount:4]]
[2026.04.26-18.40.13:298][  0]LogConfig: Setting CVar [[r.HairStrands.Visibility.MSAA.SamplePerPixel:4]]
[2026.04.26-18.40.13:298][  0]LogConfig: Applying CVar settings from Section [Startup] File [../../../Engine/Config/ConsoleVariables.ini]
[2026.04.26-18.40.13:301][  0]LogConfig: Setting CVar [[net.UseAdaptiveNetUpdateFrequency:0]]
[2026.04.26-18.40.13:301][  0]LogConfig: Setting CVar [[p.chaos.AllowCreatePhysxBodies:1]]
[2026.04.26-18.40.13:301][  0]LogConfig: Setting CVar [[fx.SkipVectorVMBackendOptimizations:1]]
[2026.04.26-18.40.13:301][  0]LogConfig: Applying CVar settings from Section [ConsoleVariables] File [C:/LastStep/PROJECT-LAST-STEP/Playtime_Multiplayer/Saved/Config/Windows/Engine.ini]
[2026.04.26-18.40.13:301][  0]LogConfig: Applying CVar settings from Section [ConsoleVariables] File [C:/LastStep/PROJECT-LAST-STEP/Playtime_Multiplayer/Saved/Config/Windows/Editor.ini]
[2026.04.26-18.40.13:307][  0]LogInit: Computer: SIBIDI
[2026.04.26-18.40.13:308][  0]LogInit: User: Xdox2
[2026.04.26-18.40.13:308][  0]LogInit: CPU Page size=4096, Cores=2
[2026.04.26-18.40.13:308][  0]LogInit: High frequency timer resolution =10.000000 MHz
[2026.04.26-18.40.13:308][  0]LogMemory: Memory total: Physical=5.9GB (6GB approx)
[2026.04.26-18.40.13:309][  0]LogMemory: Platform Memory Stats for Windows
[2026.04.26-18.40.13:309][  0]LogMemory: Process Physical Memory: 173.73 MB used, 177.71 MB peak
[2026.04.26-18.40.13:309][  0]LogMemory: Process Virtual Memory: 129.75 MB used, 129.75 MB peak
[2026.04.26-18.40.13:309][  0]LogMemory: Physical Memory: 5841.82 MB used,  221.86 MB free, 6063.68 MB total
[2026.04.26-18.40.13:309][  0]LogMemory: Virtual Memory: 134213056.00 MB used,  4668.27 MB free, 134217728.00 MB total
[2026.04.26-18.40.13:398][  0]LogWindows: WindowsPlatformFeatures enabled
[2026.04.26-18.40.14:674][  0]LogInit: Physics initialised using underlying interface: PhysX
[2026.04.26-18.40.14:676][  0]LogInit: Using OS detected language (ru-RU).
[2026.04.26-18.40.14:676][  0]LogInit: Using OS detected locale (ru-RU).
[2026.04.26-18.40.14:739][  0]LogTextLocalizationManager: No specific localization for 'ru-RU' exists, so the 'ru' localization will be used.
[2026.04.26-18.40.14:764][  0]LogTextLocalizationResource: LocRes '../../../Engine/Content/Localization/Editor/ru/Editor.locres' could not be opened for reading!
[2026.04.26-18.40.14:764][  0]LogTextLocalizationResource: LocRes '../../../Engine/Content/Localization/EditorTutorials/ru/EditorTutorials.locres' could not be opened for reading!
[2026.04.26-18.40.14:764][  0]LogTextLocalizationResource: LocRes '../../../Engine/Content/Localization/Keywords/ru/Keywords.locres' could not be opened for reading!
[2026.04.26-18.40.14:765][  0]LogTextLocalizationResource: LocRes '../../../Engine/Content/Localization/Category/ru/Category.locres' could not be opened for reading!
[2026.04.26-18.40.14:766][  0]LogTextLocalizationResource: LocRes '../../../Engine/Content/Localization/ToolTips/ru/ToolTips.locres' could not be opened for reading!
[2026.04.26-18.40.14:767][  0]LogTextLocalizationResource: LocRes '../../../Engine/Content/Localization/PropertyNames/ru/PropertyNames.locres' could not be opened for reading!
[2026.04.26-18.40.14:767][  0]LogTextLocalizationResource: LocRes '../../../Engine/Content/Localization/Engine/ru/Engine.locres' could not be opened for reading!
[2026.04.26-18.40.14:920][  0]LogWindowsTextInputMethodSystem: Display: IME system deactivated.
[2026.04.26-18.40.15:108][  0]LogSlate: New Slate User Created.  User Index 0, Is Virtual User: 0
[2026.04.26-18.40.15:108][  0]LogSlate: Slate User Registered.  User Index 0, Is Virtual User: 0
[2026.04.26-18.40.15:174][  0]LogD3D11RHI: Loaded GFSDK_Aftermath_Lib.x64.dll
[2026.04.26-18.40.15:188][  0]LogHMD: Failed to initialize OpenVR with code 110
[2026.04.26-18.40.15:188][  0]LogD3D11RHI: D3D11 min allowed feature level: 11_0
[2026.04.26-18.40.15:188][  0]LogD3D11RHI: D3D11 max allowed feature level: 11_0
[2026.04.26-18.40.15:188][  0]LogD3D11RHI: D3D11 adapters:
[2026.04.26-18.40.15:650][  0]LogD3D11RHI:    0. 'AMD Radeon(TM) Graphics' (Feature Level 11_0)
[2026.04.26-18.40.15:651][  0]LogD3D11RHI:       2033/0/3031 MB DedicatedVideo/DedicatedSystem/SharedSystem, Outputs:1, VendorId:0x1002
[2026.04.26-18.40.15:706][  0]LogD3D11RHI:    1. 'Microsoft Basic Render Driver' (Feature Level 11_0)
[2026.04.26-18.40.15:706][  0]LogD3D11RHI:       0/0/3031 MB DedicatedVideo/DedicatedSystem/SharedSystem, Outputs:0, VendorId:0x1414
[2026.04.26-18.40.15:706][  0]LogD3D11RHI: Chosen D3D11 Adapter:
[2026.04.26-18.40.15:706][  0]LogD3D11RHI:     Description : AMD Radeon(TM) Graphics
[2026.04.26-18.40.15:706][  0]LogD3D11RHI:     VendorId    : 1002
[2026.04.26-18.40.15:706][  0]LogD3D11RHI:     DeviceId    : 15d8
[2026.04.26-18.40.15:706][  0]LogD3D11RHI:     SubSysId    : 8706103c
[2026.04.26-18.40.15:706][  0]LogD3D11RHI:     Revision    : 00c4
[2026.04.26-18.40.15:706][  0]LogD3D11RHI:     DedicatedVideoMemory : 2132467712 bytes
[2026.04.26-18.40.15:707][  0]LogD3D11RHI:     DedicatedSystemMemory : 0 bytes
[2026.04.26-18.40.15:707][  0]LogD3D11RHI:     SharedSystemMemory : 3179114496 bytes
[2026.04.26-18.40.15:707][  0]LogD3D11RHI:     AdapterLuid : 0 69907
[2026.04.26-18.40.15:728][  0]LogD3D11RHI: Creating new Direct3DDevice
[2026.04.26-18.40.15:728][  0]LogD3D11RHI:     GPU DeviceId: 0x15d8 (for the marketing name, search the web for "GPU Device Id")
[2026.04.26-18.40.15:728][  0]LogWindows: EnumDisplayDevices:
[2026.04.26-18.40.15:728][  0]LogWindows:    0. 'AMD Radeon(TM) Graphics' (P:1 D:1)
[2026.04.26-18.40.15:730][  0]LogWindows:    1. 'AMD Radeon(TM) Graphics' (P:0 D:0)
[2026.04.26-18.40.15:737][  0]LogWindows:    2. 'AMD Radeon(TM) Graphics' (P:0 D:0)
[2026.04.26-18.40.15:738][  0]LogWindows: DebugString: FoundDriverCount:3 
[2026.04.26-18.40.15:738][  0]LogD3D11RHI:     Adapter Name: AMD Radeon(TM) Graphics
[2026.04.26-18.40.15:738][  0]LogD3D11RHI:   Driver Version: AMD Software: Adrenalin Edition 25.8.1 (internal:31.0.21923.11000, unified:31.0.21923.11000)
[2026.04.26-18.40.15:738][  0]LogD3D11RHI:      Driver Date: 7-1-2025
[2026.04.26-18.40.15:738][  0]LogRHI: Texture pool is 3191 MB (70% of 4558 MB)
[2026.04.26-18.40.16:994][  0]LogD3D11RHI: Creating D3DDevice with AMD AGS, using adapter:
[2026.04.26-18.40.16:994][  0]LogD3D11RHI:     Description : AMD Radeon(TM) Graphics
[2026.04.26-18.40.16:994][  0]LogD3D11RHI:     VendorId    : 1002
[2026.04.26-18.40.16:994][  0]LogD3D11RHI:     DeviceId    : 15d8
[2026.04.26-18.40.16:994][  0]LogD3D11RHI:     SubSysId    : 8706103c
[2026.04.26-18.40.16:994][  0]LogD3D11RHI:     Revision    : 00c4
[2026.04.26-18.40.16:994][  0]LogD3D11RHI:     DedicatedVideoMemory : 2132467712 bytes
[2026.04.26-18.40.16:994][  0]LogD3D11RHI:     DedicatedSystemMemory : 0 bytes
[2026.04.26-18.40.16:994][  0]LogD3D11RHI:     SharedSystemMemory : 3179114496 bytes
[2026.04.26-18.40.16:994][  0]LogD3D11RHI:     AdapterLuid : 0 69907
[2026.04.26-18.40.17:569][  0]LogD3D11RHI: Created device via AGS, feature level 11_0, supported extensions 1fffffbf.
[2026.04.26-18.40.17:569][  0]LogD3D11RHI: RHI has support for 64 bit atomics
[2026.04.26-18.40.17:569][  0]LogD3D11RHI: Async texture creation enabled
[2026.04.26-18.40.17:569][  0]LogD3D11RHI: Array index from any shader is supported
[2026.04.26-18.40.17:693][  0]LogD3D11RHI: GPU Timing Frequency: 25.000000 (Debug: 2 1)
[2026.04.26-18.40.23:657][  0]LogTargetPlatformManager: Display: Loaded TargetPlatform 'WindowsNoEditor'
[2026.04.26-18.40.23:677][  0]LogTargetPlatformManager: Display: Loaded TargetPlatform 'Windows'
[2026.04.26-18.40.23:700][  0]LogTargetPlatformManager: Display: Loaded TargetPlatform 'WindowsClient'
[2026.04.26-18.40.23:720][  0]LogTargetPlatformManager: Display: Loaded TargetPlatform 'WindowsServer'
[2026.04.26-18.40.23:720][  0]LogTargetPlatformManager: Display: Building Assets For Windows
[2026.04.26-18.40.23:789][  0]LogAudioDebug: Display: Lib vorbis DLL was dynamically loaded.
[2026.04.26-18.40.23:978][  0]LogTextureFormatOodle: Display: Oodle Texture 2.9.0 init RDO Off
[2026.04.26-18.40.24:259][  0]LogRendererCore: Ray tracing is disabled. Reason: r.RayTracing=0.
[2026.04.26-18.40.24:261][  0]LogShaderLibrary: Display: Running without a pakfile and did not find a monolithic library 'Global' - attempting disk search for its chunks
[2026.04.26-18.40.24:261][  0]LogShaderLibrary: Display:    ....  not found
[2026.04.26-18.40.24:268][  0]LogShaderCompilers: Guid format shader working directory is -19 characters bigger than the processId version (../../../../../../LastStep/PROJECT-LAST-STEP/Playtime_Multiplayer/Intermediate/Shaders/WorkingDirectory/9380/).
[2026.04.26-18.40.24:268][  0]LogShaderCompilers: Cleaned the shader compiler working directory 'C:/Users/Xdox2/AppData/Local/Temp/UnrealShaderWorkingDir/C9FCEED446C07B38203775AA7D1AFBCA/'.
[2026.04.26-18.40.24:270][  0]LogXGEController: Cannot use XGE Controller as Incredibuild is not installed on this machine.
[2026.04.26-18.40.24:271][  0]LogShaderCompilers: Cannot use XGE Shader Compiler as Incredibuild is not installed on this machine.
[2026.04.26-18.40.24:271][  0]LogShaderCompilers: Display: Using Local Shader Compiler.
[2026.04.26-18.40.27:628][  0]LogDerivedDataCache: Display: Max Cache Size: 512 MB
[2026.04.26-18.40.28:322][  0]LogDerivedDataCache: Loaded boot cache 0.68s 94MB C:/Users/Xdox2/AppData/Local/UnrealEngine/4.27/DerivedDataCache/Boot.ddc.
[2026.04.26-18.40.28:326][  0]LogDerivedDataCache: Display: Loaded Boot cache: C:/Users/Xdox2/AppData/Local/UnrealEngine/4.27/DerivedDataCache/Boot.ddc
[2026.04.26-18.40.28:326][  0]LogDerivedDataCache: FDerivedDataBackendGraph:  Pak pak cache file ../../../../../../LastStep/PROJECT-LAST-STEP/Playtime_Multiplayer/DerivedDataCache/DDC.ddp not found, will not use a pak cache.
[2026.04.26-18.40.28:326][  0]LogDerivedDataCache: Unable to find inner node Pak for hierarchical cache Hierarchy.
[2026.04.26-18.40.28:326][  0]LogDerivedDataCache: FDerivedDataBackendGraph:  CompressedPak pak cache file ../../../../../../LastStep/PROJECT-LAST-STEP/Playtime_Multiplayer/DerivedDataCache/Compressed.ddp not found, will not use a pak cache.
[2026.04.26-18.40.28:326][  0]LogDerivedDataCache: Unable to find inner node CompressedPak for hierarchical cache Hierarchy.
[2026.04.26-18.40.28:399][  0]LogDerivedDataCache: Display: Pak cache opened for reading ../../../Engine/DerivedDataCache/Compressed.ddp.
[2026.04.26-18.40.28:399][  0]LogDerivedDataCache: FDerivedDataBackendGraph:  EnterprisePak pak cache file ../../../Enterprise/DerivedDataCache/Compressed.ddp not found, will not use a pak cache.
[2026.04.26-18.40.28:399][  0]LogDerivedDataCache: Unable to find inner node EnterprisePak for hierarchical cache Hierarchy.
[2026.04.26-18.40.28:488][  0]LogDerivedDataCache: Speed tests for C:/Users/Xdox2/AppData/Local/UnrealEngine/Common/DerivedDataCache took 0.09 seconds
[2026.04.26-18.40.28:488][  0]LogDerivedDataCache: Display: Performance to C:/Users/Xdox2/AppData/Local/UnrealEngine/Common/DerivedDataCache: Latency=0.36ms. RandomReadSpeed=50.54MBs, RandomWriteSpeed=14.33MBs. Assigned SpeedClass 'Local'
[2026.04.26-18.40.28:507][  0]LogDerivedDataCache: Using Local data cache path C:/Users/Xdox2/AppData/Local/UnrealEngine/Common/DerivedDataCache: Writable
[2026.04.26-18.40.28:507][  0]LogDerivedDataCache: Shared data cache path not found in *engine.ini, will not use an Shared cache.
[2026.04.26-18.40.28:507][  0]LogDerivedDataCache: Unable to find inner node Shared for hierarchical cache Hierarchy.
[2026.04.26-18.40.28:645][  0]LogSlate: Using FreeType 2.10.0
[2026.04.26-18.40.28:651][  0]LogSlate: SlateFontServices - WITH_FREETYPE: 1, WITH_HARFBUZZ: 1
[2026.04.26-18.40.29:361][  0]LogInit: Using OS detected language (ru-RU).
[2026.04.26-18.40.29:361][  0]LogInit: Using OS detected locale (ru-RU).
[2026.04.26-18.40.29:362][  0]LogTextLocalizationManager: No localization for 'ru-RU' exists, so 'en' will be used for the language.
[2026.04.26-18.40.29:362][  0]LogTextLocalizationManager: No localization for 'ru-RU' exists, so 'en' will be used for the locale.
[2026.04.26-18.40.29:362][  0]LogSlate: FontCache flush requested. Reason: Culture for localization was changed
[2026.04.26-18.40.29:362][  0]LogSlate: FontCache flush requested. Reason: Culture for localization was changed
[2026.04.26-18.40.29:378][  0]LogAssetRegistry: FAssetRegistry took 0.0050 seconds to start up
[2026.04.26-18.40.30:809][  0]LogTextLocalizationManager: Compacting localization data took   0.01ms
[2026.04.26-18.40.30:809][  0]LogPackageLocalizationCache: Processed 27 localized package path(s) for 1 prioritized culture(s) in 0.018800 seconds
[2026.04.26-18.40.31:321][  0]LogInit: Selected Device Profile: [Windows]
[2026.04.26-18.40.31:324][  0]LogInit: Active device profile: [000002A674C2B600][000002A66D4F9500 49] Windows
[2026.04.26-18.40.31:325][  0]LogInit: Profiles: [000002A674C2B600][000002A66D4F9500 49] Windows, [000002A674BE0B00][000002A66D505680 49] WindowsNoEditor, [000002A674C28B00][000002A66D509800 49] WindowsServer, [000002A674BE2B00][000002A675427980 49] WindowsClient, [000002A674C2AA00][000002A66D40DAC0 49] IOS, [000002A674BE3100][000002A67542BC00 49] iPadAir, [000002A674C2B000][000002A67542E1C0 49] iPadAir2, [000002A674B87500][000002A67543A440 49] IPadPro, [000002A674B87600][000002A675432480 49] iPadAir3, [000002A674C28F00][000002A67543E600 49] iPadAir4, [000002A674B85000][000002A675442780 49] iPadMini2, [000002A674C2B900][000002A675446900 49] iPadMini3, [000002A674B84600][000002A67544AA80 49] iPadMini4, [000002A674C28A00][000002A67544EC00 49] iPadMini5, [000002A674BB6600][000002A675456EC0 49] iPhone6, [000002A674BB6700][000002A675452F00 49] iPodTouch6, [000002A674B85400][000002A67545F1C0 49] iPhone7, [000002A674B85700][000002A67545B200 49] iPodTouch7, [000002A674BB4F00][000002A675463380 49] iPhone5S, [000002A674B87A00][000002A675467500 49] iPhone6Plus, [000002A674BB4600][000002A67546B680 49] iPhone6S, [000002A674B86800][000002A67546F800 49] iPhone6SPlus, [000002A674BB5400][000002A675473980 49] iPhone7Plus, [000002A674B84C00][000002A675477B00 49] iPhoneSE, [000002A674BB6200][000002A67547A100 49] iPhone8, [000002A674B86B00][000002A675436240 49] iPhone8Plus, [000002A674BB6A00][000002A67547E380 49] iPhoneX, [000002A674B86300][000002A6754824C0 49] iPhoneXS, [000002A674BB5700][000002A67548A640 49] iPhoneXSMax, [000002A674B86000][000002A67548E7C0 49] iPhoneXR, [000002A674BB4700][000002A675492940 49] iPhone11, [000002A674B87800][000002A675496AC0 49] iPhone11Pro, [000002A674BB7900][000002A67549AC40 49] iPhone11ProMax, [000002A674B86900][000002A67549EDC0 49] iPhoneSE2, [000002A674BB5100][000002A6754A2F40 49] iPhone12Mini, [000002A674B87000][000002A6754A70C0 49] iPhone12, [000002A674BB5600][000002A6754AB240 49] iPhone12Pro, [000002A674B85600][000002A6754AF3C0 49] iPhone12ProMax, [000002A674BB6400][000002A6754B3540 49] iPadPro105, [000002A674B86F00][000002A6754B76C0 49] iPadPro129, [000002A674BB4D00][000002A6754BB840 49] iPadPro97, [000002A674B84400][000002A6754BF9C0 49] iPadPro2_129, [000002A674BB5900][000002A6754C3B40 49] iPad5, [000002A674B84A00][000002A6754C6140 49] iPad6, [000002A674BB7200][000002A6754CA2C0 49] iPad7, [000002A674B85900][000002A675486400 49] iPad8, [000002A674BB7A00][000002A6754CE540 49] iPadPro11, [000002A674B87B00][000002A6754D2680 49] iPadPro2_11, [000002A674BB4E00][000002A6754D67C0 49] iPadPro3_129, [000002A674B85F00][000002A6754DE940 49] iPadPro4_129, [000002A674BB5C00][000002A6754E2AC0 49] AppleTV, [000002A674B87F00][000002A6754E6C40 49] AppleTV4K, [000002A674BE1000][000002A6754EADC0 49] TVOS, [000002A674CCD100][000002A6754EEF40 49] Mac, [000002A674BE1300][000002A6754F30C0 49] MacClient, [000002A674CCD000][000002A6754F7240 49] MacNoEditor, [000002A674BE2A00][000002A6754FB3C0 49] MacServer, [000002A674CCC600][000002A6754FF540 49] Linux, [000002A674BE3500][000002A6755036C0 49] LinuxAArch64, [000002A674CCC700][000002A675507840 49] LinuxNoEditor, [000002A674BE0D00][000002A67550B9C0 49] LinuxAArch64NoEditor, [000002A674CCC900][000002A67550FB40 49] LinuxClient, [000002A674BE2C00][000002A675512140 49] LinuxAArch64Client, [000002A674CCD600][000002A6755162C0 49] LinuxServer, [000002A674BE2600][000002A67551A440 49] LinuxAArch64Server, [000002A674CCE900][000002A6754DA580 49] Android, [000002A674BE1800][000002A67551E6C0 49] Android_Low, [000002A674CCCF00][000002A66D51E800 49] Android_Mid, [000002A674BE2000][000002A66D522940 49] Android_High, [000002A674CCDB00][000002A66D52AAC0 49] Android_Default, [000002A674BE0500][000002A66D52EC40 49] Android_Adreno4xx, [000002A674CCD400][000002A66D532DC0 49] Android_Adreno5xx_Low, [000002A674BE2400][000002A66D536F40 49] Android_Adreno5xx, [000002A674CCD700][000002A66D53B0C0 49] Android_Adreno6xx, [000002A674BE1900][000002A66D53F240 49] Android_Adreno6xx_Vulkan, [000002A674CCEA00][000002A66D5433C0 49] Android_Mali_T6xx, [000002A674B86C00][000002A66D547540 49] Android_Mali_T7xx, [000002A674CCED00][000002A66D54B6C0 49] Android_Mali_T8xx, [000002A674B84D00][000002A66D54F840 49] Android_Mali_G71, [000002A674CCE000][000002A66D5539C0 49] Android_Mali_G72, [000002A674B86D00][000002A66FE01B40 49] Android_Mali_G72_Vulkan, [000002A674CCC400][000002A66FE04140 49] Android_Mali_G76, [000002A674B85A00][000002A66FE082C0 49] Android_Mali_G76_Vulkan, [000002A674CCE300][000002A66FE0C440 49] Android_Mali_G77, [000002A674B86200][000002A66FE105C0 49] Android_Mali_G77_Vulkan, [000002A674CCE800][000002A66FE14740 49] Android_Mali_G78, [000002A674B84B00][000002A66D526880 49] Android_Mali_G78_Vulkan, [000002A674CCC500][000002A66FE189C0 49] Android_Mali_G710, [000002A674B84800][000002A66FE1CB00 49] Android_Mali_G710_Vulkan, [000002A674CCD900][000002A66FE24C80 49] Android_Vulkan_SM5, [000002A674B87900][000002A66FE28E00 49] Android_PowerVR_G6xxx, [000002A674CCDF00][000002A66FE2CF80 49] Android_PowerVR_GT7xxx, [000002A674B87700][000002A66FE31100 49] Android_PowerVR_GE8xxx, [000002A674CCEE00][000002A66FE35280 49] Android_PowerVR_GM9xxx, [000002A674B85C00][000002A66FE39400 49] Android_PowerVR_GM9xxx_Vulkan, [000002A674CCEF00][000002A66FE3D580 49] Android_TegraK1, [000002A674B85D00][000002A66FE41700 49] Android_Unknown_Vulkan, [000002A674CCDD00][000002A66FE45880 49] Lumin, [000002A674B85100][000002A66FE49A00 49] Lumin_Desktop, [000002A674BB7C00][000002A675523B80 49] HoloLens, 
[2026.04.26-18.40.31:900][  0]LogMeshReduction: Using QuadricMeshReduction for automatic static mesh reduction
[2026.04.26-18.40.31:900][  0]LogMeshReduction: Using SimplygonMeshReduction for automatic skeletal mesh reduction
[2026.04.26-18.40.31:900][  0]LogMeshReduction: Using ProxyLODMeshReduction for automatic mesh merging
[2026.04.26-18.40.31:900][  0]LogMeshReduction: No distributed automatic mesh merging module available
[2026.04.26-18.40.31:906][  0]LogMeshMerging: No distributed automatic mesh merging module available
[2026.04.26-18.40.32:397][  0]LogNetVersion: Playtime_Multiplayer 1.0.0, NetCL: 17155196, EngineNetVer: 17, GameNetVer: 0 (Checksum: 2025055209)
[2026.04.26-18.40.34:794][  0]LogTexture: Default maximum texture size for cubemaps generated from long-lat sources has been changed from 512 to unlimited. In order to preserve old behaiour for '/Engine/MapTemplates/Sky/DaylightAmbientCubemap.DaylightAmbientCubemap', its maximum texture size has been explicitly set to 512.
[2026.04.26-18.40.35:069][  0]LogHMD: PokeAHoleMaterial loaded successfully
[2026.04.26-18.40.35:841][  0]LogMoviePlayer: Initializing movie player
[2026.04.26-18.40.36:301][  0]LogPython: Using Python 3.7.7
[2026.04.26-18.40.38:669][  0]LogNiagaraDebuggerClient: Niagara Debugger Client Initialized | Session: 222830174487DB7452443EA104CA5786 | Instance: 863DA82C4E0BCA8F453659B708BA1EE7 (SIBIDI-9380).
[2026.04.26-18.40.38:869][  0]LogCollectionManager: Loaded 0 collections in 0.007098 seconds
[2026.04.26-18.40.38:884][  0]LogFileCache: Scanning file cache for directory 'C:/LastStep/PROJECT-LAST-STEP/Playtime_Multiplayer/Saved/Collections/' took 0.00s
[2026.04.26-18.40.38:884][  0]LogFileCache: Scanning file cache for directory 'C:/LastStep/PROJECT-LAST-STEP/Playtime_Multiplayer/Content/Developers/Xdox2/Collections/' took 0.00s
[2026.04.26-18.40.38:885][  0]LogCollectionManager: Fixed up redirectors for 0 collections in 0.000003 seconds (updated 0 objects)
[2026.04.26-18.40.39:114][  0]LogFileCache: Scanning file cache for directory 'C:/LastStep/PROJECT-LAST-STEP/Playtime_Multiplayer/Content/Collections/' took 0.00s
[2026.04.26-18.40.39:114][  0]LogTcpMessaging: Initializing TcpMessaging bridge
[2026.04.26-18.40.39:634][  0]LogUdpMessaging: Initializing bridge on interface 0.0.0.0:0 to multicast group 230.0.0.1:6666.
[2026.04.26-18.40.40:101][  0]LogVaRest: FVaRestModule::StartupModule(28): VaRest (1.1.33) module started
[2026.04.26-18.40.40:157][  0]LogPython: Warning: 'EBoxySoundSet' and 'BoxySoundSet' have the same name (BoxySoundSet) when exposed to Python. Rename one of them using 'ScriptName' meta-data.
[2026.04.26-18.40.40:161][  0]LogPython: Warning: 'EMommySoundSet' and 'MommySoundSet' have the same name (MommySoundSet) when exposed to Python. Rename one of them using 'ScriptName' meta-data.
[2026.04.26-18.40.40:663][  0]SourceControl: Source control is disabled
[2026.04.26-18.40.40:664][  0]SourceControl: Source control is disabled
[2026.04.26-18.40.40:855][  0]SourceControl: Source control is disabled
[2026.04.26-18.40.40:880][  0]LogUProjectInfo: Found projects:
[2026.04.26-18.40.41:009][  0]LogOpenImageDenoise: OIDN starting up
[2026.04.26-18.40.41:205][  0]LogAndroidPermission: UAndroidPermissionCallbackProxy::GetInstance
[2026.04.26-18.40.41:302][  0]LogAudioCaptureCore: Display: No Audio Capture implementations found. Audio input will be silent.
[2026.04.26-18.40.41:302][  0]LogAudioCaptureCore: Display: No Audio Capture implementations found. Audio input will be silent.
[2026.04.26-18.40.41:643][  0]LogOcInput: OculusInput pre-init called
[2026.04.26-18.40.41:688][  0]LogUObjectArray: 22631 objects as part of root set at end of initial load.
[2026.04.26-18.40.41:688][  0]LogUObjectAllocator: 6112856 out of 0 bytes used by permanent object pool.
[2026.04.26-18.40.41:688][  0]LogUObjectArray: CloseDisregardForGC: 0/0 objects in disregard for GC pool
[2026.04.26-18.40.42:076][  0]LogClass: Display: BoolProperty FBPSteamGroupOfficer::bIsOwner is not initialized properly. Module:AdvancedSteamSessions File:Classes/SteamRequestGroupOfficersCallbackProxy.h
[2026.04.26-18.40.42:078][  0]LogClass: Display: IntProperty FBPSteamGroupInfo::numOnline is not initialized properly. Module:AdvancedSteamSessions File:Classes/AdvancedSteamFriendsLibrary.h
[2026.04.26-18.40.42:080][  0]LogClass: Display: IntProperty FBPSteamGroupInfo::numInGame is not initialized properly. Module:AdvancedSteamSessions File:Classes/AdvancedSteamFriendsLibrary.h
[2026.04.26-18.40.42:080][  0]LogClass: Display: IntProperty FBPSteamGroupInfo::numChatting is not initialized properly. Module:AdvancedSteamSessions File:Classes/AdvancedSteamFriendsLibrary.h
[2026.04.26-18.40.42:080][  0]LogClass: Warning: StructProperty FPlaytimeEvent::StartDate is not initialized properly even though its struct probably has a custom default constructor. Module:Playtime_Multiplayer File:PlaytimeEvent.h
[2026.04.26-18.40.42:080][  0]LogClass: Warning: StructProperty FPlaytimeEvent::EndDate is not initialized properly even though its struct probably has a custom default constructor. Module:Playtime_Multiplayer File:PlaytimeEvent.h
[2026.04.26-18.40.42:080][  0]LogClass: Warning: StructProperty FShoppyItemResponseSet::StartTime is not initialized properly even though its struct probably has a custom default constructor. Module:Playtime_Multiplayer File:ShoppyItemResponseSet.h
[2026.04.26-18.40.42:080][  0]LogClass: Warning: StructProperty FShoppyItemResponseSet::EndTime is not initialized properly even though its struct probably has a custom default constructor. Module:Playtime_Multiplayer File:ShoppyItemResponseSet.h
[2026.04.26-18.40.42:080][  0]LogClass: Warning: StructProperty FShoppySaleResponse::StartTime is not initialized properly even though its struct probably has a custom default constructor. Module:Playtime_Multiplayer File:ShoppySaleResponse.h
[2026.04.26-18.40.42:080][  0]LogClass: Warning: StructProperty FShoppySaleResponse::EndTime is not initialized properly even though its struct probably has a custom default constructor. Module:Playtime_Multiplayer File:ShoppySaleResponse.h
[2026.04.26-18.40.42:080][  0]LogClass: Warning: StructProperty FToyBoxResponse::StartTime is not initialized properly even though its struct probably has a custom default constructor. Module:Playtime_Multiplayer File:ToyBoxResponse.h
[2026.04.26-18.40.42:080][  0]LogClass: Warning: StructProperty FToyBoxResponse::EndTime is not initialized properly even though its struct probably has a custom default constructor. Module:Playtime_Multiplayer File:ToyBoxResponse.h
[2026.04.26-18.40.42:082][  0]LogClass: Display: EnumProperty FVaRest_NamedType::Type is not initialized properly. Module:VaRestEditor File:Public/VaRest_BreakJson.h
[2026.04.26-18.40.42:082][  0]LogClass: Display: BoolProperty FVaRest_NamedType::bIsArray is not initialized properly. Module:VaRestEditor File:Public/VaRest_BreakJson.h
[2026.04.26-18.40.42:082][  0]LogClass: Display: 14 Uninitialized script struct members found including 0 object properties
[2026.04.26-18.40.42:088][  0]LogAutomationTest: Warning: StructProperty FPlaytimeEvent::StartDate is not initialized properly even though its struct probably has a custom default constructor. Module:Playtime_Multiplayer File:PlaytimeEvent.h
[2026.04.26-18.40.42:088][  0]LogAutomationTest: Warning: StructProperty FPlaytimeEvent::EndDate is not initialized properly even though its struct probably has a custom default constructor. Module:Playtime_Multiplayer File:PlaytimeEvent.h
[2026.04.26-18.40.42:088][  0]LogAutomationTest: Warning: StructProperty FShoppyItemResponseSet::StartTime is not initialized properly even though its struct probably has a custom default constructor. Module:Playtime_Multiplayer File:ShoppyItemResponseSet.h
[2026.04.26-18.40.42:088][  0]LogAutomationTest: Warning: StructProperty FShoppyItemResponseSet::EndTime is not initialized properly even though its struct probably has a custom default constructor. Module:Playtime_Multiplayer File:ShoppyItemResponseSet.h
[2026.04.26-18.40.42:088][  0]LogAutomationTest: Warning: StructProperty FShoppySaleResponse::StartTime is not initialized properly even though its struct probably has a custom default constructor. Module:Playtime_Multiplayer File:ShoppySaleResponse.h
[2026.04.26-18.40.42:088][  0]LogAutomationTest: Warning: StructProperty FShoppySaleResponse::EndTime is not initialized properly even though its struct probably has a custom default constructor. Module:Playtime_Multiplayer File:ShoppySaleResponse.h
[2026.04.26-18.40.42:088][  0]LogAutomationTest: Warning: StructProperty FToyBoxResponse::StartTime is not initialized properly even though its struct probably has a custom default constructor. Module:Playtime_Multiplayer File:ToyBoxResponse.h
[2026.04.26-18.40.42:088][  0]LogAutomationTest: Warning: StructProperty FToyBoxResponse::EndTime is not initialized properly even though its struct probably has a custom default constructor. Module:Playtime_Multiplayer File:ToyBoxResponse.h
[2026.04.26-18.40.42:089][  0]LogEngine: Initializing Engine...
[2026.04.26-18.40.42:095][  0]LogVaRest: UVaRestSubsystem::Initialize(24): VaRest subsystem initialized
[2026.04.26-18.40.42:150][  0]LogHMD: Failed to enumerate extensions. Please check that you have a valid OpenXR runtime installed.
[2026.04.26-18.40.42:151][  0]LogHMD: Failed to initialize OpenVR with code 110
[2026.04.26-18.40.42:152][  0]LogMagicLeap: Warning: VR disabled because ZI is not enabled.  To enable, in the editor, Edit -> Project Settings -> Plugins -> Magic Leap Plugin -> Enable Zero Iteration
[2026.04.26-18.40.42:159][  0]LogStats: UGameplayTagsManager::InitializeManager -  0.003 s
[2026.04.26-18.40.42:671][  0]LogUObjectGlobals: Warning: Failed to load '/Game/PSHOWTIMEPHASE3/UI/UI_Utility/UI_Cursor': Can't find file.
[2026.04.26-18.40.42:671][  0]LogUObjectGlobals: Warning: Failed to load '/Game/PSHOWTIMEPHASE3/UI/UI_Utility/UI_Cursor': Can't find file.
[2026.04.26-18.40.42:671][  0]LogUObjectGlobals: Warning: Failed to find object 'Object /Game/PSHOWTIMEPHASE3/UI/UI_Utility/UI_Cursor.UI_Cursor_C'
[2026.04.26-18.40.42:671][  0]LogLoad: Warning: UUserInterfaceSettings::ForceLoadResources: Failed to load cursor resource 0.
[2026.04.26-18.40.42:672][  0]LogInit: Initializing FReadOnlyCVARCache
[2026.04.26-18.40.42:672][  0]LogAudio: Display: Initializing Audio Device Manager...
[2026.04.26-18.40.42:692][  0]LogAudio: Display: Loading Default Audio Settings Objects...
[2026.04.26-18.40.42:699][  0]LogAudio: Display: No default SoundConcurrencyObject specified (or failed to load).
[2026.04.26-18.40.42:714][  0]LogAudio: Display: Audio Device Manager Initialized
[2026.04.26-18.40.42:714][  0]LogAudio: Display: Creating Audio Device:                 Id: 1, Scope: Shared, Realtime: True
[2026.04.26-18.40.42:714][  0]LogAudioMixer: Display: Audio Mixer Platform Settings:
[2026.04.26-18.40.42:714][  0]LogAudioMixer: Display: 	Sample Rate:						  48000
[2026.04.26-18.40.42:714][  0]LogAudioMixer: Display: 	Callback Buffer Frame Size Requested: 512
[2026.04.26-18.40.42:714][  0]LogAudioMixer: Display: 	Callback Buffer Frame Size To Use:	  512
[2026.04.26-18.40.42:714][  0]LogAudioMixer: Display: 	Number of buffers to queue:			  1
[2026.04.26-18.40.42:714][  0]LogAudioMixer: Display: 	Max Channels (voices):				  0
[2026.04.26-18.40.42:714][  0]LogAudioMixer: Display: 	Number of Async Source Workers:		  4
[2026.04.26-18.40.42:714][  0]LogAudio: Display: AudioDevice MaxSources: 32
[2026.04.26-18.40.42:715][  0]LogAudio: Display: Audio Spatialization Plugin: None (built-in).
[2026.04.26-18.40.42:715][  0]LogAudio: Display: Audio Reverb Plugin: None (built-in).
[2026.04.26-18.40.42:715][  0]LogAudio: Display: Audio Occlusion Plugin: None (built-in).
[2026.04.26-18.40.42:715][  0]LogAudioMixer: Display: Initializing audio mixer.
[2026.04.26-18.40.42:919][  0]LogAudioMixer: Display: 0: FrontLeft
[2026.04.26-18.40.42:919][  0]LogAudioMixer: Display: 1: FrontRight
[2026.04.26-18.40.43:116][  0]LogAudioMixer: Display: Using Audio Device Voicemeeter VAIO3 Input (VB-Audio Voicemeeter VAIO)
[2026.04.26-18.40.43:127][  0]LogAudioMixer: Display: Initializing Sound Submixes...
[2026.04.26-18.40.43:176][  0]LogAudioMixer: Display: Creating Master Submix 'MasterSubmixDefault'
[2026.04.26-18.40.43:177][  0]LogAudioMixer: Display: Creating Master Submix 'MasterReverbSubmixDefault'
[2026.04.26-18.40.43:183][  0]LogAudioMixer: Display: Creating Master Submix 'MasterEQSubmixDefault'
[2026.04.26-18.40.43:183][  0]LogAudioMixer: FMixerPlatformXAudio2::StartAudioStream() called
[2026.04.26-18.40.43:183][  0]LogAudioMixer: Display: Output buffers initialized: Frames=512, Channels=2, Samples=1024
[2026.04.26-18.40.43:187][  0]LogAudioMixer: Display: Starting AudioMixerPlatformInterface::RunInternal()
[2026.04.26-18.40.43:187][  0]LogAudioMixer: Display: FMixerPlatformXAudio2::SubmitBuffer() called for the first time
[2026.04.26-18.40.43:187][  0]LogInit: FAudioDevice initialized.
[2026.04.26-18.40.43:202][  0]LogNetVersion: Set ProjectVersion to 1.0.0.0. Version Checksum will be recalculated on next use.
[2026.04.26-18.40.43:224][  0]LogInit: Texture streaming: Enabled
[2026.04.26-18.40.43:756][  0]LogAudio: Display: Audio Device (ID: 1) registered with world 'Untitled'.
[2026.04.26-18.40.43:757][  0]PIE: Warning: UGameViewportClient::AddCursor: Could not load cursor class 'UI_Cursor_C'.
[2026.04.26-18.40.43:771][  0]LogSlate: Updating window title bar state: overlay mode, drag disabled, window buttons hidden, title bar hidden
[2026.04.26-18.40.43:775][  0]LogInit: Display: Game Engine Initialized.
[2026.04.26-18.40.43:777][  0]LogNiagaraEditor: GEditor isn't valid! Particle reset commands will not work for Niagara components!
[2026.04.26-18.40.44:396][  0]LogInit: Display: Starting Game.
[2026.04.26-18.40.44:396][  0]LogNet: Browse: /Game/Map/Main_Menu?Name=Player
[2026.04.26-18.40.44:398][  0]LogLoad: LoadMap: /Game/Map/Main_Menu?Name=Player
[2026.04.26-18.40.44:398][  0]LogWorld: BeginTearingDown for /Temp/Untitled_0
[2026.04.26-18.40.44:403][  0]LogWorld: UWorld::CleanupWorld for Untitled, bSessionEnded=true, bCleanupResources=true
[2026.04.26-18.40.44:404][  0]LogSlate: InvalidateAllWidgets triggered.  All widgets were invalidated
[2026.04.26-18.40.44:423][  0]LogAudio: Display: Audio Device unregistered from world 'None'.
[2026.04.26-18.40.44:437][  0]LogUObjectHash: Compacting FUObjectHashTables data took   2.13ms
[2026.04.26-18.40.44:487][  0]LogUObjectGlobals: Warning: [AssetLog] C:\LastStep\PROJECT-LAST-STEP\Playtime_Multiplayer\Content\Widgets\Buttons.uasset: Failed to load '/Game/Widgets/textures/выходbutton': Can't find file.
[2026.04.26-18.40.44:488][  0]LogUObjectGlobals: Warning: [AssetLog] C:\LastStep\PROJECT-LAST-STEP\Playtime_Multiplayer\Content\Widgets\Buttons.uasset: Failed to load '/Game/Widgets/textures/выходbutton': Can't find file.
[2026.04.26-18.40.44:488][  0]LogUObjectGlobals: Warning: [AssetLog] C:\LastStep\PROJECT-LAST-STEP\Playtime_Multiplayer\Content\Widgets\Buttons.uasset: Failed to load '/Game/Widgets/textures/выходbutton': Can't find file.
[2026.04.26-18.40.44:544][  0]LogUObjectGlobals: Warning: Failed to load '/Game/Widgets/textures/Снимок_экрана_2026-04-01_200059': Can't find file.
[2026.04.26-18.40.44:548][  0]LogUObjectGlobals: Warning: [AssetLog] C:\LastStep\PROJECT-LAST-STEP\Playtime_Multiplayer\Content\Widgets\CHOOSE.uasset: Failed to load '/Game/Widgets/textures/Снимок_экрана_2026-04-01_200059': Can't find file.
[2026.04.26-18.40.44:591][  0]LogUObjectGlobals: Warning: Failed to load '/Game/Widgets/textures/Снимок_экрана_2026-04-02_122711': Can't find file.
[2026.04.26-18.40.44:599][  0]LogUObjectGlobals: Warning: [AssetLog] C:\LastStep\PROJECT-LAST-STEP\Playtime_Multiplayer\Content\Widgets\choice_mode.uasset: Failed to load '/Game/Widgets/textures/Снимок_экрана_2026-04-01_193405': Can't find file.
[2026.04.26-18.40.44:609][  0]LogUObjectGlobals: Warning: [AssetLog] C:\LastStep\PROJECT-LAST-STEP\Playtime_Multiplayer\Content\Widgets\choice_play.uasset: Failed to load '/Game/Widgets/textures/Снимок_экрана_2026-04-02_122711': Can't find file.
[2026.04.26-18.40.44:624][  0]LogUObjectGlobals: Warning: Failed to load '/Game/Widgets/textures/Снимок_экрана_2026-04-01_193405': Can't find file.
[2026.04.26-18.40.44:628][  0]LogUObjectGlobals: Warning: [AssetLog] C:\LastStep\PROJECT-LAST-STEP\Playtime_Multiplayer\Content\Widgets\TAG_PLAY.uasset: Failed to load '/Game/Widgets/textures/Снимок_экрана_2026-04-01_193405': Can't find file.
[2026.04.26-18.40.44:631][  0]LogUObjectGlobals: Warning: Failed to load '/Game/Widgets/textures/Снимок_экрана_2026-04-01_193405': Can't find file.
[2026.04.26-18.40.44:634][  0]LogUObjectGlobals: Warning: [AssetLog] C:\LastStep\PROJECT-LAST-STEP\Playtime_Multiplayer\Content\Widgets\choice_mode.uasset: Failed to load '/Game/Widgets/textures/Снимок_экрана_2026-04-01_193405': Can't find file.
[2026.04.26-18.40.44:646][  0]LogUObjectGlobals: Warning: Failed to load '/Game/Widgets/textures/выходbutton': Can't find file.
[2026.04.26-18.40.44:648][  0]LogUObjectGlobals: Warning: [AssetLog] C:\LastStep\PROJECT-LAST-STEP\Playtime_Multiplayer\Content\Widgets\Buttons.uasset: Failed to load '/Game/Widgets/textures/выходbutton': Can't find file.
[2026.04.26-18.40.44:649][  0]LogUObjectGlobals: Warning: [AssetLog] C:\LastStep\PROJECT-LAST-STEP\Playtime_Multiplayer\Content\Widgets\Buttons.uasset: Failed to load '/Game/Widgets/textures/выходbutton': Can't find file.
[2026.04.26-18.40.44:650][  0]LogUObjectGlobals: Warning: [AssetLog] C:\LastStep\PROJECT-LAST-STEP\Playtime_Multiplayer\Content\Widgets\Buttons.uasset: Failed to load '/Game/Widgets/textures/выходbutton': Can't find file.
[2026.04.26-18.40.44:977][  0]LogBlueprint: Warning: [AssetLog] C:\LastStep\PROJECT-LAST-STEP\Playtime_Multiplayer\Content\BaseMultiplayer\GameModes\Default\BP_DefaultController.uasset: [Compiler] InputKey Event specifies axis FKey'MouseWheelAxis' for  Mouse Wheel Axis
[2026.04.26-18.40.45:954][  0]LogUObjectGlobals: Warning: [AssetLog] C:\LastStep\PROJECT-LAST-STEP\Playtime_Multiplayer\Content\Widgets\TAG_PLAY.uasset: Failed to load '/Game/Widgets/textures/Снимок_экрана_2026-04-01_193405': Can't find file.
[2026.04.26-18.40.45:963][  0]LogUObjectGlobals: Warning: [AssetLog] C:\LastStep\PROJECT-LAST-STEP\Playtime_Multiplayer\Content\Widgets\CHOOSE.uasset: Failed to load '/Game/Widgets/textures/Снимок_экрана_2026-04-01_200059': Can't find file.
[2026.04.26-18.40.45:967][  0]LogUObjectGlobals: Warning: [AssetLog] C:\LastStep\PROJECT-LAST-STEP\Playtime_Multiplayer\Content\Widgets\choice_play.uasset: Failed to load '/Game/Widgets/textures/Снимок_экрана_2026-04-02_122711': Can't find file.
[2026.04.26-18.40.47:089][  0]LogAudio: Display: Audio Device (ID: 1) registered with world 'Main_Menu'.
[2026.04.26-18.40.47:159][  0]LogAIModule: Creating AISystem for world Main_Menu
[2026.04.26-18.40.47:159][  0]LogLoad: Game class is 'FirstPersonGameMode_C'
[2026.04.26-18.40.47:172][  0]LogWorld: Bringing World /Game/Map/Main_Menu.Main_Menu up for play (max tick rate 0) at 2026.04.26-20.40.47
[2026.04.26-18.40.47:179][  0]LogWorld: Bringing up level for play took: 0.015810
[2026.04.26-18.40.47:188][  0]LogGameMode: FindPlayerStart: PATHS NOT DEFINED or NO PLAYERSTART with positive rating
[2026.04.26-18.40.47:489][  0]LogVoiceEncode: Display: EncoderVersion: libopus unknown
[2026.04.26-18.40.47:501][  0]LogOnlineVoice: OSS: StopLocalVoiceProcessing(0) returned 0xFFFFFFFF
[2026.04.26-18.40.47:501][  0]LogOnlineVoice: OSS: Stopping networked voice for user: 0
[2026.04.26-18.40.47:555][  0]LogLoad: Took 3.155713 seconds to LoadMap(/Game/Map/Main_Menu)
[2026.04.26-18.40.47:707][  0]LogSlate: Took 0.015022 seconds to synchronously load lazily loaded font '../../../Engine/Content/Slate/Fonts/Roboto-Regular.ttf' (155K)
[2026.04.26-18.40.48:038][  0]LogRenderer: Reallocating scene render targets to support 1280x720 Format 10 NumSamples 1 (Frame:1).
[2026.04.26-18.40.48:038][  0]LogInit: Display: Engine is initialized. Leaving FEngineLoop::Init()
[2026.04.26-18.40.48:038][  0]LogLoad: (Engine Initialization) Total time: 54.94 seconds
[2026.04.26-18.40.48:038][  0]LogLoad: (Engine Initialization) Total Blueprint compile time: 0.00 seconds
[2026.04.26-18.40.48:158][  0]LogContentStreaming: Texture pool size now 1000 MB
[2026.04.26-18.40.48:193][  0]LogSlate: InvalidateAllWidgets triggered.  All widgets were invalidated
[2026.04.26-18.40.49:251][  0]LogAudioMixer: Display: Audio Buffer Underrun (starvation) detected.
[2026.04.26-18.40.50:107][  1]LogSlate: Took 0.000313 seconds to synchronously load lazily loaded font '../../../Engine/Content/Slate/Fonts/Roboto-Regular.ttf' (155K)
[2026.04.26-18.40.52:557][ 14]LogAudio: Display: Waited 50.024597 ms for audio thread.
[2026.04.26-18.41.05:826][154]LogOnlineVoice: OSS: StartLocalProcessing(0) returned 0xFFFFFFFF
[2026.04.26-18.41.05:826][154]LogOnlineVoice: OSS: Starting networked voice for user: 0
[2026.04.26-18.41.07:298][154]LogOnlineVoice: OSS: RegisterLocalTalker(0) returned 0x00000000
[2026.04.26-18.41.07:298][154]LogOnlineVoice: OSS: Invalid user specified in RegisterLocalTalker(1)
[2026.04.26-18.41.07:302][154]LogOnlineVoice: OSS: Invalid user specified in RegisterLocalTalker(2)
[2026.04.26-18.41.07:302][154]LogOnlineVoice: OSS: Invalid user specified in RegisterLocalTalker(3)
[2026.04.26-18.41.09:484][154]LogAudioMixer: Display: Audio Buffer Underrun (starvation) detected.
[2026.04.26-18.41.09:484][154]LogPackageName: SearchForPackageOnDisk took   1.775s to resolve MP_Lobby.umap.
[2026.04.26-18.41.09:888][154]LogPackageName: SearchForPackageOnDisk took   0.402s to resolve MP_Lobby.umap.
[2026.04.26-18.41.09:889][154]LogNet: Browse: /Game/Map/MP_Lobby??listen
[2026.04.26-18.41.09:889][154]LogLoad: LoadMap: /Game/Map/MP_Lobby??listen
[2026.04.26-18.41.09:889][154]LogWorld: BeginTearingDown for /Game/Map/Main_Menu
[2026.04.26-18.41.09:896][154]LogWorld: UWorld::CleanupWorld for Main_Menu, bSessionEnded=true, bCleanupResources=true
[2026.04.26-18.41.09:896][154]LogSlate: InvalidateAllWidgets triggered.  All widgets were invalidated
[2026.04.26-18.41.09:936][154]LogAudio: Display: Audio Device unregistered from world 'None'.
[2026.04.26-18.41.10:030][154]LogUObjectHash: Compacting FUObjectHashTables data took   2.07ms
[2026.04.26-18.41.10:421][154]LogBlueprint: Warning: [AssetLog] C:\LastStep\PROJECT-LAST-STEP\Playtime_Multiplayer\Content\BaseMultiplayer\GameModes\Default\BP_DefaultController.uasset: [Compiler] InputKey Event specifies axis FKey'MouseWheelAxis' for  Mouse Wheel Axis
[2026.04.26-18.41.11:519][154]LogAudio: Display: Audio Device (ID: 1) registered with world 'MP_Lobby'.
[2026.04.26-18.41.11:522][154]LogAIModule: Creating AISystem for world MP_Lobby
[2026.04.26-18.41.11:523][154]LogLoad: Game class is 'FirstPersonGameMode_C'
[2026.04.26-18.41.11:539][154]LogUObjectGlobals: Warning: Failed to find object 'Class None.SteamSocketsNetConnection'
[2026.04.26-18.41.11:539][154]LogNet: Error: Failed to load class 'SteamSockets.SteamSocketsNetConnection'
[2026.04.26-18.41.11:539][154]LogNet: ReplicationDriverClass is null! Not using ReplicationDriver.
[2026.04.26-18.41.11:540][154]LogNetCore: DDoS detection status: detection enabled: 0 analytics enabled: 0
[2026.04.26-18.41.11:545][154]LogNet: Warning: Failed to init net driver ListenURL: /Game/Map/MP_Lobby??listen: 
[2026.04.26-18.41.11:547][154]LogNet: Error: UEngine::BroadcastNetworkFailure: FailureType = NetDriverListenFailure, ErrorString = , Driver = GameNetDriver SteamNetDriver_0
[2026.04.26-18.41.11:547][154]LogNet: Warning: Network Failure: GameNetDriver[NetDriverListenFailure]: 
[2026.04.26-18.41.11:547][154]LogNet: NetworkFailure: NetDriverListenFailure, Error: ''
[2026.04.26-18.41.11:549][154]LogWorld: Failed to listen: 
[2026.04.26-18.41.11:549][154]LogNet: DestroyNamedNetDriver SteamNetDriver_0 [GameNetDriver]
[2026.04.26-18.41.11:551][154]LogNet: Error: LoadMap: failed to Listen(/Game/Map/MP_Lobby??listen)
[2026.04.26-18.41.11:568][154]LogWorld: Bringing World /Game/Map/MP_Lobby.MP_Lobby up for play (max tick rate 0) at 2026.04.26-20.41.11
[2026.04.26-18.41.11:569][154]LogWorld: Bringing up level for play took: 0.017234
[2026.04.26-18.41.11:572][154]LogOnlineVoice: OSS: StopLocalVoiceProcessing(0) returned 0x00000000
[2026.04.26-18.41.11:572][154]LogOnlineVoice: OSS: Stopping networked voice for user: 0
[2026.04.26-18.41.11:588][154]PIE: Error: SetInputMode_UIOnly expects a valid player controller as 'PlayerController' target
[2026.04.26-18.41.11:592][154]LogLoad: Took 1.702578 seconds to LoadMap(/Game/Map/MP_Lobby)
[2026.04.26-18.41.11:598][154]LogSlate: InvalidateAllWidgets triggered.  All widgets were invalidated
[2026.04.26-18.41.11:602][155]LogNet: Browse: /Game/StarterContent/Maps/Minimal_Default?closed
[2026.04.26-18.41.11:651][155]LogNet: Connection failed; returning to Entry
[2026.04.26-18.41.11:651][155]LogLoad: LoadMap: /Game/StarterContent/Maps/Minimal_Default?closed
[2026.04.26-18.41.11:651][155]LogWorld: BeginTearingDown for /Game/Map/MP_Lobby
[2026.04.26-18.41.11:656][155]LogSlate: Took 0.003368 seconds to synchronously load lazily loaded font '../../../Engine/Content/Slate/Fonts/Roboto-Regular.ttf' (155K)
[2026.04.26-18.41.11:667][155]LogWorld: UWorld::CleanupWorld for MP_Lobby, bSessionEnded=true, bCleanupResources=true
[2026.04.26-18.41.11:669][155]LogSlate: InvalidateAllWidgets triggered.  All widgets were invalidated
[2026.04.26-18.41.11:738][155]LogAudio: Display: Audio Device unregistered from world 'None'.
[2026.04.26-18.41.12:769][155]LogUObjectHash: Compacting FUObjectHashTables data took   2.48ms
[2026.04.26-18.41.12:788][155]LogUObjectGlobals: Warning: Failed to load '/Game/StarterContent/Maps/Minimal_Default': Can't find file.
[2026.04.26-18.41.12:788][155]LogNet: Error: Failed to load default map (/Game/StarterContent/Maps/Minimal_Default?closed). Error: (Failed to load package '/Game/StarterContent/Maps/Minimal_Default')
[2026.04.26-18.41.22:430][155]Message dialog closed, result: Ok, title: Message, text: Error 'Failed to load package '/Game/StarterContent/Maps/Minimal_Default''. Exiting.
[2026.04.26-18.41.22:433][155]LogAudio: Display: Audio Device (ID: 1) registered with world 'Untitled'.
[2026.04.26-18.41.22:433][155]LogWindows: FPlatformMisc::RequestExit(0)
[2026.04.26-18.41.22:436][155]LogWindows: FPlatformMisc::RequestExitWithStatus(0, 0)
[2026.04.26-18.41.22:436][155]LogCore: Engine exit requested (reason: Win RequestExit)
[2026.04.26-18.41.22:437][155]LogNet: Warning: Travel Failure: [ClientTravelFailure]: Failed to load package '/Game/StarterContent/Maps/Minimal_Default'
[2026.04.26-18.41.22:437][155]LogNet: TravelFailure: ClientTravelFailure, Reason for Failure: 'Failed to load package '/Game/StarterContent/Maps/Minimal_Default''
[2026.04.26-18.41.22:444][156]LogCore: Engine exit requested (reason: EngineExit() was called; note: exit was already requested)
[2026.04.26-18.41.22:446][156]LogInit: Display: PreExit Game.
[2026.04.26-18.41.22:448][156]LogWorld: BeginTearingDown for /Temp/Untitled_1
[2026.04.26-18.41.22:449][156]LogWorld: UWorld::CleanupWorld for Untitled, bSessionEnded=true, bCleanupResources=true
[2026.04.26-18.41.22:449][156]LogSlate: InvalidateAllWidgets triggered.  All widgets were invalidated
[2026.04.26-18.41.23:210][156]LogAudio: Display: Beginning Audio Device Manager Shutdown (Module: AudioMixerXAudio2)...
[2026.04.26-18.41.23:210][156]LogAudio: Display: Destroying 1 Remaining Audio Device(s)...
[2026.04.26-18.41.23:210][156]LogAudio: Display: Audio Device unregistered from world 'Untitled'.
[2026.04.26-18.41.23:219][156]LogAudioMixer: FMixerPlatformXAudio2::StopAudioStream() called
[2026.04.26-18.41.23:222][156]LogAudioMixer: FMixerPlatformXAudio2::StopAudioStream() called
[2026.04.26-18.41.23:234][156]LogAudio: Display: Audio Device Manager Shutdown
[2026.04.26-18.41.23:244][156]LogSlate: Window 'Playtime_Multiplayer (64-bit Development PCD3D_SM5) ' being destroyed
[2026.04.26-18.41.23:252][156]LogWindowsTextInputMethodSystem: Display: IME system deactivated.
[2026.04.26-18.41.23:415][156]LogExit: Preparing to exit.
[2026.04.26-18.41.24:360][156]LogUObjectHash: Compacting FUObjectHashTables data took   1.35ms
[2026.04.26-18.41.24:446][156]LogMoviePlayer: Shutting down movie player
[2026.04.26-18.41.24:704][156]LogSlate: Updating window title bar state: overlay mode, drag disabled, window buttons hidden, title bar hidden
[2026.04.26-18.41.24:721][156]LogDemo: Cleaned up 0 splitscreen connections with owner deletion
[2026.04.26-18.41.24:750][156]LogExit: Game engine shut down
[2026.04.26-18.41.25:452][156]LogExit: Object subsystem successfully closed.
[2026.04.26-18.41.25:547][156]LogShaderCompilers: Display: === FShaderJobCache stats ===
[2026.04.26-18.41.25:547][156]LogShaderCompilers: Display: Total job queries 0, among them cache hits 0 (0.00%)
[2026.04.26-18.41.25:547][156]LogShaderCompilers: Display: Tracking 0 distinct input hashes that result in 0 distinct outputs (0.00%)
[2026.04.26-18.41.25:548][156]LogShaderCompilers: Display: RAM used: 0.00 MB (0.00 GB) of 307.20 MB (0.30 GB) budget. Usage: 0.00%
[2026.04.26-18.41.25:548][156]LogShaderCompilers: Display: ================================================
[2026.04.26-18.41.25:670][156]LogShaderCompilers: Display: Shaders left to compile 0
[2026.04.26-18.41.25:865][156]LogModuleManager: Shutting down and abandoning module SequenceRecorderSections (574)
[2026.04.26-18.41.25:865][156]LogModuleManager: Shutting down and abandoning module SequenceRecorder (572)
[2026.04.26-18.41.25:866][156]LogModuleManager: Shutting down and abandoning module AutomationController (570)
[2026.04.26-18.41.25:867][156]LogModuleManager: Shutting down and abandoning module AutomationWorker (568)
[2026.04.26-18.41.25:868][156]LogModuleManager: Shutting down and abandoning module Voice (566)
[2026.04.26-18.41.26:108][156]LogModuleManager: Shutting down and abandoning module AIModule (564)
[2026.04.26-18.41.26:109][156]LogModuleManager: Shutting down and abandoning module GameplayDebugger (563)
[2026.04.26-18.41.26:109][156]LogModuleManager: Shutting down and abandoning module AITestSuite (561)
[2026.04.26-18.41.26:110][156]LogModuleManager: Shutting down and abandoning module NavigationSystem (559)
[2026.04.26-18.41.26:110][156]LogModuleManager: Shutting down and abandoning module AnimGraph (556)
[2026.04.26-18.41.26:111][156]LogModuleManager: Shutting down and abandoning module SteamVREditor (554)
[2026.04.26-18.41.26:111][156]LogModuleManager: Shutting down and abandoning module ToolMenus (553)
[2026.04.26-18.41.26:111][156]LogModuleManager: Shutting down and abandoning module OculusMR (550)
[2026.04.26-18.41.26:111][156]LogModuleManager: Shutting down and abandoning module TakeRecorderSources (548)
[2026.04.26-18.41.26:131][156]LogModuleManager: Shutting down and abandoning module TakeRecorder (547)
[2026.04.26-18.41.26:137][156]LogModuleManager: Shutting down and abandoning module TakeTrackRecorders (544)
[2026.04.26-18.41.26:138][156]LogModuleManager: Shutting down and abandoning module TakesCore (542)
[2026.04.26-18.41.26:140][156]LogModuleManager: Shutting down and abandoning module OpenXRInput (540)
[2026.04.26-18.41.26:142][156]LogModuleManager: Shutting down and abandoning module WebMMediaFactory (538)
[2026.04.26-18.41.26:142][156]LogModuleManager: Shutting down and abandoning module WebMMedia (536)
[2026.04.26-18.41.26:158][156]LogModuleManager: Shutting down and abandoning module WmfMediaFactory (534)
[2026.04.26-18.41.26:158][156]LogModuleManager: Shutting down and abandoning module OpenExrWrapper (532)
[2026.04.26-18.41.26:158][156]LogModuleManager: Shutting down and abandoning module ImgMediaFactory (530)
[2026.04.26-18.41.26:158][156]LogModuleManager: Shutting down and abandoning module AvfMediaFactory (528)
[2026.04.26-18.41.26:160][156]LogModuleManager: Shutting down and abandoning module MagicLeapMediaCodecFactory (526)
[2026.04.26-18.41.26:160][156]LogModuleManager: Shutting down and abandoning module MagicLeapMediaFactory (524)
[2026.04.26-18.41.26:169][156]LogModuleManager: Shutting down and abandoning module PlanarCut (522)
[2026.04.26-18.41.26:171][156]LogModuleManager: Shutting down and abandoning module CharacterAI (520)
[2026.04.26-18.41.26:171][156]LogModuleManager: Shutting down and abandoning module SessionServices (518)
[2026.04.26-18.41.26:171][156]LogModuleManager: Shutting down and abandoning module MovieSceneCapture (516)
[2026.04.26-18.41.26:175][156]LogModuleManager: Shutting down and abandoning module LiveCoding (514)
[2026.04.26-18.41.26:176][156]LogModuleManager: Shutting down and abandoning module LevelSequence (512)
[2026.04.26-18.41.26:176][156]LogModuleManager: Shutting down and abandoning module MovieSceneTracks (510)
[2026.04.26-18.41.26:176][156]LogModuleManager: Shutting down and abandoning module MovieScene (508)
[2026.04.26-18.41.26:179][156]LogModuleManager: Shutting down and abandoning module StreamingPauseRendering (506)
[2026.04.26-18.41.26:199][156]LogModuleManager: Shutting down and abandoning module PortalServices (504)
[2026.04.26-18.41.26:199][156]LogModuleManager: Shutting down and abandoning module PortalRpc (502)
[2026.04.26-18.41.26:199][156]LogModuleManager: Shutting down and abandoning module MessagingRpc (500)
[2026.04.26-18.41.26:199][156]LogModuleManager: Shutting down and abandoning module AudioMixerXAudio2 (498)
[2026.04.26-18.41.26:200][156]LogModuleManager: Shutting down and abandoning module AudioMixerCore (497)
[2026.04.26-18.41.26:200][156]LogModuleManager: Shutting down and abandoning module ImageWriteQueue (494)
[2026.04.26-18.41.26:219][156]LogModuleManager: Shutting down and abandoning module ProfilerService (492)
[2026.04.26-18.41.26:468][156]LogModuleManager: Shutting down and abandoning module TaskGraph (490)
[2026.04.26-18.41.26:470][156]LogModuleManager: Shutting down and abandoning module VaRestEditor (488)
[2026.04.26-18.41.26:470][156]LogModuleManager: Shutting down and abandoning module OculusInput (486)
[2026.04.26-18.41.26:470][156]LogModuleManager: Shutting down and abandoning module TakeMovieScene (484)
[2026.04.26-18.41.26:470][156]LogModuleManager: Shutting down and abandoning module Synthesis (482)
[2026.04.26-18.41.26:471][156]LogModuleManager: Shutting down and abandoning module ProceduralMeshComponent (480)
[2026.04.26-18.41.26:471][156]LogModuleManager: Shutting down and abandoning module MobilePatchingUtils (478)
[2026.04.26-18.41.26:471][156]LogModuleManager: Shutting down and abandoning module GooglePAD (476)
[2026.04.26-18.41.26:471][156]LogModuleManager: Shutting down and abandoning module EditableMesh (474)
[2026.04.26-18.41.26:479][156]LogModuleManager: Shutting down and abandoning module CableComponent (472)
[2026.04.26-18.41.26:479][156]LogModuleManager: Shutting down and abandoning module CustomMeshComponent (470)
[2026.04.26-18.41.26:479][156]LogModuleManager: Shutting down and abandoning module AudioCapture (468)
[2026.04.26-18.41.26:479][156]LogModuleManager: Shutting down and abandoning module AudioCaptureRtAudio (467)
[2026.04.26-18.41.26:480][156]LogModuleManager: Shutting down and abandoning module ArchVisCharacter (464)
[2026.04.26-18.41.26:480][156]LogModuleManager: Shutting down and abandoning module AssetTags (462)
[2026.04.26-18.41.26:480][156]LogModuleManager: Shutting down and abandoning module AppleImageUtilsBlueprintSupport (460)
[2026.04.26-18.41.26:480][156]LogModuleManager: Shutting down and abandoning module AppleImageUtils (458)
[2026.04.26-18.41.26:480][156]LogModuleManager: Shutting down and abandoning module AndroidPermission (456)
[2026.04.26-18.41.26:480][156]LogModuleManager: Shutting down and abandoning module ActorLayerUtilities (454)
[2026.04.26-18.41.26:480][156]LogModuleManager: Shutting down and abandoning module TemplateSequence (450)
[2026.04.26-18.41.26:481][156]LogModuleManager: Shutting down and abandoning module MediaCompositing (448)
[2026.04.26-18.41.26:481][156]LogModuleManager: Shutting down and abandoning module ImgMedia (446)
[2026.04.26-18.41.26:481][156]LogModuleManager: Shutting down and abandoning module MagicLeapSharedWorld (444)
[2026.04.26-18.41.26:481][156]LogModuleManager: Shutting down and abandoning module MagicLeapLightEstimation (442)
[2026.04.26-18.41.26:481][156]LogModuleManager: Shutting down and abandoning module MagicLeapHelperVulkan (440)
[2026.04.26-18.41.26:481][156]LogModuleManager: Shutting down and abandoning module MagicLeapHelperOpenGL (438)
[2026.04.26-18.41.26:481][156]LogModuleManager: Shutting down and abandoning module MagicLeapAudio (436)
[2026.04.26-18.41.26:482][156]LogModuleManager: Shutting down and abandoning module OpenImageDenoise (434)
[2026.04.26-18.41.26:482][156]LogOpenImageDenoise: OIDN shutting down
[2026.04.26-18.41.26:482][156]LogModuleManager: Shutting down and abandoning module MotoSynth (432)
[2026.04.26-18.41.26:482][156]LogModuleManager: Shutting down and abandoning module VisualStudioSourceCodeAccess (430)
[2026.04.26-18.41.26:482][156]LogModuleManager: Shutting down and abandoning module HotReload (429)
[2026.04.26-18.41.26:485][156]LogModuleManager: Shutting down and abandoning module VisualStudioCodeSourceCodeAccess (426)
[2026.04.26-18.41.26:485][156]LogModuleManager: Shutting down and abandoning module UObjectPlugin (424)
[2026.04.26-18.41.26:485][156]LogModuleManager: Shutting down and abandoning module SubversionSourceControl (422)
[2026.04.26-18.41.26:488][156]LogModuleManager: Shutting down and abandoning module MeshConversion (420)
[2026.04.26-18.41.26:492][156]LogModuleManager: Shutting down and abandoning module DynamicMesh (418)
[2026.04.26-18.41.26:500][156]LogModuleManager: Shutting down and abandoning module GeometryAlgorithms (416)
[2026.04.26-18.41.26:502][156]LogModuleManager: Shutting down and abandoning module GeometricObjects (414)
[2026.04.26-18.41.26:509][156]LogModuleManager: Shutting down and abandoning module GeometryCollectionTracks (412)
[2026.04.26-18.41.26:509][156]LogModuleManager: Shutting down and abandoning module GeometryCollectionSequencer (411)
[2026.04.26-18.41.26:509][156]LogModuleManager: Shutting down and abandoning module PerforceSourceControl (408)
[2026.04.26-18.41.26:539][156]LogModuleManager: Shutting down and abandoning module SourceControl (407)
[2026.04.26-18.41.26:546][156]LogModuleManager: Shutting down and abandoning module GeometryCacheTracks (404)
[2026.04.26-18.41.26:547][156]LogModuleManager: Shutting down and abandoning module GeometryCacheSequencer (403)
[2026.04.26-18.41.26:549][156]LogModuleManager: Shutting down and abandoning module GeometryCache (400)
[2026.04.26-18.41.26:549][156]LogModuleManager: Shutting down and abandoning module GeometryCacheEd (399)
[2026.04.26-18.41.26:549][156]LogModuleManager: Shutting down and abandoning module CLionSourceCodeAccess (396)
[2026.04.26-18.41.26:549][156]LogModuleManager: Shutting down and abandoning module ChaosNiagara (394)
[2026.04.26-18.41.26:550][156]LogModuleManager: Shutting down and abandoning module FieldSystemEngine (393)
[2026.04.26-18.41.26:550][156]LogModuleManager: Shutting down and abandoning module BackChannel (390)
[2026.04.26-18.41.26:550][156]LogModuleManager: Shutting down and abandoning module AutomationUtils (388)
[2026.04.26-18.41.26:550][156]LogModuleManager: Shutting down and abandoning module OodleNetworkHandlerComponent (386)
[2026.04.26-18.41.26:550][156]LogModuleManager: Shutting down and abandoning module LiveLinkSequencer (384)
[2026.04.26-18.41.26:551][156]LogModuleManager: Shutting down and abandoning module LiveLinkMovieScene (382)
[2026.04.26-18.41.26:551][156]LogModuleManager: Shutting down and abandoning module LiveLinkGraphNode (380)
[2026.04.26-18.41.26:551][156]LogModuleManager: Shutting down and abandoning module LiveLinkComponents (378)
[2026.04.26-18.41.26:551][156]LogModuleManager: Shutting down and abandoning module LiveLink (376)
[2026.04.26-18.41.27:230][156]LogModuleManager: Shutting down and abandoning module Playtime_Multiplayer (374)
[2026.04.26-18.41.27:230][156]LogModuleManager: Shutting down and abandoning module VaRest (372)
[2026.04.26-18.41.27:235][156]LogModuleManager: Shutting down and abandoning module AdvancedSteamSessions (370)
[2026.04.26-18.41.27:235][156]LogModuleManager: Shutting down and abandoning module AdvancedSessions (368)
[2026.04.26-18.41.27:236][156]LogModuleManager: Shutting down and abandoning module SoundFields (366)
[2026.04.26-18.41.27:236][156]LogModuleManager: Shutting down and abandoning module SignificanceManager (364)
[2026.04.26-18.41.27:236][156]LogModuleManager: Shutting down and abandoning module RuntimePhysXCooking (362)
[2026.04.26-18.41.27:236][156]LogModuleManager: Shutting down and abandoning module PropertyAccessEditor (360)
[2026.04.26-18.41.27:237][156]LogModuleManager: Shutting down and abandoning module PhysXVehiclesEditor (358)
[2026.04.26-18.41.27:237][156]LogModuleManager: Shutting down and abandoning module LocationServicesBPLibrary (354)
[2026.04.26-18.41.27:237][156]LogModuleManager: Shutting down and abandoning module AudioSynesthesia (352)
[2026.04.26-18.41.27:238][156]LogModuleManager: Shutting down and abandoning module AudioSynesthesiaCore (350)
[2026.04.26-18.41.27:238][156]LogModuleManager: Shutting down and abandoning module ActorSequence (348)
[2026.04.26-18.41.27:238][156]LogModuleManager: Shutting down and abandoning module UdpMessaging (346)
