Log file open, 04/26/26 12:26:57
LogWindows: Failed to load 'aqProf.dll' (GetLastError=126)
LogWindows: File 'aqProf.dll' does not exist
LogWindows: Failed to load 'VtuneApi.dll' (GetLastError=126)
LogWindows: File 'VtuneApi.dll' does not exist
LogWindows: Failed to load 'VtuneApi32e.dll' (GetLastError=126)
LogWindows: File 'VtuneApi32e.dll' does not exist
LogConsoleResponse: Display: Failed to find resolution value strings in scalability ini. Falling back to default.
LogConsoleResponse: Display: Failed to find resolution value strings in scalability ini. Falling back to default.
LogInit: Display: Running engine for game: Playtime_Multiplayer
LogPlatformFile: Not using cached read wrapper
LogTaskGraph: Started task graph with 5 named threads and 11 total threads with 3 sets of task threads.
LogStats: Stats thread started at 1.258331
LogICUInternationalization: ICU TimeZone Detection - Raw Offset: +2:00, Platform Override: ''
LogInit: Display: Loading text-based GConfig....
LogPluginManager: Mounting plugin MeshPainting
LogPluginManager: Mounting plugin XGEController
LogPluginManager: Mounting plugin Paper2D
LogPluginManager: Mounting plugin LiveLink
LogPluginManager: Mounting plugin LightPropagationVolume
LogPluginManager: Mounting plugin AISupport
LogPluginManager: Mounting plugin EnvironmentQueryEditor
LogPluginManager: Mounting plugin CameraShakePreviewer
LogPluginManager: Mounting plugin GameplayCameras
LogPluginManager: Mounting plugin OodleData
LogPluginManager: Mounting plugin OodleNetwork
LogPluginManager: Mounting plugin AnimationSharing
LogPluginManager: Mounting plugin CLionSourceCodeAccess
LogPluginManager: Mounting plugin CodeLiteSourceCodeAccess
LogPluginManager: Mounting plugin GitSourceControl
LogPluginManager: Mounting plugin KDevelopSourceCodeAccess
LogPluginManager: Mounting plugin NullSourceCodeAccess
LogPluginManager: Mounting plugin PixWinPlugin
LogPluginManager: Mounting plugin PerforceSourceControl
LogPluginManager: Mounting plugin PlasticSourceControl
LogPluginManager: Mounting plugin PluginUtils
LogPluginManager: Mounting plugin PropertyAccessNode
LogPluginManager: Mounting plugin RiderSourceCodeAccess
LogPluginManager: Mounting plugin SubversionSourceControl
LogPluginManager: Mounting plugin TextureFormatOodle
LogPluginManager: Mounting plugin UObjectPlugin
LogPluginManager: Mounting plugin VisualStudioCodeSourceCodeAccess
LogPluginManager: Mounting plugin XCodeSourceCodeAccess
LogPluginManager: Mounting plugin VisualStudioSourceCodeAccess
LogPluginManager: Mounting plugin AssetManagerEditor
LogPluginManager: Mounting plugin CryptoKeys
LogPluginManager: Mounting plugin DataValidation
LogPluginManager: Mounting plugin CurveEditorTools
LogPluginManager: Mounting plugin FacialAnimation
LogPluginManager: Mounting plugin GameplayTagsEditor
LogPluginManager: Mounting plugin GeometryMode
LogPluginManager: Mounting plugin MacGraphicsSwitching
LogPluginManager: Mounting plugin MaterialAnalyzer
LogPluginManager: Mounting plugin MobileLauncherProfileWizard
LogPluginManager: Mounting plugin PluginBrowser
LogPluginManager: Mounting plugin SpeedTreeImporter
LogPluginManager: Mounting plugin DatasmithContent
LogPluginManager: Mounting plugin VariantManagerContent
LogPluginManager: Mounting plugin Niagara
LogPluginManager: Mounting plugin LuminPlatformFeatures
LogPluginManager: Mounting plugin MagicLeap
LogPluginManager: Mounting plugin MagicLeapLightEstimation
LogPluginManager: Mounting plugin MagicLeapMedia
LogPluginManager: Mounting plugin MagicLeapPassableWorld
LogPluginManager: Mounting plugin MLSDK
LogPluginManager: Mounting plugin AlembicImporter
LogPluginManager: Mounting plugin AutomationUtils
LogPluginManager: Mounting plugin BackChannel
LogPluginManager: Mounting plugin ChaosCloth
LogPluginManager: Mounting plugin ChaosClothEditor
LogPluginManager: Mounting plugin ChaosNiagara
LogPluginManager: Mounting plugin ChaosEditor
LogPluginManager: Mounting plugin ChaosSolverPlugin
LogPluginManager: Mounting plugin CharacterAI
LogPluginManager: Mounting plugin AndroidMedia
LogPluginManager: Mounting plugin AvfMedia
LogPluginManager: Mounting plugin ImgMedia
LogPluginManager: Mounting plugin MediaCompositing
LogPluginManager: Mounting plugin MediaPlayerEditor
LogPluginManager: Mounting plugin WebMMedia
LogPluginManager: Mounting plugin WmfMedia
LogPluginManager: Mounting plugin GeometryCache
LogPluginManager: Mounting plugin GeometryCollectionPlugin
LogPluginManager: Mounting plugin GeometryProcessing
LogPluginManager: Mounting plugin OpenImageDenoise
LogPluginManager: Mounting plugin MotoSynth
LogPluginManager: Mounting plugin PlanarCut
LogPluginManager: Mounting plugin PlatformCrypto
LogPluginManager: Mounting plugin ProxyLODPlugin
LogPluginManager: Mounting plugin PythonScriptPlugin
LogPluginManager: Mounting plugin SkeletalReduction
LogPluginManager: Mounting plugin TcpMessaging
LogPluginManager: Mounting plugin ActorSequence
LogPluginManager: Mounting plugin UdpMessaging
LogPluginManager: Mounting plugin MatineeToLevelSequence
LogPluginManager: Mounting plugin LevelSequenceEditor
LogPluginManager: Mounting plugin TemplateSequence
LogPluginManager: Mounting plugin OnlineSubsystem
LogPluginManager: Mounting plugin OnlineSubsystemNull
LogPluginManager: Mounting plugin OnlineSubsystemSteam
LogPluginManager: Mounting plugin OnlineSubsystemUtils
LogPluginManager: Mounting plugin LauncherChunkInstaller
LogPluginManager: Mounting plugin ActorLayerUtilities
LogPluginManager: Mounting plugin AndroidMoviePlayer
LogPluginManager: Mounting plugin AndroidDeviceProfileSelector
LogPluginManager: Mounting plugin AndroidPermission
LogPluginManager: Mounting plugin AppleMoviePlayer
LogPluginManager: Mounting plugin AppleImageUtils
LogPluginManager: Mounting plugin ArchVisCharacter
LogPluginManager: Mounting plugin AssetTags
LogPluginManager: Mounting plugin AudioCapture
LogPluginManager: Mounting plugin AudioSynesthesia
LogPluginManager: Mounting plugin CableComponent
LogPluginManager: Mounting plugin ChunkDownloader
LogPluginManager: Mounting plugin CustomMeshComponent
LogPluginManager: Mounting plugin EditableMesh
LogPluginManager: Mounting plugin ExampleDeviceProfileSelector
LogPluginManager: Mounting plugin GoogleCloudMessaging
LogPluginManager: Mounting plugin ScreenshotTools
LogPluginManager: Mounting plugin GooglePAD
LogPluginManager: Mounting plugin IOSDeviceProfileSelector
LogPluginManager: Mounting plugin LinuxDeviceProfileSelector
LogPluginManager: Mounting plugin LocationServicesBPLibrary
LogPluginManager: Mounting plugin MobilePatchingUtils
LogPluginManager: Mounting plugin OpenXR
LogPluginManager: Mounting plugin OpenXRHandTracking
LogPluginManager: Mounting plugin OpenXREyeTracker
LogPluginManager: Mounting plugin PhysXVehicles
LogPluginManager: Mounting plugin PostSplashScreen
LogPluginManager: Mounting plugin PropertyAccessEditor
LogPluginManager: Mounting plugin ProceduralMeshComponent
LogPluginManager: Mounting plugin RuntimePhysXCooking
LogPluginManager: Mounting plugin SignificanceManager
LogPluginManager: Mounting plugin SoundFields
LogPluginManager: Mounting plugin Synthesis
LogPluginManager: Mounting plugin WebMMoviePlayer
LogPluginManager: Mounting plugin WindowsMoviePlayer
LogPluginManager: Mounting plugin Takes
LogPluginManager: Mounting plugin ContentBrowserAssetDataSource
LogPluginManager: Mounting plugin ContentBrowserClassDataSource
LogPluginManager: Mounting plugin ContentBrowserFileDataSource
LogPluginManager: Mounting plugin OnlineSubsystemIOS
LogPluginManager: Mounting plugin OnlineSubsystemGooglePlay
LogPluginManager: Mounting plugin OculusVR
LogPluginManager: Mounting plugin SteamShared
LogPluginManager: Mounting plugin SteamVR
LogPluginManager: Mounting plugin AdvancedSessions
LogPluginManager: Mounting plugin VaRest
LogPluginManager: Mounting plugin AdvancedSteamSessions
PixWinPlugin: PIX capture plugin failed to initialize! Check that the process is launched from PIX.
LogInit: Using libcurl 7.55.1-DEV
LogInit:  - built for x86_64-pc-win32
LogInit:  - supports SSL with OpenSSL/1.1.1
LogInit:  - supports HTTP deflate (compression) using libz 1.2.8
LogInit:  - other features:
LogInit:      CURL_VERSION_SSL
LogInit:      CURL_VERSION_LIBZ
LogInit:      CURL_VERSION_IPV6
LogInit:      CURL_VERSION_ASYNCHDNS
LogInit:      CURL_VERSION_LARGEFILE
LogInit:      CURL_VERSION_IDN
LogInit:  CurlRequestOptions (configurable via config and command line):
LogInit:  - bVerifyPeer = true  - Libcurl will verify peer certificate
LogInit:  - bUseHttpProxy = false  - Libcurl will NOT use HTTP proxy
LogInit:  - bDontReuseConnections = false  - Libcurl will reuse connections
LogInit:  - MaxHostConnections = 16  - Libcurl will limit the number of connections to a host
LogInit:  - LocalHostAddr = Default
LogInit:  - BufferSize = 65536
LogSteamShared: Display: Loading Steam SDK 1.51
LogSteamShared: Steam SDK Loaded!
LogOnline: OSS: Creating online subsystem instance for: Steam
LogOnline: Display: STEAM: OnlineSubsystemSteam::Shutdown()
LogOnline: OSS: Unable to create OnlineSubsystem module Steam
LogOnline: OSS: Creating online subsystem instance for: NULL
LogInit: WinSock: version 1.1 (2.2), MaxSocks=32767, MaxUdp=65467
LogOnline: OSS: TryLoadSubsystemAndSetDefault: Loaded subsystem for module [NULL]
LogOculusPluginWrapper: OculusPlugin initialized successfully
LogHMD: Failed initializing OVRPlugin 1.59.0
LogInit: Build: ++UE4+Release-4.27-CL-18319896
LogInit: Engine Version: 4.27.2-18319896+++UE4+Release-4.27
LogInit: Compatible Engine Version: 4.27.0-17155196+++UE4+Release-4.27
LogInit: Net CL: 17155196
LogInit: OS: Windows 10 (Release 2009) (), CPU: AMD Ryzen 3 3250U with Radeon Graphics         , GPU: AMD Radeon(TM) Graphics
LogInit: Compiled (64-bit): Nov 30 2021 07:12:08
LogInit: Compiled with Visual C++: 19.24.28315.00
LogInit: Build Configuration: Development
LogInit: Branch Name: ++UE4+Release-4.27
LogInit: Command Line: 
LogInit: Base Directory: C:/Program Files/Epic Games/UE_4.27/Engine/Binaries/Win64/
LogInit: Allocator: TBB
LogInit: Installed Engine Build: 1
LogDevObjectVersion: Number of dev versions registered: 29
LogDevObjectVersion:   Dev-Blueprints (B0D832E4-1F89-4F0D-ACCF-7EB736FD4AA2): 10
LogDevObjectVersion:   Dev-Build (E1C64328-A22C-4D53-A36C-8E866417BD8C): 0
LogDevObjectVersion:   Dev-Core (375EC13C-06E4-48FB-B500-84F0262A717E): 4
LogDevObjectVersion:   Dev-Editor (E4B068ED-F494-42E9-A231-DA0B2E46BB41): 40
LogDevObjectVersion:   Dev-Framework (CFFC743F-43B0-4480-9391-14DF171D2073): 37
LogDevObjectVersion:   Dev-Mobile (B02B49B5-BB20-44E9-A304-32B752E40360): 3
LogDevObjectVersion:   Dev-Networking (A4E4105C-59A1-49B5-A7C5-40C4547EDFEE): 0
LogDevObjectVersion:   Dev-Online (39C831C9-5AE6-47DC-9A44-9C173E1C8E7C): 0
LogDevObjectVersion:   Dev-Physics (78F01B33-EBEA-4F98-B9B4-84EACCB95AA2): 14
LogDevObjectVersion:   Dev-Platform (6631380F-2D4D-43E0-8009-CF276956A95A): 0
LogDevObjectVersion:   Dev-Rendering (12F88B9F-8875-4AFC-A67C-D90C383ABD29): 45
LogDevObjectVersion:   Dev-Sequencer (7B5AE74C-D270-4C10-A958-57980B212A5A): 13
LogDevObjectVersion:   Dev-VR (D7296918-1DD6-4BDD-9DE2-64A83CC13884): 3
LogDevObjectVersion:   Dev-LoadTimes (C2A15278-BFE7-4AFE-6C17-90FF531DF755): 1
LogDevObjectVersion:   Private-Geometry (6EACA3D4-40EC-4CC1-B786-8BED09428FC5): 3
LogDevObjectVersion:   Dev-AnimPhys (29E575DD-E0A3-4627-9D10-D276232CDCEA): 17
LogDevObjectVersion:   Dev-Anim (AF43A65D-7FD3-4947-9873-3E8ED9C1BB05): 15
LogDevObjectVersion:   Dev-ReflectionCapture (6B266CEC-1EC7-4B8F-A30B-E4D90942FC07): 1
LogDevObjectVersion:   Dev-Automation (0DF73D61-A23F-47EA-B727-89E90C41499A): 1
LogDevObjectVersion:   FortniteMain (601D1886-AC64-4F84-AA16-D3DE0DEAC7D6): 47
LogDevObjectVersion:   FortniteRelease (E7086368-6B23-4C58-8439-1B7016265E91): 1
LogDevObjectVersion:   Dev-Enterprise (9DFFBCD6-494F-0158-E221-12823C92A888): 10
LogDevObjectVersion:   Dev-Niagara (F2AED0AC-9AFE-416F-8664-AA7FFA26D6FC): 1
LogDevObjectVersion:   Dev-Destruction (174F1F0B-B4C6-45A5-B13F-2EE8D0FB917D): 10
LogDevObjectVersion:   Dev-Physics-Ext (35F94A83-E258-406C-A318-09F59610247C): 41
LogDevObjectVersion:   Dev-PhysicsMaterial-Chaos (B68FC16E-8B1B-42E2-B453-215C058844FE): 1
LogDevObjectVersion:   Dev-CineCamera (B2E18506-4273-CFC2-A54E-F4BB758BBA07): 1
LogDevObjectVersion:   Dev-VirtualProduction (64F58936-FD1B-42BA-BA96-7289D5D0FA4E): 1
LogDevObjectVersion:   Dev-MediaFramework (6F0ED827-A609-4895-9C91-998D90180EA4): 2
LogLinker: AddRedirectList(C:/LastStep/PROJECT-LAST-STEP/Playtime_Multiplayer/Saved/Config/Windows/VaRest.ini) has substring redirect /VaRestPlugin/, these are very slow and should be resolved as soon as possible!
LogInit: Presizing for max 25165824 objects, including 0 objects not considered by GC, pre-allocating 0 bytes for permanent pool.
LogConfig: Applying CVar settings from Section [/Script/Engine.StreamingSettings] File [C:/LastStep/PROJECT-LAST-STEP/Playtime_Multiplayer/Saved/Config/Windows/Engine.ini]
LogConfig: Setting CVar [[s.MinBulkDataSizeForAsyncLoading:131072]]
LogConfig: Setting CVar [[s.AsyncLoadingThreadEnabled:0]]
LogConfig: Setting CVar [[s.EventDrivenLoaderEnabled:1]]
LogConfig: Setting CVar [[s.WarnIfTimeLimitExceeded:0]]
LogConfig: Setting CVar [[s.TimeLimitExceededMultiplier:1.5]]
LogConfig: Setting CVar [[s.TimeLimitExceededMinTime:0.005]]
LogConfig: Setting CVar [[s.UseBackgroundLevelStreaming:1]]
LogConfig: Setting CVar [[s.PriorityAsyncLoadingExtraTime:15.0]]
LogConfig: Setting CVar [[s.LevelStreamingActorsUpdateTimeLimit:5.0]]
LogConfig: Setting CVar [[s.PriorityLevelStreamingActorsUpdateExtraTime:5.0]]
LogConfig: Setting CVar [[s.LevelStreamingComponentsRegistrationGranularity:10]]
LogConfig: Setting CVar [[s.UnregisterComponentsTimeLimit:1.0]]
LogConfig: Setting CVar [[s.LevelStreamingComponentsUnregistrationGranularity:5]]
LogConfig: Setting CVar [[s.FlushStreamingOnExit:1]]
LogInit: Object subsystem initialized
LogConfig: Setting CVar [[con.DebugEarlyDefault:1]]
LogConfig: Setting CVar [[r.setres:1280x720]]
[2026.04.26-10.26.58:979][  0]LogConfig: Setting CVar [[r.VSync:0]]
[2026.04.26-10.26.58:979][  0]LogConfig: Setting CVar [[r.RHICmdBypass:0]]
[2026.04.26-10.26.58:979][  0]LogConfig: Applying CVar settings from Section [/Script/Engine.RendererSettings] File [C:/LastStep/PROJECT-LAST-STEP/Playtime_Multiplayer/Saved/Config/Windows/Engine.ini]
[2026.04.26-10.26.58:979][  0]LogConfig: Setting CVar [[r.GPUCrashDebugging:0]]
[2026.04.26-10.26.58:979][  0]LogConfig: Applying CVar settings from Section [/Script/Engine.RendererOverrideSettings] File [C:/LastStep/PROJECT-LAST-STEP/Playtime_Multiplayer/Saved/Config/Windows/Engine.ini]
[2026.04.26-10.26.58:979][  0]LogConfig: Applying CVar settings from Section [/Script/Engine.StreamingSettings] File [C:/LastStep/PROJECT-LAST-STEP/Playtime_Multiplayer/Saved/Config/Windows/Engine.ini]
[2026.04.26-10.26.58:979][  0]LogConfig: Setting CVar [[s.MinBulkDataSizeForAsyncLoading:131072]]
[2026.04.26-10.26.58:979][  0]LogConfig: Setting CVar [[s.AsyncLoadingThreadEnabled:0]]
[2026.04.26-10.26.58:979][  0]LogConfig: Setting CVar [[s.EventDrivenLoaderEnabled:1]]
[2026.04.26-10.26.58:979][  0]LogConfig: Setting CVar [[s.WarnIfTimeLimitExceeded:0]]
[2026.04.26-10.26.58:979][  0]LogConfig: Setting CVar [[s.TimeLimitExceededMultiplier:1.5]]
[2026.04.26-10.26.58:979][  0]LogConfig: Setting CVar [[s.TimeLimitExceededMinTime:0.005]]
[2026.04.26-10.26.58:979][  0]LogConfig: Setting CVar [[s.UseBackgroundLevelStreaming:1]]
[2026.04.26-10.26.58:979][  0]LogConfig: Setting CVar [[s.PriorityAsyncLoadingExtraTime:15.0]]
[2026.04.26-10.26.58:979][  0]LogConfig: Setting CVar [[s.LevelStreamingActorsUpdateTimeLimit:5.0]]
[2026.04.26-10.26.58:979][  0]LogConfig: Setting CVar [[s.PriorityLevelStreamingActorsUpdateExtraTime:5.0]]
[2026.04.26-10.26.58:979][  0]LogConfig: Setting CVar [[s.LevelStreamingComponentsRegistrationGranularity:10]]
[2026.04.26-10.26.58:979][  0]LogConfig: Setting CVar [[s.UnregisterComponentsTimeLimit:1.0]]
[2026.04.26-10.26.58:979][  0]LogConfig: Setting CVar [[s.LevelStreamingComponentsUnregistrationGranularity:5]]
[2026.04.26-10.26.58:979][  0]LogConfig: Setting CVar [[s.FlushStreamingOnExit:1]]
[2026.04.26-10.26.58:979][  0]LogConfig: Applying CVar settings from Section [/Script/Engine.GarbageCollectionSettings] File [C:/LastStep/PROJECT-LAST-STEP/Playtime_Multiplayer/Saved/Config/Windows/Engine.ini]
[2026.04.26-10.26.58:979][  0]LogConfig: Setting CVar [[gc.MaxObjectsNotConsideredByGC:1]]
[2026.04.26-10.26.58:979][  0]LogConfig: Setting CVar [[gc.SizeOfPermanentObjectPool:0]]
[2026.04.26-10.26.58:979][  0]LogConfig: Setting CVar [[gc.FlushStreamingOnGC:0]]
[2026.04.26-10.26.58:979][  0]LogConfig: Setting CVar [[gc.NumRetriesBeforeForcingGC:10]]
[2026.04.26-10.26.58:979][  0]LogConfig: Setting CVar [[gc.AllowParallelGC:1]]
[2026.04.26-10.26.58:979][  0]LogConfig: Setting CVar [[gc.TimeBetweenPurgingPendingKillObjects:61.1]]
[2026.04.26-10.26.58:979][  0]LogConfig: Setting CVar [[gc.MaxObjectsInEditor:25165824]]
[2026.04.26-10.26.58:979][  0]LogConfig: Setting CVar [[gc.IncrementalBeginDestroyEnabled:1]]
[2026.04.26-10.26.58:979][  0]LogConfig: Setting CVar [[gc.CreateGCClusters:1]]
[2026.04.26-10.26.58:979][  0]LogConfig: Setting CVar [[gc.MinGCClusterSize:5]]
[2026.04.26-10.26.58:979][  0]LogConfig: Setting CVar [[gc.ActorClusteringEnabled:0]]
[2026.04.26-10.26.58:979][  0]LogConfig: Setting CVar [[gc.BlueprintClusteringEnabled:0]]
[2026.04.26-10.26.58:979][  0]LogConfig: Setting CVar [[gc.UseDisregardForGCOnDedicatedServers:0]]
[2026.04.26-10.26.58:979][  0]LogConfig: Setting CVar [[gc.MultithreadedDestructionEnabled:1]]
[2026.04.26-10.26.58:980][  0]LogConfig: Applying CVar settings from Section [/Script/Engine.NetworkSettings] File [C:/LastStep/PROJECT-LAST-STEP/Playtime_Multiplayer/Saved/Config/Windows/Engine.ini]
[2026.04.26-10.26.58:980][  0]LogConfig: Applying CVar settings from Section [/Script/UnrealEd.CookerSettings] File [C:/LastStep/PROJECT-LAST-STEP/Playtime_Multiplayer/Saved/Config/Windows/Engine.ini]
[2026.04.26-10.26.58:990][  0]LogConfig: Applying CVar settings from Section [ViewDistanceQuality@3] File [C:/LastStep/PROJECT-LAST-STEP/Playtime_Multiplayer/Saved/Config/Windows/Scalability.ini]
[2026.04.26-10.26.58:991][  0]LogConfig: Setting CVar [[r.SkeletalMeshLODBias:0]]
[2026.04.26-10.26.58:991][  0]LogConfig: Setting CVar [[r.ViewDistanceScale:1.0]]
[2026.04.26-10.26.58:991][  0]LogConfig: Applying CVar settings from Section [AntiAliasingQuality@3] File [C:/LastStep/PROJECT-LAST-STEP/Playtime_Multiplayer/Saved/Config/Windows/Scalability.ini]
[2026.04.26-10.26.58:991][  0]LogConfig: Setting CVar [[r.PostProcessAAQuality:4]]
[2026.04.26-10.26.58:991][  0]LogConfig: Applying CVar settings from Section [ShadowQuality@3] File [C:/LastStep/PROJECT-LAST-STEP/Playtime_Multiplayer/Saved/Config/Windows/Scalability.ini]
[2026.04.26-10.26.58:991][  0]LogConfig: Setting CVar [[r.LightFunctionQuality:1]]
[2026.04.26-10.26.58:991][  0]LogConfig: Setting CVar [[r.ShadowQuality:5]]
[2026.04.26-10.26.58:991][  0]LogConfig: Setting CVar [[r.Shadow.CSM.MaxCascades:10]]
[2026.04.26-10.26.58:991][  0]LogConfig: Setting CVar [[r.Shadow.MaxResolution:2048]]
[2026.04.26-10.26.58:991][  0]LogConfig: Setting CVar [[r.Shadow.MaxCSMResolution:2048]]
[2026.04.26-10.26.58:991][  0]LogConfig: Setting CVar [[r.Shadow.RadiusThreshold:0.01]]
[2026.04.26-10.26.58:991][  0]LogConfig: Setting CVar [[r.Shadow.DistanceScale:1.0]]
[2026.04.26-10.26.58:991][  0]LogConfig: Setting CVar [[r.Shadow.CSM.TransitionScale:1.0]]
[2026.04.26-10.26.58:991][  0]LogConfig: Setting CVar [[r.Shadow.PreShadowResolutionFactor:1.0]]
[2026.04.26-10.26.58:991][  0]LogConfig: Setting CVar [[r.DistanceFieldShadowing:1]]
[2026.04.26-10.26.58:991][  0]LogConfig: Setting CVar [[r.DistanceFieldAO:1]]
[2026.04.26-10.26.58:991][  0]LogConfig: Setting CVar [[r.AOQuality:2]]
[2026.04.26-10.26.58:991][  0]LogConfig: Setting CVar [[r.VolumetricFog:1]]
[2026.04.26-10.26.58:991][  0]LogConfig: Setting CVar [[r.VolumetricFog.GridPixelSize:8]]
[2026.04.26-10.26.58:991][  0]LogConfig: Setting CVar [[r.VolumetricFog.GridSizeZ:128]]
[2026.04.26-10.26.58:991][  0]LogConfig: Setting CVar [[r.VolumetricFog.HistoryMissSupersampleCount:4]]
[2026.04.26-10.26.58:991][  0]LogConfig: Setting CVar [[r.LightMaxDrawDistanceScale:1]]
[2026.04.26-10.26.58:991][  0]LogConfig: Setting CVar [[r.CapsuleShadows:1]]
[2026.04.26-10.26.58:991][  0]LogConfig: Applying CVar settings from Section [PostProcessQuality@3] File [C:/LastStep/PROJECT-LAST-STEP/Playtime_Multiplayer/Saved/Config/Windows/Scalability.ini]
[2026.04.26-10.26.58:991][  0]LogConfig: Setting CVar [[r.MotionBlurQuality:4]]
[2026.04.26-10.26.58:991][  0]LogConfig: Setting CVar [[r.AmbientOcclusionMipLevelFactor:0.4]]
[2026.04.26-10.26.58:991][  0]LogConfig: Setting CVar [[r.AmbientOcclusionMaxQuality:100]]
[2026.04.26-10.26.58:991][  0]LogConfig: Setting CVar [[r.AmbientOcclusionLevels:-1]]
[2026.04.26-10.26.58:991][  0]LogConfig: Setting CVar [[r.AmbientOcclusionRadiusScale:1.0]]
[2026.04.26-10.26.58:991][  0]LogConfig: Setting CVar [[r.DepthOfFieldQuality:2]]
[2026.04.26-10.26.58:991][  0]LogConfig: Setting CVar [[r.RenderTargetPoolMin:400]]
[2026.04.26-10.26.58:991][  0]LogConfig: Setting CVar [[r.LensFlareQuality:2]]
[2026.04.26-10.26.58:991][  0]LogConfig: Setting CVar [[r.SceneColorFringeQuality:1]]
[2026.04.26-10.26.58:991][  0]LogConfig: Setting CVar [[r.EyeAdaptationQuality:2]]
[2026.04.26-10.26.58:991][  0]LogConfig: Setting CVar [[r.BloomQuality:5]]
[2026.04.26-10.26.58:991][  0]LogConfig: Setting CVar [[r.FastBlurThreshold:100]]
[2026.04.26-10.26.58:991][  0]LogConfig: Setting CVar [[r.Upscale.Quality:3]]
[2026.04.26-10.26.58:991][  0]LogConfig: Setting CVar [[r.Tonemapper.GrainQuantization:1]]
[2026.04.26-10.26.58:991][  0]LogConfig: Setting CVar [[r.LightShaftQuality:1]]
[2026.04.26-10.26.58:991][  0]LogConfig: Setting CVar [[r.Filter.SizeScale:1]]
[2026.04.26-10.26.58:991][  0]LogConfig: Setting CVar [[r.Tonemapper.Quality:5]]
[2026.04.26-10.26.58:991][  0]LogConfig: Setting CVar [[r.DOF.Gather.AccumulatorQuality:1        ; higher gathering accumulator quality]]
[2026.04.26-10.26.58:991][  0]LogConfig: Setting CVar [[r.DOF.Gather.PostfilterMethod:1          ; Median3x3 postfilering method]]
[2026.04.26-10.26.58:991][  0]LogConfig: Setting CVar [[r.DOF.Gather.EnableBokehSettings:0       ; no bokeh simulation when gathering]]
[2026.04.26-10.26.58:991][  0]LogConfig: Setting CVar [[r.DOF.Gather.RingCount:4                 ; medium number of samples when gathering]]
[2026.04.26-10.26.58:991][  0]LogConfig: Setting CVar [[r.DOF.Scatter.ForegroundCompositing:1    ; additive foreground scattering]]
[2026.04.26-10.26.58:991][  0]LogConfig: Setting CVar [[r.DOF.Scatter.BackgroundCompositing:2    ; additive background scattering]]
[2026.04.26-10.26.58:991][  0]LogConfig: Setting CVar [[r.DOF.Scatter.EnableBokehSettings:1      ; bokeh simulation when scattering]]
[2026.04.26-10.26.58:991][  0]LogConfig: Setting CVar [[r.DOF.Scatter.MaxSpriteRatio:0.1         ; only a maximum of 10% of scattered bokeh]]
[2026.04.26-10.26.58:991][  0]LogConfig: Setting CVar [[r.DOF.Recombine.Quality:1                ; cheap slight out of focus]]
[2026.04.26-10.26.58:991][  0]LogConfig: Setting CVar [[r.DOF.Recombine.EnableBokehSettings:0    ; no bokeh simulation on slight out of focus]]
[2026.04.26-10.26.58:991][  0]LogConfig: Setting CVar [[r.DOF.TemporalAAQuality:1                ; more stable temporal accumulation]]
[2026.04.26-10.26.58:991][  0]LogConfig: Setting CVar [[r.DOF.Kernel.MaxForegroundRadius:0.025]]
[2026.04.26-10.26.58:991][  0]LogConfig: Setting CVar [[r.DOF.Kernel.MaxBackgroundRadius:0.025]]
[2026.04.26-10.26.58:991][  0]LogConfig: Applying CVar settings from Section [TextureQuality@3] File [C:/LastStep/PROJECT-LAST-STEP/Playtime_Multiplayer/Saved/Config/Windows/Scalability.ini]
[2026.04.26-10.26.58:991][  0]LogConfig: Setting CVar [[r.Streaming.MipBias:0]]
[2026.04.26-10.26.58:991][  0]LogConfig: Setting CVar [[r.Streaming.AmortizeCPUToGPUCopy:0]]
[2026.04.26-10.26.58:991][  0]LogConfig: Setting CVar [[r.Streaming.MaxNumTexturesToStreamPerFrame:0]]
[2026.04.26-10.26.58:991][  0]LogConfig: Setting CVar [[r.Streaming.Boost:1]]
[2026.04.26-10.26.58:991][  0]LogConfig: Setting CVar [[r.MaxAnisotropy:8]]
[2026.04.26-10.26.58:991][  0]LogConfig: Setting CVar [[r.VT.MaxAnisotropy:8]]
[2026.04.26-10.26.58:991][  0]LogConfig: Setting CVar [[r.Streaming.LimitPoolSizeToVRAM:0]]
[2026.04.26-10.26.58:991][  0]LogConfig: Setting CVar [[r.Streaming.PoolSize:1000]]
[2026.04.26-10.26.58:991][  0]LogConfig: Setting CVar [[r.Streaming.MaxEffectiveScreenSize:0]]
[2026.04.26-10.26.58:991][  0]LogConfig: Applying CVar settings from Section [EffectsQuality@3] File [C:/LastStep/PROJECT-LAST-STEP/Playtime_Multiplayer/Saved/Config/Windows/Scalability.ini]
[2026.04.26-10.26.58:991][  0]LogConfig: Setting CVar [[r.TranslucencyLightingVolumeDim:64]]
[2026.04.26-10.26.58:991][  0]LogConfig: Setting CVar [[r.RefractionQuality:2]]
[2026.04.26-10.26.58:991][  0]LogConfig: Setting CVar [[r.SSR.Quality:3]]
[2026.04.26-10.26.58:991][  0]LogConfig: Setting CVar [[r.SSR.HalfResSceneColor:0]]
[2026.04.26-10.26.58:991][  0]LogConfig: Setting CVar [[r.SceneColorFormat:4]]
[2026.04.26-10.26.58:991][  0]LogConfig: Setting CVar [[r.DetailMode:2]]
[2026.04.26-10.26.58:991][  0]LogConfig: Setting CVar [[r.TranslucencyVolumeBlur:1]]
[2026.04.26-10.26.58:991][  0]LogConfig: Setting CVar [[r.MaterialQualityLevel:1 ; High quality]]
[2026.04.26-10.26.58:991][  0]LogConfig: Setting CVar [[r.AnisotropicMaterials:1]]
[2026.04.26-10.26.58:991][  0]LogConfig: Setting CVar [[r.SSS.Scale:1]]
[2026.04.26-10.26.58:991][  0]LogConfig: Setting CVar [[r.SSS.SampleSet:2]]
[2026.04.26-10.26.58:991][  0]LogConfig: Setting CVar [[r.SSS.Quality:1]]
[2026.04.26-10.26.58:991][  0]LogConfig: Setting CVar [[r.SSS.HalfRes:0]]
[2026.04.26-10.26.58:991][  0]LogConfig: Setting CVar [[r.SSGI.Quality:3]]
[2026.04.26-10.26.58:991][  0]LogConfig: Setting CVar [[r.EmitterSpawnRateScale:1.0]]
[2026.04.26-10.26.58:991][  0]LogConfig: Setting CVar [[r.ParticleLightQuality:2]]
[2026.04.26-10.26.58:991][  0]LogConfig: Setting CVar [[r.SkyAtmosphere.AerialPerspectiveLUT.FastApplyOnOpaque:1 ; Always have FastSkyLUT 1 in this case to avoid wrong sky]]
[2026.04.26-10.26.58:991][  0]LogConfig: Setting CVar [[r.SkyAtmosphere.AerialPerspectiveLUT.SampleCountMaxPerSlice:4]]
[2026.04.26-10.26.58:991][  0]LogConfig: Setting CVar [[r.SkyAtmosphere.AerialPerspectiveLUT.DepthResolution:16.0]]
[2026.04.26-10.26.58:991][  0]LogConfig: Setting CVar [[r.SkyAtmosphere.FastSkyLUT:1]]
[2026.04.26-10.26.58:991][  0]LogConfig: Setting CVar [[r.SkyAtmosphere.FastSkyLUT.SampleCountMin:4.0]]
[2026.04.26-10.26.58:991][  0]LogConfig: Setting CVar [[r.SkyAtmosphere.FastSkyLUT.SampleCountMax:128.0]]
[2026.04.26-10.26.58:991][  0]LogConfig: Setting CVar [[r.SkyAtmosphere.SampleCountMin:4.0]]
[2026.04.26-10.26.58:991][  0]LogConfig: Setting CVar [[r.SkyAtmosphere.SampleCountMax:128.0]]
[2026.04.26-10.26.58:991][  0]LogConfig: Setting CVar [[r.SkyAtmosphere.TransmittanceLUT.UseSmallFormat:0]]
[2026.04.26-10.26.58:991][  0]LogConfig: Setting CVar [[r.SkyAtmosphere.TransmittanceLUT.SampleCount:10.0]]
[2026.04.26-10.26.58:991][  0]LogConfig: Setting CVar [[r.SkyAtmosphere.MultiScatteringLUT.SampleCount:15.0]]
[2026.04.26-10.26.58:991][  0]LogConfig: Setting CVar [[r.SkyLight.RealTimeReflectionCapture:1]]
[2026.04.26-10.26.58:991][  0]LogConfig: Applying CVar settings from Section [FoliageQuality@3] File [C:/LastStep/PROJECT-LAST-STEP/Playtime_Multiplayer/Saved/Config/Windows/Scalability.ini]
[2026.04.26-10.26.58:991][  0]LogConfig: Setting CVar [[foliage.DensityScale:1.0]]
[2026.04.26-10.26.58:991][  0]LogConfig: Setting CVar [[grass.DensityScale:1.0]]
[2026.04.26-10.26.58:991][  0]LogConfig: Applying CVar settings from Section [ShadingQuality@3] File [C:/LastStep/PROJECT-LAST-STEP/Playtime_Multiplayer/Saved/Config/Windows/Scalability.ini]
[2026.04.26-10.26.58:991][  0]LogConfig: Setting CVar [[r.HairStrands.SkyLighting.IntegrationType:2]]
[2026.04.26-10.26.58:991][  0]LogConfig: Setting CVar [[r.HairStrands.SkyAO.SampleCount:4]]
[2026.04.26-10.26.58:991][  0]LogConfig: Setting CVar [[r.HairStrands.Visibility.MSAA.SamplePerPixel:4]]
[2026.04.26-10.26.58:991][  0]LogInit: Selected Device Profile: [Windows]
[2026.04.26-10.26.58:992][  0]LogInit: Applying CVar settings loaded from the selected device profile: [Windows]
[2026.04.26-10.26.58:992][  0]LogHAL: Display: Platform has ~ 6 GB [6358228992 / 8589934592 / 6], which maps to Smaller [LargestMinGB=32, LargerMinGB=12, DefaultMinGB=8, SmallerMinGB=6, SmallestMinGB=0)
[2026.04.26-10.26.58:993][  0]LogInit: Going up to parent DeviceProfile []
[2026.04.26-10.26.58:993][  0]LogConfig: Applying CVar settings from Section [ViewDistanceQuality@3] File [C:/LastStep/PROJECT-LAST-STEP/Playtime_Multiplayer/Saved/Config/Windows/Scalability.ini]
[2026.04.26-10.26.58:994][  0]LogConfig: Setting CVar [[r.SkeletalMeshLODBias:0]]
[2026.04.26-10.26.58:994][  0]LogConfig: Setting CVar [[r.ViewDistanceScale:1.0]]
[2026.04.26-10.26.58:994][  0]LogConfig: Applying CVar settings from Section [AntiAliasingQuality@3] File [C:/LastStep/PROJECT-LAST-STEP/Playtime_Multiplayer/Saved/Config/Windows/Scalability.ini]
[2026.04.26-10.26.58:994][  0]LogConfig: Setting CVar [[r.PostProcessAAQuality:4]]
[2026.04.26-10.26.58:994][  0]LogConfig: Applying CVar settings from Section [ShadowQuality@3] File [C:/LastStep/PROJECT-LAST-STEP/Playtime_Multiplayer/Saved/Config/Windows/Scalability.ini]
[2026.04.26-10.26.58:994][  0]LogConfig: Setting CVar [[r.LightFunctionQuality:1]]
[2026.04.26-10.26.58:994][  0]LogConfig: Setting CVar [[r.ShadowQuality:5]]
[2026.04.26-10.26.58:994][  0]LogConfig: Setting CVar [[r.Shadow.CSM.MaxCascades:10]]
[2026.04.26-10.26.58:994][  0]LogConfig: Setting CVar [[r.Shadow.MaxResolution:2048]]
[2026.04.26-10.26.58:994][  0]LogConfig: Setting CVar [[r.Shadow.MaxCSMResolution:2048]]
[2026.04.26-10.26.58:994][  0]LogConfig: Setting CVar [[r.Shadow.RadiusThreshold:0.01]]
[2026.04.26-10.26.58:994][  0]LogConfig: Setting CVar [[r.Shadow.DistanceScale:1.0]]
[2026.04.26-10.26.58:994][  0]LogConfig: Setting CVar [[r.Shadow.CSM.TransitionScale:1.0]]
[2026.04.26-10.26.58:994][  0]LogConfig: Setting CVar [[r.Shadow.PreShadowResolutionFactor:1.0]]
[2026.04.26-10.26.58:994][  0]LogConfig: Setting CVar [[r.DistanceFieldShadowing:1]]
[2026.04.26-10.26.58:994][  0]LogConfig: Setting CVar [[r.DistanceFieldAO:1]]
[2026.04.26-10.26.58:994][  0]LogConfig: Setting CVar [[r.AOQuality:2]]
[2026.04.26-10.26.58:994][  0]LogConfig: Setting CVar [[r.VolumetricFog:1]]
[2026.04.26-10.26.58:994][  0]LogConfig: Setting CVar [[r.VolumetricFog.GridPixelSize:8]]
[2026.04.26-10.26.58:994][  0]LogConfig: Setting CVar [[r.VolumetricFog.GridSizeZ:128]]
[2026.04.26-10.26.58:994][  0]LogConfig: Setting CVar [[r.VolumetricFog.HistoryMissSupersampleCount:4]]
[2026.04.26-10.26.58:994][  0]LogConfig: Setting CVar [[r.LightMaxDrawDistanceScale:1]]
[2026.04.26-10.26.58:994][  0]LogConfig: Setting CVar [[r.CapsuleShadows:1]]
[2026.04.26-10.26.58:994][  0]LogConfig: Applying CVar settings from Section [PostProcessQuality@3] File [C:/LastStep/PROJECT-LAST-STEP/Playtime_Multiplayer/Saved/Config/Windows/Scalability.ini]
[2026.04.26-10.26.58:994][  0]LogConfig: Setting CVar [[r.MotionBlurQuality:4]]
[2026.04.26-10.26.58:994][  0]LogConfig: Setting CVar [[r.AmbientOcclusionMipLevelFactor:0.4]]
[2026.04.26-10.26.58:994][  0]LogConfig: Setting CVar [[r.AmbientOcclusionMaxQuality:100]]
[2026.04.26-10.26.58:994][  0]LogConfig: Setting CVar [[r.AmbientOcclusionLevels:-1]]
[2026.04.26-10.26.58:994][  0]LogConfig: Setting CVar [[r.AmbientOcclusionRadiusScale:1.0]]
[2026.04.26-10.26.58:994][  0]LogConfig: Setting CVar [[r.DepthOfFieldQuality:2]]
[2026.04.26-10.26.58:994][  0]LogConfig: Setting CVar [[r.RenderTargetPoolMin:400]]
[2026.04.26-10.26.58:994][  0]LogConfig: Setting CVar [[r.LensFlareQuality:2]]
[2026.04.26-10.26.58:994][  0]LogConfig: Setting CVar [[r.SceneColorFringeQuality:1]]
[2026.04.26-10.26.58:994][  0]LogConfig: Setting CVar [[r.EyeAdaptationQuality:2]]
[2026.04.26-10.26.58:994][  0]LogConfig: Setting CVar [[r.BloomQuality:5]]
[2026.04.26-10.26.58:994][  0]LogConfig: Setting CVar [[r.FastBlurThreshold:100]]
[2026.04.26-10.26.58:994][  0]LogConfig: Setting CVar [[r.Upscale.Quality:3]]
[2026.04.26-10.26.58:994][  0]LogConfig: Setting CVar [[r.Tonemapper.GrainQuantization:1]]
[2026.04.26-10.26.58:994][  0]LogConfig: Setting CVar [[r.LightShaftQuality:1]]
[2026.04.26-10.26.58:994][  0]LogConfig: Setting CVar [[r.Filter.SizeScale:1]]
[2026.04.26-10.26.58:994][  0]LogConfig: Setting CVar [[r.Tonemapper.Quality:5]]
[2026.04.26-10.26.58:994][  0]LogConfig: Setting CVar [[r.DOF.Gather.AccumulatorQuality:1        ; higher gathering accumulator quality]]
[2026.04.26-10.26.58:994][  0]LogConfig: Setting CVar [[r.DOF.Gather.PostfilterMethod:1          ; Median3x3 postfilering method]]
[2026.04.26-10.26.58:994][  0]LogConfig: Setting CVar [[r.DOF.Gather.EnableBokehSettings:0       ; no bokeh simulation when gathering]]
[2026.04.26-10.26.58:994][  0]LogConfig: Setting CVar [[r.DOF.Gather.RingCount:4                 ; medium number of samples when gathering]]
[2026.04.26-10.26.58:994][  0]LogConfig: Setting CVar [[r.DOF.Scatter.ForegroundCompositing:1    ; additive foreground scattering]]
[2026.04.26-10.26.58:994][  0]LogConfig: Setting CVar [[r.DOF.Scatter.BackgroundCompositing:2    ; additive background scattering]]
[2026.04.26-10.26.58:994][  0]LogConfig: Setting CVar [[r.DOF.Scatter.EnableBokehSettings:1      ; bokeh simulation when scattering]]
[2026.04.26-10.26.58:994][  0]LogConfig: Setting CVar [[r.DOF.Scatter.MaxSpriteRatio:0.1         ; only a maximum of 10% of scattered bokeh]]
[2026.04.26-10.26.58:994][  0]LogConfig: Setting CVar [[r.DOF.Recombine.Quality:1                ; cheap slight out of focus]]
[2026.04.26-10.26.58:994][  0]LogConfig: Setting CVar [[r.DOF.Recombine.EnableBokehSettings:0    ; no bokeh simulation on slight out of focus]]
[2026.04.26-10.26.58:994][  0]LogConfig: Setting CVar [[r.DOF.TemporalAAQuality:1                ; more stable temporal accumulation]]
[2026.04.26-10.26.58:994][  0]LogConfig: Setting CVar [[r.DOF.Kernel.MaxForegroundRadius:0.025]]
[2026.04.26-10.26.58:994][  0]LogConfig: Setting CVar [[r.DOF.Kernel.MaxBackgroundRadius:0.025]]
[2026.04.26-10.26.58:994][  0]LogConfig: Applying CVar settings from Section [TextureQuality@3] File [C:/LastStep/PROJECT-LAST-STEP/Playtime_Multiplayer/Saved/Config/Windows/Scalability.ini]
[2026.04.26-10.26.58:994][  0]LogConfig: Setting CVar [[r.Streaming.MipBias:0]]
[2026.04.26-10.26.58:994][  0]LogConfig: Setting CVar [[r.Streaming.AmortizeCPUToGPUCopy:0]]
[2026.04.26-10.26.58:994][  0]LogConfig: Setting CVar [[r.Streaming.MaxNumTexturesToStreamPerFrame:0]]
[2026.04.26-10.26.58:994][  0]LogConfig: Setting CVar [[r.Streaming.Boost:1]]
[2026.04.26-10.26.58:994][  0]LogConfig: Setting CVar [[r.MaxAnisotropy:8]]
[2026.04.26-10.26.58:994][  0]LogConfig: Setting CVar [[r.VT.MaxAnisotropy:8]]
[2026.04.26-10.26.58:994][  0]LogConfig: Setting CVar [[r.Streaming.LimitPoolSizeToVRAM:0]]
[2026.04.26-10.26.58:994][  0]LogConfig: Setting CVar [[r.Streaming.PoolSize:1000]]
[2026.04.26-10.26.58:994][  0]LogConfig: Setting CVar [[r.Streaming.MaxEffectiveScreenSize:0]]
[2026.04.26-10.26.58:994][  0]LogConfig: Applying CVar settings from Section [EffectsQuality@3] File [C:/LastStep/PROJECT-LAST-STEP/Playtime_Multiplayer/Saved/Config/Windows/Scalability.ini]
[2026.04.26-10.26.58:994][  0]LogConfig: Setting CVar [[r.TranslucencyLightingVolumeDim:64]]
[2026.04.26-10.26.58:994][  0]LogConfig: Setting CVar [[r.RefractionQuality:2]]
[2026.04.26-10.26.58:994][  0]LogConfig: Setting CVar [[r.SSR.Quality:3]]
[2026.04.26-10.26.58:994][  0]LogConfig: Setting CVar [[r.SSR.HalfResSceneColor:0]]
[2026.04.26-10.26.58:994][  0]LogConfig: Setting CVar [[r.SceneColorFormat:4]]
[2026.04.26-10.26.58:994][  0]LogConfig: Setting CVar [[r.DetailMode:2]]
[2026.04.26-10.26.58:995][  0]LogConfig: Setting CVar [[r.TranslucencyVolumeBlur:1]]
[2026.04.26-10.26.58:995][  0]LogConfig: Setting CVar [[r.MaterialQualityLevel:1 ; High quality]]
[2026.04.26-10.26.58:995][  0]LogConfig: Setting CVar [[r.AnisotropicMaterials:1]]
[2026.04.26-10.26.58:995][  0]LogConfig: Setting CVar [[r.SSS.Scale:1]]
[2026.04.26-10.26.58:995][  0]LogConfig: Setting CVar [[r.SSS.SampleSet:2]]
[2026.04.26-10.26.58:995][  0]LogConfig: Setting CVar [[r.SSS.Quality:1]]
[2026.04.26-10.26.58:995][  0]LogConfig: Setting CVar [[r.SSS.HalfRes:0]]
[2026.04.26-10.26.58:995][  0]LogConfig: Setting CVar [[r.SSGI.Quality:3]]
[2026.04.26-10.26.58:995][  0]LogConfig: Setting CVar [[r.EmitterSpawnRateScale:1.0]]
[2026.04.26-10.26.58:995][  0]LogConfig: Setting CVar [[r.ParticleLightQuality:2]]
[2026.04.26-10.26.58:995][  0]LogConfig: Setting CVar [[r.SkyAtmosphere.AerialPerspectiveLUT.FastApplyOnOpaque:1 ; Always have FastSkyLUT 1 in this case to avoid wrong sky]]
[2026.04.26-10.26.58:995][  0]LogConfig: Setting CVar [[r.SkyAtmosphere.AerialPerspectiveLUT.SampleCountMaxPerSlice:4]]
[2026.04.26-10.26.58:995][  0]LogConfig: Setting CVar [[r.SkyAtmosphere.AerialPerspectiveLUT.DepthResolution:16.0]]
[2026.04.26-10.26.58:995][  0]LogConfig: Setting CVar [[r.SkyAtmosphere.FastSkyLUT:1]]
[2026.04.26-10.26.58:995][  0]LogConfig: Setting CVar [[r.SkyAtmosphere.FastSkyLUT.SampleCountMin:4.0]]
[2026.04.26-10.26.58:995][  0]LogConfig: Setting CVar [[r.SkyAtmosphere.FastSkyLUT.SampleCountMax:128.0]]
[2026.04.26-10.26.58:995][  0]LogConfig: Setting CVar [[r.SkyAtmosphere.SampleCountMin:4.0]]
[2026.04.26-10.26.58:995][  0]LogConfig: Setting CVar [[r.SkyAtmosphere.SampleCountMax:128.0]]
[2026.04.26-10.26.58:995][  0]LogConfig: Setting CVar [[r.SkyAtmosphere.TransmittanceLUT.UseSmallFormat:0]]
[2026.04.26-10.26.58:995][  0]LogConfig: Setting CVar [[r.SkyAtmosphere.TransmittanceLUT.SampleCount:10.0]]
[2026.04.26-10.26.58:995][  0]LogConfig: Setting CVar [[r.SkyAtmosphere.MultiScatteringLUT.SampleCount:15.0]]
[2026.04.26-10.26.58:995][  0]LogConfig: Setting CVar [[r.SkyLight.RealTimeReflectionCapture:1]]
[2026.04.26-10.26.58:995][  0]LogConfig: Applying CVar settings from Section [FoliageQuality@3] File [C:/LastStep/PROJECT-LAST-STEP/Playtime_Multiplayer/Saved/Config/Windows/Scalability.ini]
[2026.04.26-10.26.58:995][  0]LogConfig: Setting CVar [[foliage.DensityScale:1.0]]
[2026.04.26-10.26.58:995][  0]LogConfig: Setting CVar [[grass.DensityScale:1.0]]
[2026.04.26-10.26.58:995][  0]LogConfig: Applying CVar settings from Section [ShadingQuality@3] File [C:/LastStep/PROJECT-LAST-STEP/Playtime_Multiplayer/Saved/Config/Windows/Scalability.ini]
[2026.04.26-10.26.58:995][  0]LogConfig: Setting CVar [[r.HairStrands.SkyLighting.IntegrationType:2]]
[2026.04.26-10.26.58:995][  0]LogConfig: Setting CVar [[r.HairStrands.SkyAO.SampleCount:4]]
[2026.04.26-10.26.58:995][  0]LogConfig: Setting CVar [[r.HairStrands.Visibility.MSAA.SamplePerPixel:4]]
[2026.04.26-10.26.58:995][  0]LogConfig: Applying CVar settings from Section [Startup] File [../../../Engine/Config/ConsoleVariables.ini]
[2026.04.26-10.26.58:995][  0]LogConfig: Setting CVar [[net.UseAdaptiveNetUpdateFrequency:0]]
[2026.04.26-10.26.58:995][  0]LogConfig: Setting CVar [[p.chaos.AllowCreatePhysxBodies:1]]
[2026.04.26-10.26.58:995][  0]LogConfig: Setting CVar [[fx.SkipVectorVMBackendOptimizations:1]]
[2026.04.26-10.26.58:995][  0]LogConfig: Applying CVar settings from Section [ConsoleVariables] File [C:/LastStep/PROJECT-LAST-STEP/Playtime_Multiplayer/Saved/Config/Windows/Engine.ini]
[2026.04.26-10.26.58:995][  0]LogConfig: Applying CVar settings from Section [ConsoleVariables] File [C:/LastStep/PROJECT-LAST-STEP/Playtime_Multiplayer/Saved/Config/Windows/Editor.ini]
[2026.04.26-10.26.58:996][  0]LogInit: Computer: SIBIDI
[2026.04.26-10.26.58:996][  0]LogInit: User: Xdox2
[2026.04.26-10.26.58:996][  0]LogInit: CPU Page size=4096, Cores=2
[2026.04.26-10.26.58:996][  0]LogInit: High frequency timer resolution =10.000000 MHz
[2026.04.26-10.26.58:996][  0]LogMemory: Memory total: Physical=5.9GB (6GB approx)
[2026.04.26-10.26.58:996][  0]LogMemory: Platform Memory Stats for Windows
[2026.04.26-10.26.58:996][  0]LogMemory: Process Physical Memory: 143.59 MB used, 143.59 MB peak
[2026.04.26-10.26.58:996][  0]LogMemory: Process Virtual Memory: 115.16 MB used, 115.16 MB peak
[2026.04.26-10.26.58:996][  0]LogMemory: Physical Memory: 5344.49 MB used,  719.19 MB free, 6063.68 MB total
[2026.04.26-10.26.58:996][  0]LogMemory: Virtual Memory: 134211776.00 MB used,  5950.51 MB free, 134217728.00 MB total
[2026.04.26-10.26.59:010][  0]LogWindows: WindowsPlatformFeatures enabled
[2026.04.26-10.26.59:155][  0]LogInit: Physics initialised using underlying interface: PhysX
[2026.04.26-10.26.59:163][  0]LogInit: Using OS detected language (ru-RU).
[2026.04.26-10.26.59:163][  0]LogInit: Using OS detected locale (ru-RU).
[2026.04.26-10.26.59:192][  0]LogTextLocalizationManager: No specific localization for 'ru-RU' exists, so the 'ru' localization will be used.
[2026.04.26-10.26.59:193][  0]LogTextLocalizationResource: LocRes '../../../Engine/Content/Localization/Editor/ru/Editor.locres' could not be opened for reading!
[2026.04.26-10.26.59:193][  0]LogTextLocalizationResource: LocRes '../../../Engine/Content/Localization/EditorTutorials/ru/EditorTutorials.locres' could not be opened for reading!
[2026.04.26-10.26.59:193][  0]LogTextLocalizationResource: LocRes '../../../Engine/Content/Localization/Keywords/ru/Keywords.locres' could not be opened for reading!
[2026.04.26-10.26.59:193][  0]LogTextLocalizationResource: LocRes '../../../Engine/Content/Localization/Category/ru/Category.locres' could not be opened for reading!
[2026.04.26-10.26.59:194][  0]LogTextLocalizationResource: LocRes '../../../Engine/Content/Localization/ToolTips/ru/ToolTips.locres' could not be opened for reading!
[2026.04.26-10.26.59:194][  0]LogTextLocalizationResource: LocRes '../../../Engine/Content/Localization/PropertyNames/ru/PropertyNames.locres' could not be opened for reading!
[2026.04.26-10.26.59:194][  0]LogTextLocalizationResource: LocRes '../../../Engine/Content/Localization/Engine/ru/Engine.locres' could not be opened for reading!
[2026.04.26-10.26.59:258][  0]LogInit: Setting process to per monitor DPI aware
[2026.04.26-10.26.59:318][  0]LogWindowsTextInputMethodSystem: Display: IME system deactivated.
[2026.04.26-10.26.59:451][  0]LogSlate: New Slate User Created.  User Index 0, Is Virtual User: 0
[2026.04.26-10.26.59:451][  0]LogSlate: Slate User Registered.  User Index 0, Is Virtual User: 0
[2026.04.26-10.27.05:231][  0]LogD3D11RHI: Loaded GFSDK_Aftermath_Lib.x64.dll
[2026.04.26-10.27.05:236][  0]LogHMD: Failed to initialize OpenVR with code 110
[2026.04.26-10.27.05:236][  0]LogD3D11RHI: D3D11 min allowed feature level: 11_0
[2026.04.26-10.27.05:236][  0]LogD3D11RHI: D3D11 max allowed feature level: 11_0
[2026.04.26-10.27.05:236][  0]LogD3D11RHI: D3D11 adapters:
[2026.04.26-10.27.05:373][  0]LogD3D11RHI:    0. 'AMD Radeon(TM) Graphics' (Feature Level 11_0)
[2026.04.26-10.27.05:373][  0]LogD3D11RHI:       2033/0/3031 MB DedicatedVideo/DedicatedSystem/SharedSystem, Outputs:1, VendorId:0x1002
[2026.04.26-10.27.05:378][  0]LogD3D11RHI:    1. 'Microsoft Basic Render Driver' (Feature Level 11_0)
[2026.04.26-10.27.05:378][  0]LogD3D11RHI:       0/0/3031 MB DedicatedVideo/DedicatedSystem/SharedSystem, Outputs:0, VendorId:0x1414
[2026.04.26-10.27.05:378][  0]LogD3D11RHI: Chosen D3D11 Adapter:
[2026.04.26-10.27.05:378][  0]LogD3D11RHI:     Description : AMD Radeon(TM) Graphics
[2026.04.26-10.27.05:378][  0]LogD3D11RHI:     VendorId    : 1002
[2026.04.26-10.27.05:378][  0]LogD3D11RHI:     DeviceId    : 15d8
[2026.04.26-10.27.05:378][  0]LogD3D11RHI:     SubSysId    : 8706103c
[2026.04.26-10.27.05:378][  0]LogD3D11RHI:     Revision    : 00c4
[2026.04.26-10.27.05:378][  0]LogD3D11RHI:     DedicatedVideoMemory : 2132467712 bytes
[2026.04.26-10.27.05:378][  0]LogD3D11RHI:     DedicatedSystemMemory : 0 bytes
[2026.04.26-10.27.05:378][  0]LogD3D11RHI:     SharedSystemMemory : 3179114496 bytes
[2026.04.26-10.27.05:378][  0]LogD3D11RHI:     AdapterLuid : 0 69907
[2026.04.26-10.27.05:389][  0]LogD3D11RHI: Creating new Direct3DDevice
[2026.04.26-10.27.05:389][  0]LogD3D11RHI:     GPU DeviceId: 0x15d8 (for the marketing name, search the web for "GPU Device Id")
[2026.04.26-10.27.05:389][  0]LogWindows: EnumDisplayDevices:
[2026.04.26-10.27.05:389][  0]LogWindows:    0. 'AMD Radeon(TM) Graphics' (P:1 D:1)
[2026.04.26-10.27.05:390][  0]LogWindows:    1. 'AMD Radeon(TM) Graphics' (P:0 D:0)
[2026.04.26-10.27.05:390][  0]LogWindows:    2. 'AMD Radeon(TM) Graphics' (P:0 D:0)
[2026.04.26-10.27.05:390][  0]LogWindows: DebugString: FoundDriverCount:3 
[2026.04.26-10.27.05:390][  0]LogD3D11RHI:     Adapter Name: AMD Radeon(TM) Graphics
[2026.04.26-10.27.05:390][  0]LogD3D11RHI:   Driver Version: AMD Software: Adrenalin Edition 25.8.1 (internal:31.0.21923.11000, unified:31.0.21923.11000)
[2026.04.26-10.27.05:390][  0]LogD3D11RHI:      Driver Date: 7-1-2025
[2026.04.26-10.27.05:391][  0]LogRHI: Texture pool is 3191 MB (70% of 4558 MB)
[2026.04.26-10.27.05:576][  0]LogD3D11RHI: Creating D3DDevice with AMD AGS, using adapter:
[2026.04.26-10.27.05:576][  0]LogD3D11RHI:     Description : AMD Radeon(TM) Graphics
[2026.04.26-10.27.05:576][  0]LogD3D11RHI:     VendorId    : 1002
[2026.04.26-10.27.05:576][  0]LogD3D11RHI:     DeviceId    : 15d8
[2026.04.26-10.27.05:576][  0]LogD3D11RHI:     SubSysId    : 8706103c
[2026.04.26-10.27.05:576][  0]LogD3D11RHI:     Revision    : 00c4
[2026.04.26-10.27.05:576][  0]LogD3D11RHI:     DedicatedVideoMemory : 2132467712 bytes
[2026.04.26-10.27.05:576][  0]LogD3D11RHI:     DedicatedSystemMemory : 0 bytes
[2026.04.26-10.27.05:576][  0]LogD3D11RHI:     SharedSystemMemory : 3179114496 bytes
[2026.04.26-10.27.05:576][  0]LogD3D11RHI:     AdapterLuid : 0 69907
[2026.04.26-10.27.05:682][  0]LogD3D11RHI: Created device via AGS, feature level 11_0, supported extensions 1fffffbf.
[2026.04.26-10.27.05:682][  0]LogD3D11RHI: RHI has support for 64 bit atomics
[2026.04.26-10.27.05:682][  0]LogD3D11RHI: Async texture creation enabled
[2026.04.26-10.27.05:682][  0]LogD3D11RHI: Array index from any shader is supported
[2026.04.26-10.27.05:721][  0]LogD3D11RHI: GPU Timing Frequency: 25.000000 (Debug: 2 1)
[2026.04.26-10.27.07:647][  0]LogTargetPlatformManager: Display: Loaded TargetPlatform 'AllDesktop'
[2026.04.26-10.27.07:684][  0]LogTargetPlatformManager: Display: Loaded TargetPlatform 'Android'
[2026.04.26-10.27.07:684][  0]LogTargetPlatformManager: Display: Loaded TargetPlatform 'Android_ASTC'
[2026.04.26-10.27.07:684][  0]LogTargetPlatformManager: Display: Loaded TargetPlatform 'Android_DXT'
[2026.04.26-10.27.07:685][  0]LogTargetPlatformManager: Display: Loaded TargetPlatform 'Android_ETC2'
[2026.04.26-10.27.07:685][  0]LogTargetPlatformManager: Display: Loaded TargetPlatform 'AndroidClient'
[2026.04.26-10.27.07:685][  0]LogTargetPlatformManager: Display: Loaded TargetPlatform 'Android_ASTCClient'
[2026.04.26-10.27.07:685][  0]LogTargetPlatformManager: Display: Loaded TargetPlatform 'Android_DXTClient'
[2026.04.26-10.27.07:685][  0]LogTargetPlatformManager: Display: Loaded TargetPlatform 'Android_ETC2Client'
[2026.04.26-10.27.07:685][  0]LogTargetPlatformManager: Display: Loaded TargetPlatform 'Android_Multi'
[2026.04.26-10.27.07:685][  0]LogTargetPlatformManager: Display: Loaded TargetPlatform 'Android_MultiClient'
[2026.04.26-10.27.07:721][  0]LogTargetPlatformManager: Display: Loaded TargetPlatform 'IOSClient'
[2026.04.26-10.27.07:721][  0]LogTargetPlatformManager: Display: Loaded TargetPlatform 'IOS'
[2026.04.26-10.27.07:763][  0]LogTargetPlatformManager: Display: Loaded TargetPlatform 'Linux'
[2026.04.26-10.27.07:774][  0]LogTargetPlatformManager: Display: Loaded TargetPlatform 'LinuxNoEditor'
[2026.04.26-10.27.07:785][  0]LogTargetPlatformManager: Display: Loaded TargetPlatform 'LinuxClient'
[2026.04.26-10.27.07:796][  0]LogTargetPlatformManager: Display: Loaded TargetPlatform 'LinuxServer'
[2026.04.26-10.27.07:827][  0]LogTargetPlatformManager: Display: Loaded TargetPlatform 'LinuxAArch64NoEditor'
[2026.04.26-10.27.07:837][  0]LogTargetPlatformManager: Display: Loaded TargetPlatform 'LinuxAArch64Client'
[2026.04.26-10.27.07:848][  0]LogTargetPlatformManager: Display: Loaded TargetPlatform 'LinuxAArch64Server'
[2026.04.26-10.27.07:899][  0]LogTargetPlatformManager: Display: Loaded TargetPlatform 'Lumin'
[2026.04.26-10.27.07:899][  0]LogTargetPlatformManager: Display: Loaded TargetPlatform 'LuminClient'
[2026.04.26-10.27.07:933][  0]LogTargetPlatformManager: Display: Loaded TargetPlatform 'MacNoEditor'
[2026.04.26-10.27.07:945][  0]LogTargetPlatformManager: Display: Loaded TargetPlatform 'Mac'
[2026.04.26-10.27.07:956][  0]LogTargetPlatformManager: Display: Loaded TargetPlatform 'MacClient'
[2026.04.26-10.27.07:967][  0]LogTargetPlatformManager: Display: Loaded TargetPlatform 'MacServer'
[2026.04.26-10.27.07:985][  0]LogTargetPlatformManager: Display: Loaded TargetPlatform 'TVOSClient'
[2026.04.26-10.27.07:985][  0]LogTargetPlatformManager: Display: Loaded TargetPlatform 'TVOS'
[2026.04.26-10.27.08:002][  0]LogTargetPlatformManager: Display: Loaded TargetPlatform 'WindowsNoEditor'
[2026.04.26-10.27.08:011][  0]LogTargetPlatformManager: Display: Loaded TargetPlatform 'Windows'
[2026.04.26-10.27.08:022][  0]LogTargetPlatformManager: Display: Loaded TargetPlatform 'WindowsClient'
[2026.04.26-10.27.08:031][  0]LogTargetPlatformManager: Display: Loaded TargetPlatform 'WindowsServer'
[2026.04.26-10.27.08:031][  0]LogTargetPlatformManager: Display: Building Assets For Windows
[2026.04.26-10.27.08:049][  0]LogAudioDebug: Display: Lib vorbis DLL was dynamically loaded.
[2026.04.26-10.27.08:136][  0]LogTextureFormatOodle: Display: Oodle Texture 2.9.0 init RDO Off
[2026.04.26-10.27.08:290][  0]LogRendererCore: Ray tracing is disabled. Reason: r.RayTracing=0.
[2026.04.26-10.27.08:292][  0]LogShaderCompilers: Guid format shader working directory is -19 characters bigger than the processId version (../../../../../../LastStep/PROJECT-LAST-STEP/Playtime_Multiplayer/Intermediate/Shaders/WorkingDirectory/2408/).
[2026.04.26-10.27.08:293][  0]LogShaderCompilers: Cleaned the shader compiler working directory 'C:/Users/Xdox2/AppData/Local/Temp/UnrealShaderWorkingDir/4FD3FC144CF9574D8839828771FB6204/'.
[2026.04.26-10.27.08:294][  0]LogXGEController: Cannot use XGE Controller as Incredibuild is not installed on this machine.
[2026.04.26-10.27.08:295][  0]LogShaderCompilers: Cannot use XGE Shader Compiler as Incredibuild is not installed on this machine.
[2026.04.26-10.27.08:295][  0]LogShaderCompilers: Display: Using Local Shader Compiler.
[2026.04.26-10.27.09:628][  0]LogDerivedDataCache: Display: Max Cache Size: 512 MB
[2026.04.26-10.27.10:057][  0]LogDerivedDataCache: Loaded boot cache 0.42s 94MB C:/Users/Xdox2/AppData/Local/UnrealEngine/4.27/DerivedDataCache/Boot.ddc.
[2026.04.26-10.27.10:058][  0]LogDerivedDataCache: Display: Loaded Boot cache: C:/Users/Xdox2/AppData/Local/UnrealEngine/4.27/DerivedDataCache/Boot.ddc
[2026.04.26-10.27.10:058][  0]LogDerivedDataCache: FDerivedDataBackendGraph:  Pak pak cache file ../../../../../../LastStep/PROJECT-LAST-STEP/Playtime_Multiplayer/DerivedDataCache/DDC.ddp not found, will not use a pak cache.
[2026.04.26-10.27.10:058][  0]LogDerivedDataCache: Unable to find inner node Pak for hierarchical cache Hierarchy.
[2026.04.26-10.27.10:058][  0]LogDerivedDataCache: FDerivedDataBackendGraph:  CompressedPak pak cache file ../../../../../../LastStep/PROJECT-LAST-STEP/Playtime_Multiplayer/DerivedDataCache/Compressed.ddp not found, will not use a pak cache.
[2026.04.26-10.27.10:058][  0]LogDerivedDataCache: Unable to find inner node CompressedPak for hierarchical cache Hierarchy.
[2026.04.26-10.27.10:091][  0]LogDerivedDataCache: Display: Pak cache opened for reading ../../../Engine/DerivedDataCache/Compressed.ddp.
[2026.04.26-10.27.10:091][  0]LogDerivedDataCache: FDerivedDataBackendGraph:  EnterprisePak pak cache file ../../../Enterprise/DerivedDataCache/Compressed.ddp not found, will not use a pak cache.
[2026.04.26-10.27.10:091][  0]LogDerivedDataCache: Unable to find inner node EnterprisePak for hierarchical cache Hierarchy.
[2026.04.26-10.27.10:231][  0]LogDerivedDataCache: Speed tests for C:/Users/Xdox2/AppData/Local/UnrealEngine/Common/DerivedDataCache took 0.14 seconds
[2026.04.26-10.27.10:231][  0]LogDerivedDataCache: Display: Performance to C:/Users/Xdox2/AppData/Local/UnrealEngine/Common/DerivedDataCache: Latency=0.24ms. RandomReadSpeed=8.37MBs, RandomWriteSpeed=36.61MBs. Assigned SpeedClass 'Local'
[2026.04.26-10.27.10:234][  0]LogDerivedDataCache: Using Local data cache path C:/Users/Xdox2/AppData/Local/UnrealEngine/Common/DerivedDataCache: Writable
[2026.04.26-10.27.10:234][  0]LogDerivedDataCache: Shared data cache path not found in *engine.ini, will not use an Shared cache.
[2026.04.26-10.27.10:234][  0]LogDerivedDataCache: Unable to find inner node Shared for hierarchical cache Hierarchy.
[2026.04.26-10.27.10:343][  0]LogSlate: Using FreeType 2.10.0
[2026.04.26-10.27.10:392][  0]LogSlate: SlateFontServices - WITH_FREETYPE: 1, WITH_HARFBUZZ: 1
[2026.04.26-10.27.11:401][  0]LogAssetRegistry: FAssetRegistry took 0.0061 seconds to start up
[2026.04.26-10.27.12:283][  0]LogLinker: Warning: Failed to read package file summary, the file "../../../../../../LastStep/PROJECT-LAST-STEP/Playtime_Multiplayer/Content/MI_Grabpack_PotOfGold.uasset" is unversioned and we cannot safely load unversioned files in the editor.
[2026.04.26-10.27.12:283][  0]LogAssetRegistry: Error: Package ../../../../../../LastStep/PROJECT-LAST-STEP/Playtime_Multiplayer/Content/MI_Grabpack_PotOfGold.uasset is too old
[2026.04.26-10.27.12:283][  0]LogInit: Selected Device Profile: [Windows]
[2026.04.26-10.27.12:283][  0]LogInit: Active device profile: [000002F3081C8700][000002F3061CD840 49] Windows
[2026.04.26-10.27.12:283][  0]LogInit: Profiles: [000002F3081C8700][000002F3061CD840 49] Windows, [000002F30819B700][000002F3075A79C0 49] WindowsNoEditor, [000002F3081CB300][000002F3075ABB40 49] WindowsServer, [000002F308198F00][000002F3075AE140 49] WindowsClient, [000002F3081CB500][000002F3075B22C0 49] IOS, [000002F3081A3F00][000002F3075B6440 49] iPadAir, [000002F30819BB00][000002F3075BA5C0 49] iPadAir2, [000002F308144500][000002F3075C2880 49] IPadPro, [000002F308144600][000002F3075BE8C0 49] iPadAir3, [000002F3081A0100][000002F3075C6A40 49] iPadAir4, [000002F308146C00][000002F3075A2B80 49] iPadMini2, [000002F3081A2500][000002F3075CACC0 49] iPadMini3, [000002F308147400][000002F3075CEE00 49] iPadMini4, [000002F3081A0F00][000002F3075D2F40 49] iPadMini5, [000002F308143E00][000002F3085F1200 49] iPhone6, [000002F308143F00][000002F3075DB240 49] iPodTouch6, [000002F3081CB900][000002F3085F9500 49] iPhone7, [000002F3081CA100][000002F3085F5540 49] iPodTouch7, [000002F308140400][000002F3085FD6C0 49] iPhone5S, [000002F308147D00][000002F308601840 49] iPhone6Plus, [000002F3081CB400][000002F3086059C0 49] iPhone6S, [000002F308146000][000002F308609B40 49] iPhone6SPlus, [000002F3081C8900][000002F30860C140 49] iPhone7Plus, [000002F308144E00][000002F3086102C0 49] iPhoneSE, [000002F3081CB100][000002F308614440 49] iPhone8, [000002F308146400][000002F3086185C0 49] iPhone8Plus, [000002F3081CBA00][000002F30861C740 49] iPhoneX, [000002F308147E00][000002F3086208C0 49] iPhoneXS, [000002F3081C9500][000002F308624A40 49] iPhoneXSMax, [000002F308146500][000002F308628BC0 49] iPhoneXR, [000002F3081CAA00][000002F30862CD40 49] iPhone11, [000002F308147A00][000002F3075D6E80 49] iPhone11Pro, [000002F3081C8F00][000002F308630FC0 49] iPhone11ProMax, [000002F308146300][000002F308635100 49] iPhoneSE2, [000002F3081C9700][000002F30863D280 49] iPhone12Mini, [000002F308144700][000002F308641400 49] iPhone12, [000002F3081C8300][000002F308645580 49] iPhone12Pro, [000002F308147500][000002F308649700 49] iPhone12ProMax, [000002F3081C8B00][000002F30864D880 49] iPadPro105, [000002F308145B00][000002F308651A00 49] iPadPro129, [000002F3081C8200][000002F308655B80 49] iPadPro97, [000002F308146100][000002F308658180 49] iPadPro2_129, [000002F3081C8D00][000002F30865C300 49] iPad5, [000002F308147000][000002F308660480 49] iPad6, [000002F3081CAC00][000002F308664600 49] iPad7, [000002F308146E00][000002F308668780 49] iPad8, [000002F3081C9900][000002F30866C900 49] iPadPro11, [000002F308147F00][000002F308670A80 49] iPadPro2_11, [000002F3081C9600][000002F308674C00 49] iPadPro3_129, [000002F308146700][000002F308678D80 49] iPadPro4_129, [000002F3081CA600][000002F30867CF00 49] AppleTV, [000002F308146B00][000002F308639040 49] AppleTV4K, [000002F3081C9B00][000002F308681180 49] TVOS, [000002F308144900][000002F3086852C0 49] Mac, [000002F3081CA700][000002F30868D440 49] MacClient, [000002F308146F00][000002F3086915C0 49] MacNoEditor, [000002F3081CBB00][000002F308695740 49] MacServer, [000002F308144400][000002F30869D8C0 49] Linux, [000002F3081CAE00][000002F3086A1A40 49] LinuxAArch64, [000002F308145500][000002F3015BDBC0 49] LinuxNoEditor, [000002F3081CAB00][000002F3015C81C0 49] LinuxAArch64NoEditor, [000002F308147600][000002F3015D0340 49] LinuxClient, [000002F3081CAD00][000002F3015D44C0 49] LinuxAArch64Client, [000002F308144B00][000002F3015D8640 49] LinuxServer, [000002F3081C8400][000002F36F2C87C0 49] LinuxAArch64Server, [000002F308147C00][000002F36F2CC940 49] Android, [000002F3081A3A00][000002F36F2D0AC0 49] Android_Low, [000002F308141B00][000002F36F2D4C40 49] Android_Mid, [000002F3081A3000][000002F36F2D8DC0 49] Android_High, [000002F308142300][000002F36F2ECF40 49] Android_Default, [000002F3081A2000][000002F36F2F10C0 49] Android_Adreno4xx, [000002F308140100][000002F308689200 49] Android_Adreno5xx_Low, [000002F3081A0B00][000002F301385340 49] Android_Adreno5xx, [000002F308141800][000002F301AD7480 49] Android_Adreno6xx, [000002F3081A1100][000002F301ADB5C0 49] Android_Adreno6xx_Vulkan, [000002F308140800][000002F301AE3740 49] Android_Mali_T6xx, [000002F3081A3600][000002F301AE78C0 49] Android_Mali_T7xx, [000002F308140D00][000002F301AEBA40 49] Android_Mali_T8xx, [000002F3081A3C00][000002F301AEFBC0 49] Android_Mali_G71, [000002F308141500][000002F301AF21C0 49] Android_Mali_G72, [000002F3081A3E00][000002F3086B6340 49] Android_Mali_G72_Vulkan, [000002F308143D00][000002F3086BA4C0 49] Android_Mali_G76, [000002F3081A3900][000002F3086BE640 49] Android_Mali_G76_Vulkan, [000002F308143600][000002F3086C27C0 49] Android_Mali_G77, [000002F3081A2200][000002F3086C6940 49] Android_Mali_G77_Vulkan, [000002F308143800][000002F3086CAAC0 49] Android_Mali_G78, [000002F3081A0A00][000002F3086CEC40 49] Android_Mali_G78_Vulkan, [000002F308143400][000002F3086D2DC0 49] Android_Mali_G710, [000002F3081A1400][000002F3086D6F40 49] Android_Mali_G710_Vulkan, [000002F308140600][000002F3086DB0C0 49] Android_Vulkan_SM5, [000002F3081A2400][000002F3086DF240 49] Android_PowerVR_G6xxx, [000002F308140E00][000002F301ADF380 49] Android_PowerVR_GT7xxx, [000002F3081A0200][000002F3086E34C0 49] Android_PowerVR_GE8xxx, [000002F308140700][000002F3086E7600 49] Android_PowerVR_GM9xxx, [000002F3081A2100][000002F3086EB740 49] Android_PowerVR_GM9xxx_Vulkan, [000002F308146600][000002F3087918C0 49] Android_TegraK1, [000002F3081A2A00][000002F308795A40 49] Android_Unknown_Vulkan, [000002F308145400][000002F30889BBC0 49] Lumin, [000002F3081A1300][000002F30889E1C0 49] Lumin_Desktop, [000002F308144C00][000002F3088A2340 49] HoloLens, 
[2026.04.26-10.27.12:697][  0]LogMeshReduction: Using QuadricMeshReduction for automatic static mesh reduction
[2026.04.26-10.27.12:697][  0]LogMeshReduction: Using SimplygonMeshReduction for automatic skeletal mesh reduction
[2026.04.26-10.27.12:697][  0]LogMeshReduction: Using ProxyLODMeshReduction for automatic mesh merging
[2026.04.26-10.27.12:697][  0]LogMeshReduction: No distributed automatic mesh merging module available
[2026.04.26-10.27.12:697][  0]LogMeshMerging: No distributed automatic mesh merging module available
[2026.04.26-10.27.12:777][  0]LogNetVersion: Playtime_Multiplayer 1.0.0, NetCL: 17155196, EngineNetVer: 17, GameNetVer: 0 (Checksum: 2025055209)
[2026.04.26-10.27.27:518][  0]LogTexture: Default maximum texture size for cubemaps generated from long-lat sources has been changed from 512 to unlimited. In order to preserve old behaiour for '/Engine/MapTemplates/Sky/DaylightAmbientCubemap.DaylightAmbientCubemap', its maximum texture size has been explicitly set to 512.
[2026.04.26-10.27.28:171][  0]LogHMD: PokeAHoleMaterial loaded successfully
[2026.04.26-10.27.28:197][  0]LogUObjectArray: 17186 objects as part of root set at end of initial load.
[2026.04.26-10.27.28:197][  0]LogUObjectAllocator: 4313952 out of 0 bytes used by permanent object pool.
[2026.04.26-10.27.28:197][  0]LogUObjectArray: CloseDisregardForGC: 0/0 objects in disregard for GC pool
[2026.04.26-10.27.30:972][  0]LogNiagaraDebuggerClient: Niagara Debugger Client Initialized | Session: C30F897A40C657D5F640C6BE912D3EDF | Instance: D7F59ACE4C2A53C3826AB69594484B19 (SIBIDI-2408).
[2026.04.26-10.27.31:798][  0]LogPython: Using Python 3.7.7
[2026.04.26-10.27.33:272][  0]LogTcpMessaging: Initializing TcpMessaging bridge
[2026.04.26-10.27.33:297][  0]LogUdpMessaging: Initializing bridge on interface 0.0.0.0:0 to multicast group 230.0.0.1:6666.
[2026.04.26-10.27.33:706][  0]LogVaRest: FVaRestModule::StartupModule(28): VaRest (1.1.33) module started
[2026.04.26-10.27.33:793][  0]LogPython: Warning: 'EBoxySoundSet' and 'BoxySoundSet' have the same name (BoxySoundSet) when exposed to Python. Rename one of them using 'ScriptName' meta-data.
[2026.04.26-10.27.33:796][  0]LogPython: Warning: 'EMommySoundSet' and 'MommySoundSet' have the same name (MommySoundSet) when exposed to Python. Rename one of them using 'ScriptName' meta-data.
[2026.04.26-10.27.34:214][  0]SourceControl: Source control is disabled
[2026.04.26-10.27.34:215][  0]SourceControl: Source control is disabled
[2026.04.26-10.27.34:236][  0]SourceControl: Source control is disabled
[2026.04.26-10.27.34:246][  0]SourceControl: Source control is disabled
[2026.04.26-10.27.34:289][  0]SourceControl: Source control is disabled
[2026.04.26-10.27.34:303][  0]LogUProjectInfo: Found projects:
[2026.04.26-10.27.35:357][  0]LogOpenImageDenoise: OIDN starting up
[2026.04.26-10.27.35:414][  0]LogAndroidPermission: UAndroidPermissionCallbackProxy::GetInstance
[2026.04.26-10.27.35:472][  0]LogAudioCaptureCore: Display: No Audio Capture implementations found. Audio input will be silent.
[2026.04.26-10.27.35:472][  0]LogAudioCaptureCore: Display: No Audio Capture implementations found. Audio input will be silent.
[2026.04.26-10.27.36:206][  0]LogCollectionManager: Loaded 0 collections in 0.003199 seconds
[2026.04.26-10.27.36:311][  0]LogFileCache: Scanning file cache for directory 'C:/LastStep/PROJECT-LAST-STEP/Playtime_Multiplayer/Saved/Collections/' took 0.00s
[2026.04.26-10.27.36:311][  0]LogFileCache: Scanning file cache for directory 'C:/LastStep/PROJECT-LAST-STEP/Playtime_Multiplayer/Content/Developers/Xdox2/Collections/' took 0.00s
[2026.04.26-10.27.36:311][  0]LogFileCache: Scanning file cache for directory 'C:/LastStep/PROJECT-LAST-STEP/Playtime_Multiplayer/Content/Collections/' took 0.00s
[2026.04.26-10.27.36:311][  0]LogOcInput: OculusInput pre-init called
[2026.04.26-10.27.37:803][  0]LogClass: Display: BoolProperty FBPSteamGroupOfficer::bIsOwner is not initialized properly. Module:AdvancedSteamSessions File:Classes/SteamRequestGroupOfficersCallbackProxy.h
[2026.04.26-10.27.37:805][  0]LogClass: Display: IntProperty FBPSteamGroupInfo::numOnline is not initialized properly. Module:AdvancedSteamSessions File:Classes/AdvancedSteamFriendsLibrary.h
[2026.04.26-10.27.37:805][  0]LogClass: Display: IntProperty FBPSteamGroupInfo::numInGame is not initialized properly. Module:AdvancedSteamSessions File:Classes/AdvancedSteamFriendsLibrary.h
[2026.04.26-10.27.37:805][  0]LogClass: Display: IntProperty FBPSteamGroupInfo::numChatting is not initialized properly. Module:AdvancedSteamSessions File:Classes/AdvancedSteamFriendsLibrary.h
[2026.04.26-10.27.37:805][  0]LogClass: Warning: StructProperty FPlaytimeEvent::StartDate is not initialized properly even though its struct probably has a custom default constructor. Module:Playtime_Multiplayer File:PlaytimeEvent.h
[2026.04.26-10.27.37:806][  0]LogClass: Warning: StructProperty FPlaytimeEvent::EndDate is not initialized properly even though its struct probably has a custom default constructor. Module:Playtime_Multiplayer File:PlaytimeEvent.h
[2026.04.26-10.27.37:806][  0]LogClass: Warning: StructProperty FShoppyItemResponseSet::StartTime is not initialized properly even though its struct probably has a custom default constructor. Module:Playtime_Multiplayer File:ShoppyItemResponseSet.h
[2026.04.26-10.27.37:806][  0]LogClass: Warning: StructProperty FShoppyItemResponseSet::EndTime is not initialized properly even though its struct probably has a custom default constructor. Module:Playtime_Multiplayer File:ShoppyItemResponseSet.h
[2026.04.26-10.27.37:806][  0]LogClass: Warning: StructProperty FShoppySaleResponse::StartTime is not initialized properly even though its struct probably has a custom default constructor. Module:Playtime_Multiplayer File:ShoppySaleResponse.h
[2026.04.26-10.27.37:806][  0]LogClass: Warning: StructProperty FShoppySaleResponse::EndTime is not initialized properly even though its struct probably has a custom default constructor. Module:Playtime_Multiplayer File:ShoppySaleResponse.h
[2026.04.26-10.27.37:806][  0]LogClass: Warning: StructProperty FToyBoxResponse::StartTime is not initialized properly even though its struct probably has a custom default constructor. Module:Playtime_Multiplayer File:ToyBoxResponse.h
[2026.04.26-10.27.37:806][  0]LogClass: Warning: StructProperty FToyBoxResponse::EndTime is not initialized properly even though its struct probably has a custom default constructor. Module:Playtime_Multiplayer File:ToyBoxResponse.h
[2026.04.26-10.27.37:815][  0]LogClass: Display: EnumProperty FVaRest_NamedType::Type is not initialized properly. Module:VaRestEditor File:Public/VaRest_BreakJson.h
[2026.04.26-10.27.37:816][  0]LogClass: Display: BoolProperty FVaRest_NamedType::bIsArray is not initialized properly. Module:VaRestEditor File:Public/VaRest_BreakJson.h
[2026.04.26-10.27.37:816][  0]LogClass: Display: 14 Uninitialized script struct members found including 0 object properties
[2026.04.26-10.27.37:822][  0]LogAutomationTest: Warning: StructProperty FPlaytimeEvent::StartDate is not initialized properly even though its struct probably has a custom default constructor. Module:Playtime_Multiplayer File:PlaytimeEvent.h
[2026.04.26-10.27.37:822][  0]LogAutomationTest: Warning: StructProperty FPlaytimeEvent::EndDate is not initialized properly even though its struct probably has a custom default constructor. Module:Playtime_Multiplayer File:PlaytimeEvent.h
[2026.04.26-10.27.37:822][  0]LogAutomationTest: Warning: StructProperty FShoppyItemResponseSet::StartTime is not initialized properly even though its struct probably has a custom default constructor. Module:Playtime_Multiplayer File:ShoppyItemResponseSet.h
[2026.04.26-10.27.37:822][  0]LogAutomationTest: Warning: StructProperty FShoppyItemResponseSet::EndTime is not initialized properly even though its struct probably has a custom default constructor. Module:Playtime_Multiplayer File:ShoppyItemResponseSet.h
[2026.04.26-10.27.37:822][  0]LogAutomationTest: Warning: StructProperty FShoppySaleResponse::StartTime is not initialized properly even though its struct probably has a custom default constructor. Module:Playtime_Multiplayer File:ShoppySaleResponse.h
[2026.04.26-10.27.37:822][  0]LogAutomationTest: Warning: StructProperty FShoppySaleResponse::EndTime is not initialized properly even though its struct probably has a custom default constructor. Module:Playtime_Multiplayer File:ShoppySaleResponse.h
[2026.04.26-10.27.37:822][  0]LogAutomationTest: Warning: StructProperty FToyBoxResponse::StartTime is not initialized properly even though its struct probably has a custom default constructor. Module:Playtime_Multiplayer File:ToyBoxResponse.h
[2026.04.26-10.27.37:822][  0]LogAutomationTest: Warning: StructProperty FToyBoxResponse::EndTime is not initialized properly even though its struct probably has a custom default constructor. Module:Playtime_Multiplayer File:ToyBoxResponse.h
[2026.04.26-10.27.37:835][  0]LogEngine: Initializing Engine...
[2026.04.26-10.27.37:841][  0]LogVaRest: UVaRestSubsystem::Initialize(24): VaRest subsystem initialized
[2026.04.26-10.27.37:863][  0]LogHMD: Failed to enumerate extensions. Please check that you have a valid OpenXR runtime installed.
[2026.04.26-10.27.37:865][  0]LogHMD: Failed to initialize OpenVR with code 110
[2026.04.26-10.27.37:865][  0]LogMagicLeap: Warning: VR disabled because ZI is not enabled.  To enable, in the editor, Edit -> Project Settings -> Plugins -> Magic Leap Plugin -> Enable Zero Iteration
[2026.04.26-10.27.37:879][  0]LogStats: UGameplayTagsManager::InitializeManager -  0.003 s
[2026.04.26-10.27.38:669][  0]LogLinker: Warning: Failed to load '/Game/PSHOWTIMEPHASE3/UI/UI_Utility/UI_Cursor': Can't find file.
[2026.04.26-10.27.38:669][  0]LogLinker: Warning: Failed to load '/Game/PSHOWTIMEPHASE3/UI/UI_Utility/UI_Cursor': Can't find file.
[2026.04.26-10.27.38:669][  0]LogUObjectGlobals: Warning: Failed to find object 'Object /Game/PSHOWTIMEPHASE3/UI/UI_Utility/UI_Cursor.UI_Cursor_C'
[2026.04.26-10.27.38:669][  0]LogLoad: Warning: UUserInterfaceSettings::ForceLoadResources: Failed to load cursor resource 0.
[2026.04.26-10.27.38:670][  0]LogInit: Initializing FReadOnlyCVARCache
[2026.04.26-10.27.38:816][  0]LogAIModule: Creating AISystem for world Untitled
[2026.04.26-10.27.38:849][  0]LogAudio: Display: Initializing Audio Device Manager...
[2026.04.26-10.27.38:864][  0]LogAudio: Display: Loading Default Audio Settings Objects...
[2026.04.26-10.27.38:882][  0]LogAudio: Display: No default SoundConcurrencyObject specified (or failed to load).
[2026.04.26-10.27.38:887][  0]LogAudio: Display: Audio Device Manager Initialized
[2026.04.26-10.27.38:887][  0]LogAudio: Display: Creating Audio Device:                 Id: 1, Scope: Shared, Realtime: True
[2026.04.26-10.27.38:891][  0]LogAudioMixer: Display: Audio Mixer Platform Settings:
[2026.04.26-10.27.38:891][  0]LogAudioMixer: Display: 	Sample Rate:						  48000
[2026.04.26-10.27.38:891][  0]LogAudioMixer: Display: 	Callback Buffer Frame Size Requested: 512
[2026.04.26-10.27.38:891][  0]LogAudioMixer: Display: 	Callback Buffer Frame Size To Use:	  512
[2026.04.26-10.27.38:891][  0]LogAudioMixer: Display: 	Number of buffers to queue:			  1
[2026.04.26-10.27.38:891][  0]LogAudioMixer: Display: 	Max Channels (voices):				  0
[2026.04.26-10.27.38:891][  0]LogAudioMixer: Display: 	Number of Async Source Workers:		  4
[2026.04.26-10.27.38:891][  0]LogAudio: Display: AudioDevice MaxSources: 32
[2026.04.26-10.27.38:897][  0]LogAudio: Display: Audio Spatialization Plugin: None (built-in).
[2026.04.26-10.27.38:897][  0]LogAudio: Display: Audio Reverb Plugin: None (built-in).
[2026.04.26-10.27.38:897][  0]LogAudio: Display: Audio Occlusion Plugin: None (built-in).
[2026.04.26-10.27.38:897][  0]LogAudioMixer: Display: Initializing audio mixer.
[2026.04.26-10.27.39:014][  0]LogAudioMixer: Display: 0: FrontLeft
[2026.04.26-10.27.39:014][  0]LogAudioMixer: Display: 1: FrontRight
[2026.04.26-10.27.39:170][  0]LogAudioMixer: Display: Using Audio Device Voicemeeter VAIO3 Input (VB-Audio Voicemeeter VAIO)
[2026.04.26-10.27.39:185][  0]LogAudioMixer: Display: Initializing Sound Submixes...
[2026.04.26-10.27.39:278][  0]LogAudioMixer: Display: Creating Master Submix 'MasterSubmixDefault'
[2026.04.26-10.27.39:279][  0]LogAudioMixer: Display: Creating Master Submix 'MasterReverbSubmixDefault'
[2026.04.26-10.27.39:283][  0]LogAudioMixer: Display: Creating Master Submix 'MasterEQSubmixDefault'
[2026.04.26-10.27.39:284][  0]LogAudioMixer: FMixerPlatformXAudio2::StartAudioStream() called
[2026.04.26-10.27.39:284][  0]LogAudioMixer: Display: Output buffers initialized: Frames=512, Channels=2, Samples=1024
[2026.04.26-10.27.39:288][  0]LogAudioMixer: Display: Starting AudioMixerPlatformInterface::RunInternal()
[2026.04.26-10.27.39:289][  0]LogAudioMixer: Display: FMixerPlatformXAudio2::SubmitBuffer() called for the first time
[2026.04.26-10.27.39:289][  0]LogInit: FAudioDevice initialized.
[2026.04.26-10.27.39:293][  0]LogAudio: Display: Audio Device (ID: 1) registered with world 'Untitled'.
[2026.04.26-10.27.39:296][  0]LogNetVersion: Set ProjectVersion to 1.0.0.0. Version Checksum will be recalculated on next use.
[2026.04.26-10.27.40:630][  0]LogDerivedDataCache: Saved boot cache 1.33s 94MB C:/Users/Xdox2/AppData/Local/UnrealEngine/4.27/DerivedDataCache/Boot.ddc.
[2026.04.26-10.27.40:632][  0]LogInit: Texture streaming: Enabled
[2026.04.26-10.27.40:676][  0]LogAnalytics: Display: [UEEditor.Rocket.Release] APIServer = https://datarouter.ol.epicgames.com/. AppVersion = 4.27.2-18319896+++UE4+Release-4.27
[2026.04.26-10.27.40:689][  0]LogEngineSessionManager: EngineSessionManager initialized
[2026.04.26-10.27.40:690][  0]LogEditorSessionSummary: Verbose: Initializing EditorSessionSummaryWriter for editor session tracking
[2026.04.26-10.27.40:698][  0]LogEditorSessionSummary: EditorSessionSummaryWriter initialized
[2026.04.26-10.27.40:818][  0]LogInit: Transaction tracking system initialized
[2026.04.26-10.27.40:914][  0]BlueprintLog: New page: Editor Load
[2026.04.26-10.27.41:503][  0]LocalizationService: Localization service is disabled
[2026.04.26-10.27.41:632][  0]TimingProfiler: Initialize
[2026.04.26-10.27.41:635][  0]TimingProfiler: OnSessionChanged
[2026.04.26-10.27.41:636][  0]LoadingProfiler: Initialize
[2026.04.26-10.27.41:637][  0]LoadingProfiler: OnSessionChanged
[2026.04.26-10.27.41:637][  0]NetworkingProfiler: Initialize
[2026.04.26-10.27.41:637][  0]NetworkingProfiler: OnSessionChanged
[2026.04.26-10.27.41:637][  0]MemoryProfiler: Initialize
[2026.04.26-10.27.41:637][  0]MemoryProfiler: OnSessionChanged
[2026.04.26-10.27.42:567][  0]LogCook: Display: CookSettings for Memory: MemoryMaxUsedVirtual 0MiB, MemoryMaxUsedPhysical 16384MiB, MemoryMinFreeVirtual 0MiB, MemoryMinFreePhysical 1024MiB
[2026.04.26-10.27.42:567][  0]LogCook: Display: Mobile HDR setting 1
[2026.04.26-10.27.43:077][  0]LogFileCache: Scanning file cache for directory 'C:/LastStep/PROJECT-LAST-STEP/Playtime_Multiplayer/Content/' took 0.04s
[2026.04.26-10.27.44:474][  0]LogAudioMixer: Display: Audio Buffer Underrun (starvation) detected.
[2026.04.26-10.27.44:498][  0]LogInit: Display: Engine is initialized. Leaving FEngineLoop::Init()
[2026.04.26-10.27.44:519][  0]SourceControl: Source control is disabled
[2026.04.26-10.27.44:520][  0]LogUnrealEdMisc: Loading editor; pre map load, took 51.290
[2026.04.26-10.27.44:525][  0]Cmd: MAP LOAD FILE="../../../../../../LastStep/PROJECT-LAST-STEP/Playtime_Multiplayer/Content/StarterContent/Maps/Minimal_Default.umap" TEMPLATE=0 SHOWPROGRESS=1 FEATURELEVEL=3
[2026.04.26-10.27.44:526][  0]LogEditorServer: Warning: Can't find file '../../../../../../LastStep/PROJECT-LAST-STEP/Playtime_Multiplayer/Content/StarterContent/Maps/Minimal_Default.umap'
[2026.04.26-10.27.44:528][  0]Cmd: MAP CHECKDEP NOCLEARLOG
[2026.04.26-10.27.44:530][  0]MapCheck: Map check complete: 0 Error(s), 0 Warning(s), took 1,987ms to complete.
[2026.04.26-10.27.44:530][  0]LogFileHelpers: Loading map 'Minimal_Default' took 0.010
[2026.04.26-10.27.44:641][  0]LogUnrealEdMisc: Total Editor Startup Time, took 51.411
[2026.04.26-10.27.45:021][  0]LogSlate: Updating window title bar state: overlay mode, drag disabled, window buttons hidden, title bar hidden
[2026.04.26-10.27.45:033][  0]LogSlate: Updating window title bar state: overlay mode, drag disabled, window buttons hidden, title bar hidden
[2026.04.26-10.27.45:041][  0]LogSlate: Updating window title bar state: overlay mode, drag disabled, window buttons hidden, title bar hidden
[2026.04.26-10.27.45:049][  0]LogSlate: Updating window title bar state: overlay mode, drag disabled, window buttons hidden, title bar hidden
[2026.04.26-10.27.45:124][  0]LogNativeClassHierarchy: Verbose: Native class hierarchy populated in 0.0153 seconds. Added 3870 classes and 945 folders.
[2026.04.26-10.27.45:147][  0]LogNativeClassHierarchy: Verbose: Native class hierarchy updated for 'WidgetCarousel' in 0.0004 seconds. Added 0 classes and 0 folders.
[2026.04.26-10.27.45:225][  0]LogNativeClassHierarchy: Verbose: Native class hierarchy updated for 'AddContentDialog' in 0.0005 seconds. Added 0 classes and 0 folders.
[2026.04.26-10.27.45:237][  0]LogNativeClassHierarchy: Verbose: Native class hierarchy updated for 'SceneOutliner' in 0.0004 seconds. Added 2 classes and 0 folders.
[2026.04.26-10.27.45:568][  0]LogSlate: Took 0.015640 seconds to synchronously load lazily loaded font '../../../Engine/Content/Slate/Fonts/Roboto-Regular.ttf' (155K)
[2026.04.26-10.27.45:585][  0]LogSlate: Took 0.011180 seconds to synchronously load lazily loaded font '../../../Engine/Content/Editor/Slate/Fonts/FontAwesome.ttf' (139K)
[2026.04.26-10.27.45:599][  0]LogSlate: Took 0.010095 seconds to synchronously load lazily loaded font '../../../Engine/Content/Slate/Fonts/Roboto-Bold.ttf' (160K)
[2026.04.26-10.27.45:863][  0]LogRenderer: Reallocating scene render targets to support 1392x232 Format 10 NumSamples 1 (Frame:1).
[2026.04.26-10.27.46:366][  0]LogNativeClassHierarchy: Verbose: Native class hierarchy updated for 'HierarchicalLODOutliner' in 0.0005 seconds. Added 0 classes and 0 folders.
[2026.04.26-10.27.46:366][  0]LogLoad: (Engine Initialization) Total time: 53.14 seconds
[2026.04.26-10.27.46:366][  0]LogLoad: (Engine Initialization) Total Blueprint compile time: 0.00 seconds
[2026.04.26-10.27.46:511][  0]LogContentStreaming: Texture pool size now 1000 MB
[2026.04.26-10.27.46:612][  0]LogSlate: Took 0.018535 seconds to synchronously load lazily loaded font '../../../Engine/Content/Slate/Fonts/Roboto-Light.ttf' (167K)
[2026.04.26-10.27.46:890][  2]LogAssetRegistry: Asset discovery search completed in 35.4903 seconds
[2026.04.26-10.27.46:990][  2]LogCollectionManager: Fixed up redirectors for 0 collections in 0.000361 seconds (updated 0 objects)
[2026.04.26-10.27.47:026][  2]LogSlate: Took 0.000282 seconds to synchronously load lazily loaded font '../../../Engine/Content/Slate/Fonts/Roboto-Light.ttf' (167K)
[2026.04.26-10.28.23:054][694]LogAssetEditorSubsystem: Opening Asset editor for Blueprint /Game/BaseMultiplayer/MultiplayerInsController.MultiplayerInsController
[2026.04.26-10.28.24:718][694]LogNativeClassHierarchy: Verbose: Native class hierarchy updated for 'BlueprintGraph' in 0.0008 seconds. Added 126 classes and 0 folders.
[2026.04.26-10.28.26:381][694]LogSlate: Took 0.012452 seconds to synchronously load lazily loaded font '../../../Engine/Content/Slate/Fonts/Roboto-BoldCondensed.ttf' (158K)
[2026.04.26-10.28.46:923][524]BlueprintLog: New page: Compile MultiplayerInsController
[2026.04.26-10.28.47:017][524]LogUObjectHash: Compacting FUObjectHashTables data took   4.51ms
[2026.04.26-10.28.47:054][524]LogSlate: Took 0.012303 seconds to synchronously load lazily loaded font '../../../Engine/Content/Slate/Fonts/DroidSansMono.ttf' (77K)
[2026.04.26-10.28.47:831][549]LogSavePackage: Moving '../../../../../../LastStep/PROJECT-LAST-STEP/Playtime_Multiplayer/Saved/MultiplayerInsController3560530F42C72C7E2FFEEA8B6672992E.tmp' to '../../../../../../LastStep/PROJECT-LAST-STEP/Playtime_Multiplayer/Content/BaseMultiplayer/MultiplayerInsController.uasset'
[2026.04.26-10.28.47:862][549]AssetCheck: New page: Asset Save: MultiplayerInsController
[2026.04.26-10.28.47:862][549]LogContentValidation: Display: Validating Blueprint /Game/BaseMultiplayer/MultiplayerInsController.MultiplayerInsController
[2026.04.26-10.28.50:215][644]LogSlate: Window 'MultiplayerInsController' being destroyed
[2026.04.26-10.29.01:127][ 18]LogSlate: Window 'Save Level As' being destroyed
[2026.04.26-10.29.01:155][ 18]LogPlayLevel: Warning: PIE failed because map save was canceled
[2026.04.26-10.29.01:156][ 18]PIE: Warning: PIE failed because map save was canceled
[2026.04.26-10.29.05:229][192]LogUObjectHash: Compacting FUObjectHashTables data took   5.41ms
[2026.04.26-10.29.05:339][192]LogBlueprint: Error: [AssetLog] C:\LastStep\PROJECT-LAST-STEP\Playtime_Multiplayer\Content\FirstPerson\FirstPersonBP\Run1.uasset: [Compiler] Run1  - The skeleton asset for this animation Blueprint is missing, so it cannot be compiled!
[2026.04.26-10.29.05:843][192]LogLinker: Warning: [AssetLog] C:\LastStep\PROJECT-LAST-STEP\Playtime_Multiplayer\Content\MULTIPLAYER\SERVER_LIST.uasset: Failed to load '/Game/Widgets/textures/выходbutton': Can't find file.
[2026.04.26-10.29.05:843][192]LoadErrors: Failed to load /Game/Widgets/textures/выходbutton.выходbutton Referenced by Button_63
[2026.04.26-10.29.05:843][192]LogLinker: Warning: [AssetLog] C:\LastStep\PROJECT-LAST-STEP\Playtime_Multiplayer\Content\MULTIPLAYER\SERVER_LIST.uasset: Failed to load '/Game/Widgets/textures/выходbutton': Can't find file.
[2026.04.26-10.29.05:843][192]LogLinker: Warning: [AssetLog] C:\LastStep\PROJECT-LAST-STEP\Playtime_Multiplayer\Content\MULTIPLAYER\SERVER_LIST.uasset: Failed to load '/Game/Widgets/textures/выходbutton': Can't find file.
[2026.04.26-10.29.05:843][192]LoadErrors: Failed to load /Game/Widgets/textures/выходbutton.выходbutton Referenced by Button_77
[2026.04.26-10.29.05:843][192]LogLinker: Warning: [AssetLog] C:\LastStep\PROJECT-LAST-STEP\Playtime_Multiplayer\Content\MULTIPLAYER\SERVER_LIST.uasset: Failed to load '/Game/Widgets/textures/выходbutton': Can't find file.
[2026.04.26-10.29.05:941][192]LogLinker: Warning: [AssetLog] C:\LastStep\PROJECT-LAST-STEP\Playtime_Multiplayer\Content\Widgets\CHOOSE.uasset: Failed to load '/Game/Widgets/textures/Снимок_экрана_2026-04-01_200059': Can't find file.
[2026.04.26-10.29.05:942][192]LogLinker: Warning: [AssetLog] C:\LastStep\PROJECT-LAST-STEP\Playtime_Multiplayer\Content\Widgets\CHOOSE.uasset: Failed to load '/Game/Widgets/textures/Снимок_экрана_2026-04-01_200059': Can't find file.
[2026.04.26-10.29.05:943][192]LogLinker: Warning: [AssetLog] C:\LastStep\PROJECT-LAST-STEP\Playtime_Multiplayer\Content\Widgets\CHOOSE.uasset: Failed to load '/Game/Widgets/textures/Снимок_экрана_2026-04-01_200059': Can't find file.
[2026.04.26-10.29.05:943][192]LogLinker: Warning: [AssetLog] C:\LastStep\PROJECT-LAST-STEP\Playtime_Multiplayer\Content\Widgets\choice_play.uasset: Failed to load '/Game/Widgets/textures/Снимок_экрана_2026-04-01_200059': Can't find file.
[2026.04.26-10.29.05:943][192]LogLinker: Warning: [AssetLog] C:\LastStep\PROJECT-LAST-STEP\Playtime_Multiplayer\Content\Widgets\choice_play.uasset: Failed to load '/Game/Widgets/textures/Снимок_экрана_2026-04-01_200059': Can't find file.
[2026.04.26-10.29.05:945][192]LogLinker: Warning: [AssetLog] C:\LastStep\PROJECT-LAST-STEP\Playtime_Multiplayer\Content\Widgets\choice_play.uasset: Failed to load '/Game/Widgets/textures/Снимок_экрана_2026-04-01_200059': Can't find file.
[2026.04.26-10.29.05:945][192]LoadErrors: Failed to load /Game/Widgets/textures/Снимок_экрана_2026-04-01_200059.Снимок_экрана_2026-04-01_200059 Referenced by Image_0
[2026.04.26-10.29.05:946][192]LogLinker: Warning: [AssetLog] C:\LastStep\PROJECT-LAST-STEP\Playtime_Multiplayer\Content\Widgets\choice_play.uasset: Failed to load '/Game/Widgets/textures/Снимок_экрана_2026-04-02_122711': Can't find file.
[2026.04.26-10.29.05:947][192]LogLinker: Warning: [AssetLog] C:\LastStep\PROJECT-LAST-STEP\Playtime_Multiplayer\Content\Widgets\choice_play.uasset: Failed to load '/Game/Widgets/textures/Снимок_экрана_2026-04-02_122711': Can't find file.
[2026.04.26-10.29.05:948][192]LogLinker: Warning: [AssetLog] C:\LastStep\PROJECT-LAST-STEP\Playtime_Multiplayer\Content\Widgets\choice_play.uasset: Failed to load '/Game/Widgets/textures/Снимок_экрана_2026-04-02_122711': Can't find file.
[2026.04.26-10.29.05:948][192]LogLinker: Warning: [AssetLog] C:\LastStep\PROJECT-LAST-STEP\Playtime_Multiplayer\Content\Widgets\choice_mode.uasset: Failed to load '/Game/Widgets/textures/Снимок_экрана_2026-04-02_122711': Can't find file.
[2026.04.26-10.29.05:949][192]LogLinker: Warning: [AssetLog] C:\LastStep\PROJECT-LAST-STEP\Playtime_Multiplayer\Content\Widgets\choice_mode.uasset: Failed to load '/Game/Widgets/textures/Снимок_экрана_2026-04-02_122711': Can't find file.
[2026.04.26-10.29.05:950][192]LogLinker: Warning: [AssetLog] C:\LastStep\PROJECT-LAST-STEP\Playtime_Multiplayer\Content\Widgets\choice_mode.uasset: Failed to load '/Game/Widgets/textures/Снимок_экрана_2026-04-02_122711': Can't find file.
[2026.04.26-10.29.05:950][192]LoadErrors: Failed to load /Game/Widgets/textures/Снимок_экрана_2026-04-02_122711.Снимок_экрана_2026-04-02_122711 Referenced by Image_3
[2026.04.26-10.29.05:971][192]LogLinker: Warning: [AssetLog] C:\LastStep\PROJECT-LAST-STEP\Playtime_Multiplayer\Content\Widgets\TAG_PLAY.uasset: Failed to load '/Game/Widgets/textures/Снимок_экрана_2026-04-01_193405': Can't find file.
[2026.04.26-10.29.05:972][192]LogLinker: Warning: [AssetLog] C:\LastStep\PROJECT-LAST-STEP\Playtime_Multiplayer\Content\Widgets\TAG_PLAY.uasset: Failed to load '/Game/Widgets/textures/Снимок_экрана_2026-04-01_193405': Can't find file.
[2026.04.26-10.29.05:973][192]LogLinker: Warning: [AssetLog] C:\LastStep\PROJECT-LAST-STEP\Playtime_Multiplayer\Content\Widgets\TAG_PLAY.uasset: Failed to load '/Game/Widgets/textures/Снимок_экрана_2026-04-01_193405': Can't find file.
[2026.04.26-10.29.05:974][192]LogLinker: Warning: [AssetLog] C:\LastStep\PROJECT-LAST-STEP\Playtime_Multiplayer\Content\Widgets\choice_mode.uasset: Failed to load '/Game/Widgets/textures/Снимок_экрана_2026-04-01_193405': Can't find file.
[2026.04.26-10.29.05:974][192]LogLinker: Warning: [AssetLog] C:\LastStep\PROJECT-LAST-STEP\Playtime_Multiplayer\Content\Widgets\choice_mode.uasset: Failed to load '/Game/Widgets/textures/Снимок_экрана_2026-04-01_193405': Can't find file.
[2026.04.26-10.29.05:985][192]LogLinker: Warning: [AssetLog] C:\LastStep\PROJECT-LAST-STEP\Playtime_Multiplayer\Content\Widgets\choice_mode.uasset: Failed to load '/Game/Widgets/textures/Снимок_экрана_2026-04-01_193405': Can't find file.
[2026.04.26-10.29.05:986][192]LoadErrors: Failed to load /Game/Widgets/textures/Снимок_экрана_2026-04-01_193405.Снимок_экрана_2026-04-01_193405 Referenced by Image_363
[2026.04.26-10.29.06:001][192]LogLinker: Warning: [AssetLog] C:\LastStep\PROJECT-LAST-STEP\Playtime_Multiplayer\Content\Widgets\choice_mode.uasset: Failed to load '/Game/Widgets/textures/Снимок_экрана_2026-04-01_193405': Can't find file.
[2026.04.26-10.29.06:001][192]LoadErrors: Failed to load /Game/Widgets/textures/Снимок_экрана_2026-04-01_193405.Снимок_экрана_2026-04-01_193405 Referenced by Image_0
[2026.04.26-10.29.06:002][192]LogLinker: Warning: [AssetLog] C:\LastStep\PROJECT-LAST-STEP\Playtime_Multiplayer\Content\Widgets\choice_mode.uasset: Failed to load '/Game/Widgets/textures/Снимок_экрана_2026-04-01_193405': Can't find file.
[2026.04.26-10.29.06:002][192]LogLinker: Warning: [AssetLog] C:\LastStep\PROJECT-LAST-STEP\Playtime_Multiplayer\Content\Widgets\choice_mode.uasset: Failed to load '/Game/Widgets/textures/Снимок_экрана_2026-04-01_193405': Can't find file.
[2026.04.26-10.29.06:002][192]LogLinker: Warning: [AssetLog] C:\LastStep\PROJECT-LAST-STEP\Playtime_Multiplayer\Content\Widgets\choice_mode.uasset: Failed to load '/Game/Widgets/textures/Снимок_экрана_2026-04-01_193405': Can't find file.
[2026.04.26-10.29.06:005][192]LogLinker: Warning: [AssetLog] C:\LastStep\PROJECT-LAST-STEP\Playtime_Multiplayer\Content\Widgets\choice_mode.uasset: Failed to load '/Game/Widgets/textures/Снимок_экрана_2026-04-02_122711': Can't find file.
[2026.04.26-10.29.06:008][192]LogLinker: Warning: [AssetLog] C:\LastStep\PROJECT-LAST-STEP\Playtime_Multiplayer\Content\Widgets\choice_mode.uasset: Failed to load '/Game/Widgets/textures/Снимок_экрана_2026-04-01_193405': Can't find file.
[2026.04.26-10.29.06:009][192]LogLinker: Warning: [AssetLog] C:\LastStep\PROJECT-LAST-STEP\Playtime_Multiplayer\Content\Widgets\choice_mode.uasset: Failed to load '/Game/Widgets/textures/Снимок_экрана_2026-04-01_193405': Can't find file.
[2026.04.26-10.29.06:015][192]LogLinker: Warning: [AssetLog] C:\LastStep\PROJECT-LAST-STEP\Playtime_Multiplayer\Content\MULTIPLAYER\SERVER_LIST.uasset: Failed to load '/Game/Widgets/textures/выходbutton': Can't find file.
[2026.04.26-10.29.06:015][192]LogLinker: Warning: [AssetLog] C:\LastStep\PROJECT-LAST-STEP\Playtime_Multiplayer\Content\MULTIPLAYER\SERVER_LIST.uasset: Failed to load '/Game/Widgets/textures/выходbutton': Can't find file.
[2026.04.26-10.29.06:015][192]LogLinker: Warning: [AssetLog] C:\LastStep\PROJECT-LAST-STEP\Playtime_Multiplayer\Content\MULTIPLAYER\SERVER_LIST.uasset: Failed to load '/Game/Widgets/textures/выходbutton': Can't find file.
[2026.04.26-10.29.06:015][192]LogLinker: Warning: [AssetLog] C:\LastStep\PROJECT-LAST-STEP\Playtime_Multiplayer\Content\MULTIPLAYER\SERVER_LIST.uasset: Failed to load '/Game/Widgets/textures/выходbutton': Can't find file.
[2026.04.26-10.29.06:016][192]LogLinker: Warning: [AssetLog] C:\LastStep\PROJECT-LAST-STEP\Playtime_Multiplayer\Content\MULTIPLAYER\SERVER_LIST.uasset: Failed to load '/Game/Widgets/textures/выходbutton': Can't find file.
[2026.04.26-10.29.06:084][192]LogLinker: Warning: [AssetLog] C:\LastStep\PROJECT-LAST-STEP\Playtime_Multiplayer\Content\Widgets\Buttons.uasset: Failed to load '/Game/Widgets/textures/выходbutton': Can't find file.
[2026.04.26-10.29.06:084][192]LogLinker: Warning: [AssetLog] C:\LastStep\PROJECT-LAST-STEP\Playtime_Multiplayer\Content\Widgets\Buttons.uasset: Failed to load '/Game/Widgets/textures/выходbutton': Can't find file.
[2026.04.26-10.29.06:267][192]LogLinker: Warning: [AssetLog] C:\LastStep\PROJECT-LAST-STEP\Playtime_Multiplayer\Content\Widgets\TAG_PLAY.uasset: Failed to load '/Game/Widgets/textures/Снимок_экрана_2026-04-01_193405': Can't find file.
[2026.04.26-10.29.06:268][192]LogLinker: Warning: [AssetLog] C:\LastStep\PROJECT-LAST-STEP\Playtime_Multiplayer\Content\Widgets\CHOOSE.uasset: Failed to load '/Game/Widgets/textures/Снимок_экрана_2026-04-01_200059': Can't find file.
[2026.04.26-10.29.07:559][192]LogAudioDerivedData: Display: Building compressed audio format OGG hash OGG00000000 wave A_In_A_Giants_House_LOOP...
[2026.04.26-10.29.09:356][192]LogAudioDerivedData: Display: Updated SoundWave->RawPCMDataSize from 0 to 13547512 while cooking SoundWave /Game/Widgets/Sound/A_In_A_Giants_House_LOOP.A_In_A_Giants_House_LOOP.
[2026.04.26-10.29.09:499][192]LogAssetEditorSubsystem: Opening Asset editor for World /Game/Map/Main_Menu.Main_Menu
[2026.04.26-10.29.09:501][192]Cmd: MAP LOAD FILE="../../../../../../LastStep/PROJECT-LAST-STEP/Playtime_Multiplayer/Content/Map/Main_Menu.umap" TEMPLATE=0 SHOWPROGRESS=1 FEATURELEVEL=3
[2026.04.26-10.29.09:501][192]LightingResults: New page: Lighting Build
[2026.04.26-10.29.09:506][192]LogNativeClassHierarchy: Verbose: Native class hierarchy updated for 'StatsViewer' in 0.0005 seconds. Added 6 classes and 0 folders.
[2026.04.26-10.29.09:507][192]LoadErrors: New page: Loading map: Main_Menu.umap
[2026.04.26-10.29.09:515][192]LogWorld: UWorld::CleanupWorld for Untitled, bSessionEnded=true, bCleanupResources=true
[2026.04.26-10.29.09:521][192]LogSlate: InvalidateAllWidgets triggered.  All widgets were invalidated
[2026.04.26-10.29.09:526][192]MapCheck: New page: Map Check
[2026.04.26-10.29.09:526][192]LightingResults: New page: Lighting Build
[2026.04.26-10.29.09:569][192]LogAudio: Display: Audio Device unregistered from world 'None'.
[2026.04.26-10.29.09:611][192]LogUObjectHash: Compacting FUObjectHashTables data took   5.53ms
[2026.04.26-10.29.09:618][192]LogAudio: Display: Audio Device (ID: 1) registered with world 'Main_Menu'.
[2026.04.26-10.29.09:711][192]LogEditorServer: Finished looking for orphan Actors (0.000 secs)
[2026.04.26-10.29.09:711][192]LogAIModule: Creating AISystem for world Main_Menu
[2026.04.26-10.29.09:760][192]LogUObjectHash: Compacting FUObjectHashTables data took   2.94ms
[2026.04.26-10.29.09:764][192]Cmd: MAP CHECKDEP NOCLEARLOG
[2026.04.26-10.29.09:764][192]MapCheck: Map check complete: 0 Error(s), 0 Warning(s), took 0,212ms to complete.
[2026.04.26-10.29.09:764][192]LogFileHelpers: Loading map 'Main_Menu' took 0.265
[2026.04.26-10.29.13:700][261]LogTemp: Repeating last play command: Standalone Game
[2026.04.26-10.29.13:851][261]LogUObjectHash: Compacting FUObjectHashTables data took   8.39ms
[2026.04.26-10.30.14:568][953]LogRenderer: Reallocating scene render targets to support 1392x236 Format 10 NumSamples 1 (Frame:733).
[2026.04.26-10.30.14:661][954]LogRenderer: Reallocating scene render targets to support 1392x248 Format 10 NumSamples 1 (Frame:735).
[2026.04.26-10.30.14:747][955]LogRenderer: Reallocating scene render targets to support 1392x324 Format 10 NumSamples 1 (Frame:737).
[2026.04.26-10.30.14:859][956]LogRenderer: Reallocating scene render targets to support 1392x368 Format 10 NumSamples 1 (Frame:739).
[2026.04.26-10.30.14:975][957]LogRenderer: Reallocating scene render targets to support 1392x396 Format 10 NumSamples 1 (Frame:741).
[2026.04.26-10.30.15:086][958]LogRenderer: Reallocating scene render targets to support 1392x424 Format 10 NumSamples 1 (Frame:743).
[2026.04.26-10.30.18:622][ 30]LogUObjectHash: Compacting FUObjectHashTables data took   8.59ms
[2026.04.26-10.30.18:901][ 30]LogLinker: Warning: [AssetLog] C:\LastStep\PROJECT-LAST-STEP\Playtime_Multiplayer\Content\Map\MP_LobbyCustomization.umap: Failed to load '/Game/World/Character/Player/PlayerCharacter': Can't find file.
[2026.04.26-10.30.18:901][ 30]LogLinker: Warning: [AssetLog] C:\LastStep\PROJECT-LAST-STEP\Playtime_Multiplayer\Content\Map\MP_LobbyCustomization.umap: Failed to load '/Game/World/Character/Player/PlayerCharacter': Can't find file.
[2026.04.26-10.30.18:901][ 30]LogLinker: Warning: [AssetLog] C:\LastStep\PROJECT-LAST-STEP\Playtime_Multiplayer\Content\Map\MP_LobbyCustomization.umap: Failed to load '/Game/World/Character/Player/PlayerCharacter': Can't find file.
[2026.04.26-10.30.18:902][ 30]LogLinker: Warning: Failed to load '/Game/World/Character/Player/PlayerCharacter': Can't find file.
[2026.04.26-10.30.18:902][ 30]LogLinker: Warning: Failed to load '/Game/World/Character/Player/PlayerCharacter': Can't find file.
[2026.04.26-10.30.18:914][ 30]LogLinker: Warning: [AssetLog] C:\LastStep\PROJECT-LAST-STEP\Playtime_Multiplayer\Content\Map\MP_LobbyCustomization.umap: Failed to load '/Game/World/Character/Player/PlayerCharacter': Can't find file.
[2026.04.26-10.30.18:914][ 30]LoadErrors: Failed to load /Game/World/Character/Player/PlayerCharacter.PlayerCharacter Referenced by PlayerCharacter_2
[2026.04.26-10.30.19:000][ 30]LogAssetEditorSubsystem: Opening Asset editor for World /Game/Map/MP_LobbyCustomization.MP_LobbyCustomization
[2026.04.26-10.30.19:000][ 30]Cmd: MAP LOAD FILE="../../../../../../LastStep/PROJECT-LAST-STEP/Playtime_Multiplayer/Content/Map/MP_LobbyCustomization.umap" TEMPLATE=0 SHOWPROGRESS=1 FEATURELEVEL=3
[2026.04.26-10.30.19:000][ 30]LightingResults: New page: Lighting Build
[2026.04.26-10.30.19:000][ 30]LoadErrors: New page: Loading map: MP_LobbyCustomization.umap
[2026.04.26-10.30.19:004][ 30]LogWorld: UWorld::CleanupWorld for Main_Menu, bSessionEnded=true, bCleanupResources=true
[2026.04.26-10.30.19:004][ 30]LogSlate: InvalidateAllWidgets triggered.  All widgets were invalidated
[2026.04.26-10.30.19:004][ 30]MapCheck: New page: Map Check
[2026.04.26-10.30.19:004][ 30]LightingResults: New page: Lighting Build
[2026.04.26-10.30.19:044][ 30]LogAudio: Display: Audio Device unregistered from world 'None'.
[2026.04.26-10.30.19:052][ 30]LogUObjectHash: Compacting FUObjectHashTables data took   5.29ms
[2026.04.26-10.30.19:055][ 30]LogAudio: Display: Audio Device (ID: 1) registered with world 'MP_LobbyCustomization'.
[2026.04.26-10.30.19:103][ 30]LogEditorServer: Finished looking for orphan Actors (0.000 secs)
[2026.04.26-10.30.19:103][ 30]LogAIModule: Creating AISystem for world MP_LobbyCustomization
[2026.04.26-10.30.19:154][ 30]LogUObjectHash: Compacting FUObjectHashTables data took   4.15ms
[2026.04.26-10.30.19:157][ 30]Cmd: MAP CHECKDEP NOCLEARLOG
[2026.04.26-10.30.19:157][ 30]MapCheck: Map check complete: 0 Error(s), 0 Warning(s), took 0,158ms to complete.
[2026.04.26-10.30.19:158][ 30]LogFileHelpers: Loading map 'MP_LobbyCustomization' took 0.158
