Log file open, 04/26/26 20:41:41
LogWindows: Failed to load 'aqProf.dll' (GetLastError=126)
LogWindows: File 'aqProf.dll' does not exist
LogWindows: Failed to load 'VtuneApi.dll' (GetLastError=126)
LogWindows: File 'VtuneApi.dll' does not exist
LogWindows: Failed to load 'VtuneApi32e.dll' (GetLastError=126)
LogWindows: File 'VtuneApi32e.dll' does not exist
LogConsoleResponse: Display: Failed to find resolution value strings in scalability ini. Falling back to default.
LogConsoleResponse: Display: Failed to find resolution value strings in scalability ini. Falling back to default.
LogInit: Display: Running engine for game: Playtime_Multiplayer
LogPlatformFile: Not using cached read wrapper
LogTaskGraph: Started task graph with 5 named threads and 11 total threads with 3 sets of task threads.
LogStats: Stats thread started at 2.197308
LogICUInternationalization: ICU TimeZone Detection - Raw Offset: +2:00, Platform Override: ''
LogInit: Display: Loading text-based GConfig....
LogPluginManager: Mounting plugin MeshPainting
LogPluginManager: Mounting plugin XGEController
LogPluginManager: Mounting plugin Paper2D
LogPluginManager: Mounting plugin LiveLink
LogPluginManager: Mounting plugin AISupport
LogPluginManager: Mounting plugin EnvironmentQueryEditor
LogPluginManager: Mounting plugin GameplayCameras
LogPluginManager: Mounting plugin LightPropagationVolume
LogPluginManager: Mounting plugin CameraShakePreviewer
LogPluginManager: Mounting plugin OodleData
LogPluginManager: Mounting plugin AssetManagerEditor
LogPluginManager: Mounting plugin OodleNetwork
LogPluginManager: Mounting plugin CryptoKeys
LogPluginManager: Mounting plugin CurveEditorTools
LogPluginManager: Mounting plugin DataValidation
LogPluginManager: Mounting plugin FacialAnimation
LogPluginManager: Mounting plugin GameplayTagsEditor
LogPluginManager: Mounting plugin GeometryMode
LogPluginManager: Mounting plugin MacGraphicsSwitching
LogPluginManager: Mounting plugin MaterialAnalyzer
LogPluginManager: Mounting plugin MobileLauncherProfileWizard
LogPluginManager: Mounting plugin PluginBrowser
LogPluginManager: Mounting plugin SpeedTreeImporter
LogPluginManager: Mounting plugin AnimationSharing
LogPluginManager: Mounting plugin CodeLiteSourceCodeAccess
LogPluginManager: Mounting plugin CLionSourceCodeAccess
LogPluginManager: Mounting plugin KDevelopSourceCodeAccess
LogPluginManager: Mounting plugin GitSourceControl
LogPluginManager: Mounting plugin NullSourceCodeAccess
LogPluginManager: Mounting plugin PerforceSourceControl
LogPluginManager: Mounting plugin PixWinPlugin
LogPluginManager: Mounting plugin PropertyAccessNode
LogPluginManager: Mounting plugin PlasticSourceControl
LogPluginManager: Mounting plugin PluginUtils
LogPluginManager: Mounting plugin RiderSourceCodeAccess
LogPluginManager: Mounting plugin SubversionSourceControl
LogPluginManager: Mounting plugin TextureFormatOodle
LogPluginManager: Mounting plugin UObjectPlugin
LogPluginManager: Mounting plugin XCodeSourceCodeAccess
LogPluginManager: Mounting plugin VisualStudioCodeSourceCodeAccess
LogPluginManager: Mounting plugin VisualStudioSourceCodeAccess
LogPluginManager: Mounting plugin DatasmithContent
LogPluginManager: Mounting plugin VariantManagerContent
LogPluginManager: Mounting plugin Niagara
LogPluginManager: Mounting plugin AlembicImporter
LogPluginManager: Mounting plugin AutomationUtils
LogPluginManager: Mounting plugin BackChannel
LogPluginManager: Mounting plugin ChaosCloth
LogPluginManager: Mounting plugin ChaosClothEditor
LogPluginManager: Mounting plugin ChaosEditor
LogPluginManager: Mounting plugin ChaosNiagara
LogPluginManager: Mounting plugin ChaosSolverPlugin
LogPluginManager: Mounting plugin CharacterAI
LogPluginManager: Mounting plugin GeometryCache
LogPluginManager: Mounting plugin GeometryCollectionPlugin
LogPluginManager: Mounting plugin GeometryProcessing
LogPluginManager: Mounting plugin MotoSynth
LogPluginManager: Mounting plugin OpenImageDenoise
LogPluginManager: Mounting plugin ProxyLODPlugin
LogPluginManager: Mounting plugin PlanarCut
LogPluginManager: Mounting plugin PlatformCrypto
LogPluginManager: Mounting plugin PythonScriptPlugin
LogPluginManager: Mounting plugin LuminPlatformFeatures
LogPluginManager: Mounting plugin MagicLeap
LogPluginManager: Mounting plugin MagicLeapLightEstimation
LogPluginManager: Mounting plugin MagicLeapMedia
LogPluginManager: Mounting plugin MagicLeapPassableWorld
LogPluginManager: Mounting plugin MLSDK
LogPluginManager: Mounting plugin SkeletalReduction
LogPluginManager: Mounting plugin AndroidMedia
LogPluginManager: Mounting plugin AvfMedia
LogPluginManager: Mounting plugin ImgMedia
LogPluginManager: Mounting plugin MediaCompositing
LogPluginManager: Mounting plugin MediaPlayerEditor
LogPluginManager: Mounting plugin WebMMedia
LogPluginManager: Mounting plugin WmfMedia
LogPluginManager: Mounting plugin ActorSequence
LogPluginManager: Mounting plugin LevelSequenceEditor
LogPluginManager: Mounting plugin MatineeToLevelSequence
LogPluginManager: Mounting plugin TcpMessaging
LogPluginManager: Mounting plugin TemplateSequence
LogPluginManager: Mounting plugin UdpMessaging
LogPluginManager: Mounting plugin OnlineSubsystem
LogPluginManager: Mounting plugin OnlineSubsystemNull
LogPluginManager: Mounting plugin OnlineSubsystemSteam
LogPluginManager: Mounting plugin OnlineSubsystemUtils
LogPluginManager: Mounting plugin LauncherChunkInstaller
LogPluginManager: Mounting plugin ActorLayerUtilities
LogPluginManager: Mounting plugin AndroidDeviceProfileSelector
LogPluginManager: Mounting plugin AndroidMoviePlayer
LogPluginManager: Mounting plugin AndroidPermission
LogPluginManager: Mounting plugin AppleMoviePlayer
LogPluginManager: Mounting plugin AppleImageUtils
LogPluginManager: Mounting plugin AssetTags
LogPluginManager: Mounting plugin AudioCapture
LogPluginManager: Mounting plugin CableComponent
LogPluginManager: Mounting plugin ArchVisCharacter
LogPluginManager: Mounting plugin AudioSynesthesia
LogPluginManager: Mounting plugin ChunkDownloader
LogPluginManager: Mounting plugin CustomMeshComponent
LogPluginManager: Mounting plugin EditableMesh
LogPluginManager: Mounting plugin ExampleDeviceProfileSelector
LogPluginManager: Mounting plugin GoogleCloudMessaging
LogPluginManager: Mounting plugin GooglePAD
LogPluginManager: Mounting plugin IOSDeviceProfileSelector
LogPluginManager: Mounting plugin LinuxDeviceProfileSelector
LogPluginManager: Mounting plugin LocationServicesBPLibrary
LogPluginManager: Mounting plugin MobilePatchingUtils
LogPluginManager: Mounting plugin OpenXREyeTracker
LogPluginManager: Mounting plugin OpenXR
LogPluginManager: Mounting plugin OpenXRHandTracking
LogPluginManager: Mounting plugin PostSplashScreen
LogPluginManager: Mounting plugin PhysXVehicles
LogPluginManager: Mounting plugin ProceduralMeshComponent
LogPluginManager: Mounting plugin PropertyAccessEditor
LogPluginManager: Mounting plugin RuntimePhysXCooking
LogPluginManager: Mounting plugin SignificanceManager
LogPluginManager: Mounting plugin SoundFields
LogPluginManager: Mounting plugin Synthesis
LogPluginManager: Mounting plugin WebMMoviePlayer
LogPluginManager: Mounting plugin WindowsMoviePlayer
LogPluginManager: Mounting plugin ScreenshotTools
LogPluginManager: Mounting plugin Takes
LogPluginManager: Mounting plugin ContentBrowserAssetDataSource
LogPluginManager: Mounting plugin ContentBrowserClassDataSource
LogPluginManager: Mounting plugin ContentBrowserFileDataSource
LogPluginManager: Mounting plugin OnlineSubsystemGooglePlay
LogPluginManager: Mounting plugin OnlineSubsystemIOS
LogPluginManager: Mounting plugin OculusVR
LogPluginManager: Mounting plugin SteamShared
LogPluginManager: Mounting plugin SteamVR
LogPluginManager: Mounting plugin AdvancedSessions
LogPluginManager: Mounting plugin AdvancedSteamSessions
LogPluginManager: Mounting plugin VaRest
PixWinPlugin: PIX capture plugin failed to initialize! Check that the process is launched from PIX.
LogInit: Using libcurl 7.55.1-DEV
LogInit:  - built for x86_64-pc-win32
LogInit:  - supports SSL with OpenSSL/1.1.1
LogInit:  - supports HTTP deflate (compression) using libz 1.2.8
LogInit:  - other features:
LogInit:      CURL_VERSION_SSL
LogInit:      CURL_VERSION_LIBZ
LogInit:      CURL_VERSION_IPV6
LogInit:      CURL_VERSION_ASYNCHDNS
LogInit:      CURL_VERSION_LARGEFILE
LogInit:      CURL_VERSION_IDN
LogInit:  CurlRequestOptions (configurable via config and command line):
LogInit:  - bVerifyPeer = true  - Libcurl will verify peer certificate
LogInit:  - bUseHttpProxy = false  - Libcurl will NOT use HTTP proxy
LogInit:  - bDontReuseConnections = false  - Libcurl will reuse connections
LogInit:  - MaxHostConnections = 16  - Libcurl will limit the number of connections to a host
LogInit:  - LocalHostAddr = Default
LogInit:  - BufferSize = 65536
LogSteamShared: Display: Loading Steam SDK 1.51
LogSteamShared: Steam SDK Loaded!
LogOnline: OSS: Creating online subsystem instance for: Steam
LogOnline: STEAM: Steam User is subscribed 1
LogOnline: STEAM: [AppId: 1961460] Client API initialized 1
LogOnline: STEAM: [AppId: 1961460] Game Server API initialized 1
LogOnline: STEAM: Initializing SteamNetworking Layer
LogOnline: STEAM: Missing P2PCleanupTimeout key in OnlineSubsystemSteam of DefaultEngine.ini, using default
LogInit: WinSock: version 1.1 (2.2), MaxSocks=32767, MaxUdp=65467
LogOnline: OSS: TryLoadSubsystemAndSetDefault: Loaded subsystem for module [Steam]
LogOculusPluginWrapper: OculusPlugin initialized successfully
LogHMD: Failed initializing OVRPlugin 1.59.0
LogInit: Build: ++UE4+Release-4.27-CL-18319896
LogInit: Engine Version: 4.27.2-18319896+++UE4+Release-4.27
LogInit: Compatible Engine Version: 4.27.0-17155196+++UE4+Release-4.27
LogInit: Net CL: 17155196
LogInit: OS: Windows 10 (Release 2009) (), CPU: AMD Ryzen 3 3250U with Radeon Graphics         , GPU: AMD Radeon(TM) Graphics
LogInit: Compiled (64-bit): Nov 30 2021 07:12:08
LogInit: Compiled with Visual C++: 19.24.28315.00
LogInit: Build Configuration: Development
LogInit: Branch Name: ++UE4+Release-4.27
LogInit: Command Line:  /Game/Map/Main_Menu -game -PIEVIACONSOLE -Multiprocess GameUserSettingsINI=C:/LastStep/PROJECT-LAST-STEP/Playtime_Multiplayer/Saved/Config/Windows/PIEGameUserSettings0.ini -MultiprocessSaveConfig -forcepassthrough -messaging -SessionName="Play in Standalone Game" -windowed -WinX=320 -WinY=180 SAVEWINPOS=1 -ResX=1378 -ResY=986
LogInit: Base Directory: C:/Program Files/Epic Games/UE_4.27/Engine/Binaries/Win64/
LogInit: Allocator: TBB
LogInit: Installed Engine Build: 1
LogDevObjectVersion: Number of dev versions registered: 29
LogDevObjectVersion:   Dev-Blueprints (B0D832E4-1F89-4F0D-ACCF-7EB736FD4AA2): 10
LogDevObjectVersion:   Dev-Build (E1C64328-A22C-4D53-A36C-8E866417BD8C): 0
LogDevObjectVersion:   Dev-Core (375EC13C-06E4-48FB-B500-84F0262A717E): 4
LogDevObjectVersion:   Dev-Editor (E4B068ED-F494-42E9-A231-DA0B2E46BB41): 40
LogDevObjectVersion:   Dev-Framework (CFFC743F-43B0-4480-9391-14DF171D2073): 37
LogDevObjectVersion:   Dev-Mobile (B02B49B5-BB20-44E9-A304-32B752E40360): 3
LogDevObjectVersion:   Dev-Networking (A4E4105C-59A1-49B5-A7C5-40C4547EDFEE): 0
LogDevObjectVersion:   Dev-Online (39C831C9-5AE6-47DC-9A44-9C173E1C8E7C): 0
LogDevObjectVersion:   Dev-Physics (78F01B33-EBEA-4F98-B9B4-84EACCB95AA2): 14
LogDevObjectVersion:   Dev-Platform (6631380F-2D4D-43E0-8009-CF276956A95A): 0
LogDevObjectVersion:   Dev-Rendering (12F88B9F-8875-4AFC-A67C-D90C383ABD29): 45
LogDevObjectVersion:   Dev-Sequencer (7B5AE74C-D270-4C10-A958-57980B212A5A): 13
LogDevObjectVersion:   Dev-VR (D7296918-1DD6-4BDD-9DE2-64A83CC13884): 3
LogDevObjectVersion:   Dev-LoadTimes (C2A15278-BFE7-4AFE-6C17-90FF531DF755): 1
LogDevObjectVersion:   Private-Geometry (6EACA3D4-40EC-4CC1-B786-8BED09428FC5): 3
LogDevObjectVersion:   Dev-AnimPhys (29E575DD-E0A3-4627-9D10-D276232CDCEA): 17
LogDevObjectVersion:   Dev-Anim (AF43A65D-7FD3-4947-9873-3E8ED9C1BB05): 15
LogDevObjectVersion:   Dev-ReflectionCapture (6B266CEC-1EC7-4B8F-A30B-E4D90942FC07): 1
LogDevObjectVersion:   Dev-Automation (0DF73D61-A23F-47EA-B727-89E90C41499A): 1
LogDevObjectVersion:   FortniteMain (601D1886-AC64-4F84-AA16-D3DE0DEAC7D6): 47
LogDevObjectVersion:   FortniteRelease (E7086368-6B23-4C58-8439-1B7016265E91): 1
LogDevObjectVersion:   Dev-Enterprise (9DFFBCD6-494F-0158-E221-12823C92A888): 10
LogDevObjectVersion:   Dev-Niagara (F2AED0AC-9AFE-416F-8664-AA7FFA26D6FC): 1
LogDevObjectVersion:   Dev-Destruction (174F1F0B-B4C6-45A5-B13F-2EE8D0FB917D): 10
LogDevObjectVersion:   Dev-Physics-Ext (35F94A83-E258-406C-A318-09F59610247C): 41
LogDevObjectVersion:   Dev-PhysicsMaterial-Chaos (B68FC16E-8B1B-42E2-B453-215C058844FE): 1
LogDevObjectVersion:   Dev-CineCamera (B2E18506-4273-CFC2-A54E-F4BB758BBA07): 1
LogDevObjectVersion:   Dev-VirtualProduction (64F58936-FD1B-42BA-BA96-7289D5D0FA4E): 1
LogDevObjectVersion:   Dev-MediaFramework (6F0ED827-A609-4895-9C91-998D90180EA4): 2
LogLinker: AddRedirectList(C:/LastStep/PROJECT-LAST-STEP/Playtime_Multiplayer/Saved/Config/Windows/VaRest.ini) has substring redirect /VaRestPlugin/, these are very slow and should be resolved as soon as possible!
LogInit: Presizing for max 25165824 objects, including 0 objects not considered by GC, pre-allocating 0 bytes for permanent pool.
LogConfig: Applying CVar settings from Section [/Script/Engine.StreamingSettings] File [C:/LastStep/PROJECT-LAST-STEP/Playtime_Multiplayer/Saved/Config/Windows/Engine.ini]
LogConfig: Setting CVar [[s.MinBulkDataSizeForAsyncLoading:131072]]
LogConfig: Setting CVar [[s.AsyncLoadingThreadEnabled:0]]
LogConfig: Setting CVar [[s.EventDrivenLoaderEnabled:1]]
LogConfig: Setting CVar [[s.WarnIfTimeLimitExceeded:0]]
LogConfig: Setting CVar [[s.TimeLimitExceededMultiplier:1.5]]
LogConfig: Setting CVar [[s.TimeLimitExceededMinTime:0.005]]
LogConfig: Setting CVar [[s.UseBackgroundLevelStreaming:1]]
LogConfig: Setting CVar [[s.PriorityAsyncLoadingExtraTime:15.0]]
LogConfig: Setting CVar [[s.LevelStreamingActorsUpdateTimeLimit:5.0]]
LogConfig: Setting CVar [[s.PriorityLevelStreamingActorsUpdateExtraTime:5.0]]
LogConfig: Setting CVar [[s.LevelStreamingComponentsRegistrationGranularity:10]]
LogConfig: Setting CVar [[s.UnregisterComponentsTimeLimit:1.0]]
LogConfig: Setting CVar [[s.LevelStreamingComponentsUnregistrationGranularity:5]]
LogConfig: Setting CVar [[s.FlushStreamingOnExit:1]]
LogInit: Object subsystem initialized
LogConfig: Setting CVar [[con.DebugEarlyDefault:1]]
LogConfig: Setting CVar [[r.setres:1280x720]]
[2026.04.26-18.41.45:644][  0]LogConfig: Setting CVar [[con.DebugEarlyDefault:1]]
[2026.04.26-18.41.45:644][  0]LogConfig: Setting CVar [[r.setres:1280x720]]
[2026.04.26-18.41.45:644][  0]LogConfig: Applying CVar settings from Section [/Script/Engine.RendererSettings] File [C:/LastStep/PROJECT-LAST-STEP/Playtime_Multiplayer/Saved/Config/Windows/Engine.ini]
[2026.04.26-18.41.45:644][  0]LogConfig: Setting CVar [[r.GPUCrashDebugging:0]]
[2026.04.26-18.41.45:644][  0]LogConfig: Applying CVar settings from Section [/Script/Engine.RendererOverrideSettings] File [C:/LastStep/PROJECT-LAST-STEP/Playtime_Multiplayer/Saved/Config/Windows/Engine.ini]
[2026.04.26-18.41.45:644][  0]LogConfig: Applying CVar settings from Section [/Script/Engine.StreamingSettings] File [C:/LastStep/PROJECT-LAST-STEP/Playtime_Multiplayer/Saved/Config/Windows/Engine.ini]
[2026.04.26-18.41.45:644][  0]LogConfig: Setting CVar [[s.MinBulkDataSizeForAsyncLoading:131072]]
[2026.04.26-18.41.45:645][  0]LogConfig: Setting CVar [[s.AsyncLoadingThreadEnabled:0]]
[2026.04.26-18.41.45:645][  0]LogConfig: Setting CVar [[s.EventDrivenLoaderEnabled:1]]
[2026.04.26-18.41.45:645][  0]LogConfig: Setting CVar [[s.WarnIfTimeLimitExceeded:0]]
[2026.04.26-18.41.45:645][  0]LogConfig: Setting CVar [[s.TimeLimitExceededMultiplier:1.5]]
[2026.04.26-18.41.45:645][  0]LogConfig: Setting CVar [[s.TimeLimitExceededMinTime:0.005]]
[2026.04.26-18.41.45:645][  0]LogConfig: Setting CVar [[s.UseBackgroundLevelStreaming:1]]
[2026.04.26-18.41.45:645][  0]LogConfig: Setting CVar [[s.PriorityAsyncLoadingExtraTime:15.0]]
[2026.04.26-18.41.45:645][  0]LogConfig: Setting CVar [[s.LevelStreamingActorsUpdateTimeLimit:5.0]]
[2026.04.26-18.41.45:645][  0]LogConfig: Setting CVar [[s.PriorityLevelStreamingActorsUpdateExtraTime:5.0]]
[2026.04.26-18.41.45:645][  0]LogConfig: Setting CVar [[s.LevelStreamingComponentsRegistrationGranularity:10]]
[2026.04.26-18.41.45:645][  0]LogConfig: Setting CVar [[s.UnregisterComponentsTimeLimit:1.0]]
[2026.04.26-18.41.45:645][  0]LogConfig: Setting CVar [[s.LevelStreamingComponentsUnregistrationGranularity:5]]
[2026.04.26-18.41.45:645][  0]LogConfig: Setting CVar [[s.FlushStreamingOnExit:1]]
[2026.04.26-18.41.45:645][  0]LogConfig: Applying CVar settings from Section [/Script/Engine.GarbageCollectionSettings] File [C:/LastStep/PROJECT-LAST-STEP/Playtime_Multiplayer/Saved/Config/Windows/Engine.ini]
[2026.04.26-18.41.45:645][  0]LogConfig: Setting CVar [[gc.MaxObjectsNotConsideredByGC:1]]
[2026.04.26-18.41.45:645][  0]LogConfig: Setting CVar [[gc.SizeOfPermanentObjectPool:0]]
[2026.04.26-18.41.45:645][  0]LogConfig: Setting CVar [[gc.FlushStreamingOnGC:0]]
[2026.04.26-18.41.45:645][  0]LogConfig: Setting CVar [[gc.NumRetriesBeforeForcingGC:10]]
[2026.04.26-18.41.45:645][  0]LogConfig: Setting CVar [[gc.AllowParallelGC:1]]
[2026.04.26-18.41.45:645][  0]LogConfig: Setting CVar [[gc.TimeBetweenPurgingPendingKillObjects:61.1]]
[2026.04.26-18.41.45:645][  0]LogConfig: Setting CVar [[gc.MaxObjectsInEditor:25165824]]
[2026.04.26-18.41.45:645][  0]LogConfig: Setting CVar [[gc.IncrementalBeginDestroyEnabled:1]]
[2026.04.26-18.41.45:645][  0]LogConfig: Setting CVar [[gc.CreateGCClusters:1]]
[2026.04.26-18.41.45:645][  0]LogConfig: Setting CVar [[gc.MinGCClusterSize:5]]
[2026.04.26-18.41.45:645][  0]LogConfig: Setting CVar [[gc.ActorClusteringEnabled:0]]
[2026.04.26-18.41.45:645][  0]LogConfig: Setting CVar [[gc.BlueprintClusteringEnabled:0]]
[2026.04.26-18.41.45:645][  0]LogConfig: Setting CVar [[gc.UseDisregardForGCOnDedicatedServers:0]]
[2026.04.26-18.41.45:645][  0]LogConfig: Setting CVar [[gc.MultithreadedDestructionEnabled:1]]
[2026.04.26-18.41.45:645][  0]LogConfig: Applying CVar settings from Section [/Script/Engine.NetworkSettings] File [C:/LastStep/PROJECT-LAST-STEP/Playtime_Multiplayer/Saved/Config/Windows/Engine.ini]
[2026.04.26-18.41.45:645][  0]LogConfig: Applying CVar settings from Section [/Script/UnrealEd.CookerSettings] File [C:/LastStep/PROJECT-LAST-STEP/Playtime_Multiplayer/Saved/Config/Windows/Engine.ini]
[2026.04.26-18.41.45:646][  0]LogConfig: Setting CVar [[cook.AllowCookedDataInEditorBuilds:1]]
[2026.04.26-18.41.45:646][  0]LogConfig: Setting CVar [[s.AllowUnversionedContentInEditor:1]]
[2026.04.26-18.41.45:661][  0]LogConfig: Applying CVar settings from Section [ViewDistanceQuality@3] File [C:/LastStep/PROJECT-LAST-STEP/Playtime_Multiplayer/Saved/Config/Windows/Scalability.ini]
[2026.04.26-18.41.45:661][  0]LogConfig: Setting CVar [[r.SkeletalMeshLODBias:0]]
[2026.04.26-18.41.45:661][  0]LogConfig: Setting CVar [[r.ViewDistanceScale:1.0]]
[2026.04.26-18.41.45:661][  0]LogConfig: Applying CVar settings from Section [AntiAliasingQuality@3] File [C:/LastStep/PROJECT-LAST-STEP/Playtime_Multiplayer/Saved/Config/Windows/Scalability.ini]
[2026.04.26-18.41.45:661][  0]LogConfig: Setting CVar [[r.PostProcessAAQuality:4]]
[2026.04.26-18.41.45:661][  0]LogConfig: Applying CVar settings from Section [ShadowQuality@3] File [C:/LastStep/PROJECT-LAST-STEP/Playtime_Multiplayer/Saved/Config/Windows/Scalability.ini]
[2026.04.26-18.41.45:661][  0]LogConfig: Setting CVar [[r.LightFunctionQuality:1]]
[2026.04.26-18.41.45:661][  0]LogConfig: Setting CVar [[r.ShadowQuality:5]]
[2026.04.26-18.41.45:661][  0]LogConfig: Setting CVar [[r.Shadow.CSM.MaxCascades:10]]
[2026.04.26-18.41.45:661][  0]LogConfig: Setting CVar [[r.Shadow.MaxResolution:2048]]
[2026.04.26-18.41.45:661][  0]LogConfig: Setting CVar [[r.Shadow.MaxCSMResolution:2048]]
[2026.04.26-18.41.45:661][  0]LogConfig: Setting CVar [[r.Shadow.RadiusThreshold:0.01]]
[2026.04.26-18.41.45:661][  0]LogConfig: Setting CVar [[r.Shadow.DistanceScale:1.0]]
[2026.04.26-18.41.45:661][  0]LogConfig: Setting CVar [[r.Shadow.CSM.TransitionScale:1.0]]
[2026.04.26-18.41.45:661][  0]LogConfig: Setting CVar [[r.Shadow.PreShadowResolutionFactor:1.0]]
[2026.04.26-18.41.45:661][  0]LogConfig: Setting CVar [[r.DistanceFieldShadowing:1]]
[2026.04.26-18.41.45:661][  0]LogConfig: Setting CVar [[r.DistanceFieldAO:1]]
[2026.04.26-18.41.45:661][  0]LogConfig: Setting CVar [[r.AOQuality:2]]
[2026.04.26-18.41.45:661][  0]LogConfig: Setting CVar [[r.VolumetricFog:1]]
[2026.04.26-18.41.45:661][  0]LogConfig: Setting CVar [[r.VolumetricFog.GridPixelSize:8]]
[2026.04.26-18.41.45:661][  0]LogConfig: Setting CVar [[r.VolumetricFog.GridSizeZ:128]]
[2026.04.26-18.41.45:661][  0]LogConfig: Setting CVar [[r.VolumetricFog.HistoryMissSupersampleCount:4]]
[2026.04.26-18.41.45:661][  0]LogConfig: Setting CVar [[r.LightMaxDrawDistanceScale:1]]
[2026.04.26-18.41.45:661][  0]LogConfig: Setting CVar [[r.CapsuleShadows:1]]
[2026.04.26-18.41.45:661][  0]LogConfig: Applying CVar settings from Section [PostProcessQuality@3] File [C:/LastStep/PROJECT-LAST-STEP/Playtime_Multiplayer/Saved/Config/Windows/Scalability.ini]
[2026.04.26-18.41.45:661][  0]LogConfig: Setting CVar [[r.MotionBlurQuality:4]]
[2026.04.26-18.41.45:661][  0]LogConfig: Setting CVar [[r.AmbientOcclusionMipLevelFactor:0.4]]
[2026.04.26-18.41.45:661][  0]LogConfig: Setting CVar [[r.AmbientOcclusionMaxQuality:100]]
[2026.04.26-18.41.45:661][  0]LogConfig: Setting CVar [[r.AmbientOcclusionLevels:-1]]
[2026.04.26-18.41.45:661][  0]LogConfig: Setting CVar [[r.AmbientOcclusionRadiusScale:1.0]]
[2026.04.26-18.41.45:661][  0]LogConfig: Setting CVar [[r.DepthOfFieldQuality:2]]
[2026.04.26-18.41.45:661][  0]LogConfig: Setting CVar [[r.RenderTargetPoolMin:400]]
[2026.04.26-18.41.45:661][  0]LogConfig: Setting CVar [[r.LensFlareQuality:2]]
[2026.04.26-18.41.45:661][  0]LogConfig: Setting CVar [[r.SceneColorFringeQuality:1]]
[2026.04.26-18.41.45:661][  0]LogConfig: Setting CVar [[r.EyeAdaptationQuality:2]]
[2026.04.26-18.41.45:661][  0]LogConfig: Setting CVar [[r.BloomQuality:5]]
[2026.04.26-18.41.45:662][  0]LogConfig: Setting CVar [[r.FastBlurThreshold:100]]
[2026.04.26-18.41.45:662][  0]LogConfig: Setting CVar [[r.Upscale.Quality:3]]
[2026.04.26-18.41.45:662][  0]LogConfig: Setting CVar [[r.Tonemapper.GrainQuantization:1]]
[2026.04.26-18.41.45:662][  0]LogConfig: Setting CVar [[r.LightShaftQuality:1]]
[2026.04.26-18.41.45:662][  0]LogConfig: Setting CVar [[r.Filter.SizeScale:1]]
[2026.04.26-18.41.45:662][  0]LogConfig: Setting CVar [[r.Tonemapper.Quality:5]]
[2026.04.26-18.41.45:662][  0]LogConfig: Setting CVar [[r.DOF.Gather.AccumulatorQuality:1        ; higher gathering accumulator quality]]
[2026.04.26-18.41.45:662][  0]LogConfig: Setting CVar [[r.DOF.Gather.PostfilterMethod:1          ; Median3x3 postfilering method]]
[2026.04.26-18.41.45:662][  0]LogConfig: Setting CVar [[r.DOF.Gather.EnableBokehSettings:0       ; no bokeh simulation when gathering]]
[2026.04.26-18.41.45:662][  0]LogConfig: Setting CVar [[r.DOF.Gather.RingCount:4                 ; medium number of samples when gathering]]
[2026.04.26-18.41.45:662][  0]LogConfig: Setting CVar [[r.DOF.Scatter.ForegroundCompositing:1    ; additive foreground scattering]]
[2026.04.26-18.41.45:662][  0]LogConfig: Setting CVar [[r.DOF.Scatter.BackgroundCompositing:2    ; additive background scattering]]
[2026.04.26-18.41.45:662][  0]LogConfig: Setting CVar [[r.DOF.Scatter.EnableBokehSettings:1      ; bokeh simulation when scattering]]
[2026.04.26-18.41.45:662][  0]LogConfig: Setting CVar [[r.DOF.Scatter.MaxSpriteRatio:0.1         ; only a maximum of 10% of scattered bokeh]]
[2026.04.26-18.41.45:662][  0]LogConfig: Setting CVar [[r.DOF.Recombine.Quality:1                ; cheap slight out of focus]]
[2026.04.26-18.41.45:662][  0]LogConfig: Setting CVar [[r.DOF.Recombine.EnableBokehSettings:0    ; no bokeh simulation on slight out of focus]]
[2026.04.26-18.41.45:662][  0]LogConfig: Setting CVar [[r.DOF.TemporalAAQuality:1                ; more stable temporal accumulation]]
[2026.04.26-18.41.45:662][  0]LogConfig: Setting CVar [[r.DOF.Kernel.MaxForegroundRadius:0.025]]
[2026.04.26-18.41.45:662][  0]LogConfig: Setting CVar [[r.DOF.Kernel.MaxBackgroundRadius:0.025]]
[2026.04.26-18.41.45:662][  0]LogConfig: Applying CVar settings from Section [TextureQuality@3] File [C:/LastStep/PROJECT-LAST-STEP/Playtime_Multiplayer/Saved/Config/Windows/Scalability.ini]
[2026.04.26-18.41.45:662][  0]LogConfig: Setting CVar [[r.Streaming.MipBias:0]]
[2026.04.26-18.41.45:662][  0]LogConfig: Setting CVar [[r.Streaming.AmortizeCPUToGPUCopy:0]]
[2026.04.26-18.41.45:663][  0]LogConfig: Setting CVar [[r.Streaming.MaxNumTexturesToStreamPerFrame:0]]
[2026.04.26-18.41.45:663][  0]LogConfig: Setting CVar [[r.Streaming.Boost:1]]
[2026.04.26-18.41.45:663][  0]LogConfig: Setting CVar [[r.MaxAnisotropy:8]]
[2026.04.26-18.41.45:663][  0]LogConfig: Setting CVar [[r.VT.MaxAnisotropy:8]]
[2026.04.26-18.41.45:663][  0]LogConfig: Setting CVar [[r.Streaming.LimitPoolSizeToVRAM:0]]
[2026.04.26-18.41.45:663][  0]LogConfig: Setting CVar [[r.Streaming.PoolSize:1000]]
[2026.04.26-18.41.45:663][  0]LogConfig: Setting CVar [[r.Streaming.MaxEffectiveScreenSize:0]]
[2026.04.26-18.41.45:663][  0]LogConfig: Applying CVar settings from Section [EffectsQuality@3] File [C:/LastStep/PROJECT-LAST-STEP/Playtime_Multiplayer/Saved/Config/Windows/Scalability.ini]
[2026.04.26-18.41.45:663][  0]LogConfig: Setting CVar [[r.TranslucencyLightingVolumeDim:64]]
[2026.04.26-18.41.45:663][  0]LogConfig: Setting CVar [[r.RefractionQuality:2]]
[2026.04.26-18.41.45:663][  0]LogConfig: Setting CVar [[r.SSR.Quality:3]]
[2026.04.26-18.41.45:663][  0]LogConfig: Setting CVar [[r.SSR.HalfResSceneColor:0]]
[2026.04.26-18.41.45:663][  0]LogConfig: Setting CVar [[r.SceneColorFormat:4]]
[2026.04.26-18.41.45:663][  0]LogConfig: Setting CVar [[r.DetailMode:2]]
[2026.04.26-18.41.45:663][  0]LogConfig: Setting CVar [[r.TranslucencyVolumeBlur:1]]
[2026.04.26-18.41.45:663][  0]LogConfig: Setting CVar [[r.MaterialQualityLevel:1 ; High quality]]
[2026.04.26-18.41.45:664][  0]LogConfig: Setting CVar [[r.AnisotropicMaterials:1]]
[2026.04.26-18.41.45:664][  0]LogConfig: Setting CVar [[r.SSS.Scale:1]]
[2026.04.26-18.41.45:664][  0]LogConfig: Setting CVar [[r.SSS.SampleSet:2]]
[2026.04.26-18.41.45:664][  0]LogConfig: Setting CVar [[r.SSS.Quality:1]]
[2026.04.26-18.41.45:664][  0]LogConfig: Setting CVar [[r.SSS.HalfRes:0]]
[2026.04.26-18.41.45:664][  0]LogConfig: Setting CVar [[r.SSGI.Quality:3]]
[2026.04.26-18.41.45:664][  0]LogConfig: Setting CVar [[r.EmitterSpawnRateScale:1.0]]
[2026.04.26-18.41.45:664][  0]LogConfig: Setting CVar [[r.ParticleLightQuality:2]]
[2026.04.26-18.41.45:664][  0]LogConfig: Setting CVar [[r.SkyAtmosphere.AerialPerspectiveLUT.FastApplyOnOpaque:1 ; Always have FastSkyLUT 1 in this case to avoid wrong sky]]
[2026.04.26-18.41.45:664][  0]LogConfig: Setting CVar [[r.SkyAtmosphere.AerialPerspectiveLUT.SampleCountMaxPerSlice:4]]
[2026.04.26-18.41.45:664][  0]LogConfig: Setting CVar [[r.SkyAtmosphere.AerialPerspectiveLUT.DepthResolution:16.0]]
[2026.04.26-18.41.45:664][  0]LogConfig: Setting CVar [[r.SkyAtmosphere.FastSkyLUT:1]]
[2026.04.26-18.41.45:664][  0]LogConfig: Setting CVar [[r.SkyAtmosphere.FastSkyLUT.SampleCountMin:4.0]]
[2026.04.26-18.41.45:664][  0]LogConfig: Setting CVar [[r.SkyAtmosphere.FastSkyLUT.SampleCountMax:128.0]]
[2026.04.26-18.41.45:664][  0]LogConfig: Setting CVar [[r.SkyAtmosphere.SampleCountMin:4.0]]
[2026.04.26-18.41.45:664][  0]LogConfig: Setting CVar [[r.SkyAtmosphere.SampleCountMax:128.0]]
[2026.04.26-18.41.45:664][  0]LogConfig: Setting CVar [[r.SkyAtmosphere.TransmittanceLUT.UseSmallFormat:0]]
[2026.04.26-18.41.45:664][  0]LogConfig: Setting CVar [[r.SkyAtmosphere.TransmittanceLUT.SampleCount:10.0]]
[2026.04.26-18.41.45:664][  0]LogConfig: Setting CVar [[r.SkyAtmosphere.MultiScatteringLUT.SampleCount:15.0]]
[2026.04.26-18.41.45:664][  0]LogConfig: Setting CVar [[r.SkyLight.RealTimeReflectionCapture:1]]
[2026.04.26-18.41.45:664][  0]LogConfig: Applying CVar settings from Section [FoliageQuality@3] File [C:/LastStep/PROJECT-LAST-STEP/Playtime_Multiplayer/Saved/Config/Windows/Scalability.ini]
[2026.04.26-18.41.45:664][  0]LogConfig: Setting CVar [[foliage.DensityScale:1.0]]
[2026.04.26-18.41.45:664][  0]LogConfig: Setting CVar [[grass.DensityScale:1.0]]
[2026.04.26-18.41.45:664][  0]LogConfig: Applying CVar settings from Section [ShadingQuality@3] File [C:/LastStep/PROJECT-LAST-STEP/Playtime_Multiplayer/Saved/Config/Windows/Scalability.ini]
[2026.04.26-18.41.45:664][  0]LogConfig: Setting CVar [[r.HairStrands.SkyLighting.IntegrationType:2]]
[2026.04.26-18.41.45:664][  0]LogConfig: Setting CVar [[r.HairStrands.SkyAO.SampleCount:4]]
[2026.04.26-18.41.45:664][  0]LogConfig: Setting CVar [[r.HairStrands.Visibility.MSAA.SamplePerPixel:4]]
[2026.04.26-18.41.45:664][  0]LogInit: Selected Device Profile: [Windows]
[2026.04.26-18.41.45:664][  0]LogInit: Applying CVar settings loaded from the selected device profile: [Windows]
[2026.04.26-18.41.45:664][  0]LogHAL: Display: Platform has ~ 6 GB [6358228992 / 8589934592 / 6], which maps to Smaller [LargestMinGB=32, LargerMinGB=12, DefaultMinGB=8, SmallerMinGB=6, SmallestMinGB=0)
[2026.04.26-18.41.45:665][  0]LogInit: Going up to parent DeviceProfile []
[2026.04.26-18.41.45:665][  0]LogConfig: Applying CVar settings from Section [ViewDistanceQuality@3] File [C:/LastStep/PROJECT-LAST-STEP/Playtime_Multiplayer/Saved/Config/Windows/Scalability.ini]
[2026.04.26-18.41.45:665][  0]LogConfig: Setting CVar [[r.SkeletalMeshLODBias:0]]
[2026.04.26-18.41.45:665][  0]LogConfig: Setting CVar [[r.ViewDistanceScale:1.0]]
[2026.04.26-18.41.45:665][  0]LogConfig: Applying CVar settings from Section [AntiAliasingQuality@3] File [C:/LastStep/PROJECT-LAST-STEP/Playtime_Multiplayer/Saved/Config/Windows/Scalability.ini]
[2026.04.26-18.41.45:665][  0]LogConfig: Setting CVar [[r.PostProcessAAQuality:4]]
[2026.04.26-18.41.45:665][  0]LogConfig: Applying CVar settings from Section [ShadowQuality@3] File [C:/LastStep/PROJECT-LAST-STEP/Playtime_Multiplayer/Saved/Config/Windows/Scalability.ini]
[2026.04.26-18.41.45:666][  0]LogConfig: Setting CVar [[r.LightFunctionQuality:1]]
[2026.04.26-18.41.45:666][  0]LogConfig: Setting CVar [[r.ShadowQuality:5]]
[2026.04.26-18.41.45:666][  0]LogConfig: Setting CVar [[r.Shadow.CSM.MaxCascades:10]]
[2026.04.26-18.41.45:666][  0]LogConfig: Setting CVar [[r.Shadow.MaxResolution:2048]]
[2026.04.26-18.41.45:666][  0]LogConfig: Setting CVar [[r.Shadow.MaxCSMResolution:2048]]
[2026.04.26-18.41.45:666][  0]LogConfig: Setting CVar [[r.Shadow.RadiusThreshold:0.01]]
[2026.04.26-18.41.45:666][  0]LogConfig: Setting CVar [[r.Shadow.DistanceScale:1.0]]
[2026.04.26-18.41.45:666][  0]LogConfig: Setting CVar [[r.Shadow.CSM.TransitionScale:1.0]]
[2026.04.26-18.41.45:666][  0]LogConfig: Setting CVar [[r.Shadow.PreShadowResolutionFactor:1.0]]
[2026.04.26-18.41.45:666][  0]LogConfig: Setting CVar [[r.DistanceFieldShadowing:1]]
[2026.04.26-18.41.45:666][  0]LogConfig: Setting CVar [[r.DistanceFieldAO:1]]
[2026.04.26-18.41.45:666][  0]LogConfig: Setting CVar [[r.AOQuality:2]]
[2026.04.26-18.41.45:666][  0]LogConfig: Setting CVar [[r.VolumetricFog:1]]
[2026.04.26-18.41.45:666][  0]LogConfig: Setting CVar [[r.VolumetricFog.GridPixelSize:8]]
[2026.04.26-18.41.45:666][  0]LogConfig: Setting CVar [[r.VolumetricFog.GridSizeZ:128]]
[2026.04.26-18.41.45:666][  0]LogConfig: Setting CVar [[r.VolumetricFog.HistoryMissSupersampleCount:4]]
[2026.04.26-18.41.45:666][  0]LogConfig: Setting CVar [[r.LightMaxDrawDistanceScale:1]]
[2026.04.26-18.41.45:666][  0]LogConfig: Setting CVar [[r.CapsuleShadows:1]]
[2026.04.26-18.41.45:666][  0]LogConfig: Applying CVar settings from Section [PostProcessQuality@3] File [C:/LastStep/PROJECT-LAST-STEP/Playtime_Multiplayer/Saved/Config/Windows/Scalability.ini]
[2026.04.26-18.41.45:666][  0]LogConfig: Setting CVar [[r.MotionBlurQuality:4]]
[2026.04.26-18.41.45:666][  0]LogConfig: Setting CVar [[r.AmbientOcclusionMipLevelFactor:0.4]]
[2026.04.26-18.41.45:666][  0]LogConfig: Setting CVar [[r.AmbientOcclusionMaxQuality:100]]
[2026.04.26-18.41.45:666][  0]LogConfig: Setting CVar [[r.AmbientOcclusionLevels:-1]]
[2026.04.26-18.41.45:666][  0]LogConfig: Setting CVar [[r.AmbientOcclusionRadiusScale:1.0]]
[2026.04.26-18.41.45:666][  0]LogConfig: Setting CVar [[r.DepthOfFieldQuality:2]]
[2026.04.26-18.41.45:666][  0]LogConfig: Setting CVar [[r.RenderTargetPoolMin:400]]
[2026.04.26-18.41.45:666][  0]LogConfig: Setting CVar [[r.LensFlareQuality:2]]
[2026.04.26-18.41.45:666][  0]LogConfig: Setting CVar [[r.SceneColorFringeQuality:1]]
[2026.04.26-18.41.45:666][  0]LogConfig: Setting CVar [[r.EyeAdaptationQuality:2]]
[2026.04.26-18.41.45:666][  0]LogConfig: Setting CVar [[r.BloomQuality:5]]
[2026.04.26-18.41.45:666][  0]LogConfig: Setting CVar [[r.FastBlurThreshold:100]]
[2026.04.26-18.41.45:666][  0]LogConfig: Setting CVar [[r.Upscale.Quality:3]]
[2026.04.26-18.41.45:666][  0]LogConfig: Setting CVar [[r.Tonemapper.GrainQuantization:1]]
[2026.04.26-18.41.45:666][  0]LogConfig: Setting CVar [[r.LightShaftQuality:1]]
[2026.04.26-18.41.45:666][  0]LogConfig: Setting CVar [[r.Filter.SizeScale:1]]
[2026.04.26-18.41.45:666][  0]LogConfig: Setting CVar [[r.Tonemapper.Quality:5]]
[2026.04.26-18.41.45:666][  0]LogConfig: Setting CVar [[r.DOF.Gather.AccumulatorQuality:1        ; higher gathering accumulator quality]]
[2026.04.26-18.41.45:666][  0]LogConfig: Setting CVar [[r.DOF.Gather.PostfilterMethod:1          ; Median3x3 postfilering method]]
[2026.04.26-18.41.45:666][  0]LogConfig: Setting CVar [[r.DOF.Gather.EnableBokehSettings:0       ; no bokeh simulation when gathering]]
[2026.04.26-18.41.45:666][  0]LogConfig: Setting CVar [[r.DOF.Gather.RingCount:4                 ; medium number of samples when gathering]]
[2026.04.26-18.41.45:667][  0]LogConfig: Setting CVar [[r.DOF.Scatter.ForegroundCompositing:1    ; additive foreground scattering]]
[2026.04.26-18.41.45:667][  0]LogConfig: Setting CVar [[r.DOF.Scatter.BackgroundCompositing:2    ; additive background scattering]]
[2026.04.26-18.41.45:667][  0]LogConfig: Setting CVar [[r.DOF.Scatter.EnableBokehSettings:1      ; bokeh simulation when scattering]]
[2026.04.26-18.41.45:667][  0]LogConfig: Setting CVar [[r.DOF.Scatter.MaxSpriteRatio:0.1         ; only a maximum of 10% of scattered bokeh]]
[2026.04.26-18.41.45:667][  0]LogConfig: Setting CVar [[r.DOF.Recombine.Quality:1                ; cheap slight out of focus]]
[2026.04.26-18.41.45:667][  0]LogConfig: Setting CVar [[r.DOF.Recombine.EnableBokehSettings:0    ; no bokeh simulation on slight out of focus]]
[2026.04.26-18.41.45:667][  0]LogConfig: Setting CVar [[r.DOF.TemporalAAQuality:1                ; more stable temporal accumulation]]
[2026.04.26-18.41.45:667][  0]LogConfig: Setting CVar [[r.DOF.Kernel.MaxForegroundRadius:0.025]]
[2026.04.26-18.41.45:667][  0]LogConfig: Setting CVar [[r.DOF.Kernel.MaxBackgroundRadius:0.025]]
[2026.04.26-18.41.45:667][  0]LogConfig: Applying CVar settings from Section [TextureQuality@3] File [C:/LastStep/PROJECT-LAST-STEP/Playtime_Multiplayer/Saved/Config/Windows/Scalability.ini]
[2026.04.26-18.41.45:667][  0]LogConfig: Setting CVar [[r.Streaming.MipBias:0]]
[2026.04.26-18.41.45:667][  0]LogConfig: Setting CVar [[r.Streaming.AmortizeCPUToGPUCopy:0]]
[2026.04.26-18.41.45:667][  0]LogConfig: Setting CVar [[r.Streaming.MaxNumTexturesToStreamPerFrame:0]]
[2026.04.26-18.41.45:667][  0]LogConfig: Setting CVar [[r.Streaming.Boost:1]]
[2026.04.26-18.41.45:667][  0]LogConfig: Setting CVar [[r.MaxAnisotropy:8]]
[2026.04.26-18.41.45:667][  0]LogConfig: Setting CVar [[r.VT.MaxAnisotropy:8]]
[2026.04.26-18.41.45:667][  0]LogConfig: Setting CVar [[r.Streaming.LimitPoolSizeToVRAM:0]]
[2026.04.26-18.41.45:667][  0]LogConfig: Setting CVar [[r.Streaming.PoolSize:1000]]
[2026.04.26-18.41.45:667][  0]LogConfig: Setting CVar [[r.Streaming.MaxEffectiveScreenSize:0]]
[2026.04.26-18.41.45:667][  0]LogConfig: Applying CVar settings from Section [EffectsQuality@3] File [C:/LastStep/PROJECT-LAST-STEP/Playtime_Multiplayer/Saved/Config/Windows/Scalability.ini]
[2026.04.26-18.41.45:667][  0]LogConfig: Setting CVar [[r.TranslucencyLightingVolumeDim:64]]
[2026.04.26-18.41.45:667][  0]LogConfig: Setting CVar [[r.RefractionQuality:2]]
[2026.04.26-18.41.45:667][  0]LogConfig: Setting CVar [[r.SSR.Quality:3]]
[2026.04.26-18.41.45:667][  0]LogConfig: Setting CVar [[r.SSR.HalfResSceneColor:0]]
[2026.04.26-18.41.45:667][  0]LogConfig: Setting CVar [[r.SceneColorFormat:4]]
[2026.04.26-18.41.45:667][  0]LogConfig: Setting CVar [[r.DetailMode:2]]
[2026.04.26-18.41.45:667][  0]LogConfig: Setting CVar [[r.TranslucencyVolumeBlur:1]]
[2026.04.26-18.41.45:667][  0]LogConfig: Setting CVar [[r.MaterialQualityLevel:1 ; High quality]]
[2026.04.26-18.41.45:667][  0]LogConfig: Setting CVar [[r.AnisotropicMaterials:1]]
[2026.04.26-18.41.45:667][  0]LogConfig: Setting CVar [[r.SSS.Scale:1]]
[2026.04.26-18.41.45:667][  0]LogConfig: Setting CVar [[r.SSS.SampleSet:2]]
[2026.04.26-18.41.45:667][  0]LogConfig: Setting CVar [[r.SSS.Quality:1]]
[2026.04.26-18.41.45:667][  0]LogConfig: Setting CVar [[r.SSS.HalfRes:0]]
[2026.04.26-18.41.45:667][  0]LogConfig: Setting CVar [[r.SSGI.Quality:3]]
[2026.04.26-18.41.45:667][  0]LogConfig: Setting CVar [[r.EmitterSpawnRateScale:1.0]]
[2026.04.26-18.41.45:667][  0]LogConfig: Setting CVar [[r.ParticleLightQuality:2]]
[2026.04.26-18.41.45:667][  0]LogConfig: Setting CVar [[r.SkyAtmosphere.AerialPerspectiveLUT.FastApplyOnOpaque:1 ; Always have FastSkyLUT 1 in this case to avoid wrong sky]]
[2026.04.26-18.41.45:667][  0]LogConfig: Setting CVar [[r.SkyAtmosphere.AerialPerspectiveLUT.SampleCountMaxPerSlice:4]]
[2026.04.26-18.41.45:667][  0]LogConfig: Setting CVar [[r.SkyAtmosphere.AerialPerspectiveLUT.DepthResolution:16.0]]
[2026.04.26-18.41.45:667][  0]LogConfig: Setting CVar [[r.SkyAtmosphere.FastSkyLUT:1]]
[2026.04.26-18.41.45:667][  0]LogConfig: Setting CVar [[r.SkyAtmosphere.FastSkyLUT.SampleCountMin:4.0]]
[2026.04.26-18.41.45:667][  0]LogConfig: Setting CVar [[r.SkyAtmosphere.FastSkyLUT.SampleCountMax:128.0]]
[2026.04.26-18.41.45:667][  0]LogConfig: Setting CVar [[r.SkyAtmosphere.SampleCountMin:4.0]]
[2026.04.26-18.41.45:667][  0]LogConfig: Setting CVar [[r.SkyAtmosphere.SampleCountMax:128.0]]
[2026.04.26-18.41.45:667][  0]LogConfig: Setting CVar [[r.SkyAtmosphere.TransmittanceLUT.UseSmallFormat:0]]
[2026.04.26-18.41.45:667][  0]LogConfig: Setting CVar [[r.SkyAtmosphere.TransmittanceLUT.SampleCount:10.0]]
[2026.04.26-18.41.45:667][  0]LogConfig: Setting CVar [[r.SkyAtmosphere.MultiScatteringLUT.SampleCount:15.0]]
[2026.04.26-18.41.45:667][  0]LogConfig: Setting CVar [[r.SkyLight.RealTimeReflectionCapture:1]]
[2026.04.26-18.41.45:667][  0]LogConfig: Applying CVar settings from Section [FoliageQuality@3] File [C:/LastStep/PROJECT-LAST-STEP/Playtime_Multiplayer/Saved/Config/Windows/Scalability.ini]
[2026.04.26-18.41.45:667][  0]LogConfig: Setting CVar [[foliage.DensityScale:1.0]]
[2026.04.26-18.41.45:668][  0]LogConfig: Setting CVar [[grass.DensityScale:1.0]]
[2026.04.26-18.41.45:668][  0]LogConfig: Applying CVar settings from Section [ShadingQuality@3] File [C:/LastStep/PROJECT-LAST-STEP/Playtime_Multiplayer/Saved/Config/Windows/Scalability.ini]
[2026.04.26-18.41.45:668][  0]LogConfig: Setting CVar [[r.HairStrands.SkyLighting.IntegrationType:2]]
[2026.04.26-18.41.45:668][  0]LogConfig: Setting CVar [[r.HairStrands.SkyAO.SampleCount:4]]
[2026.04.26-18.41.45:668][  0]LogConfig: Setting CVar [[r.HairStrands.Visibility.MSAA.SamplePerPixel:4]]
[2026.04.26-18.41.45:668][  0]LogConfig: Applying CVar settings from Section [Startup] File [../../../Engine/Config/ConsoleVariables.ini]
[2026.04.26-18.41.45:669][  0]LogConfig: Setting CVar [[net.UseAdaptiveNetUpdateFrequency:0]]
[2026.04.26-18.41.45:669][  0]LogConfig: Setting CVar [[p.chaos.AllowCreatePhysxBodies:1]]
[2026.04.26-18.41.45:669][  0]LogConfig: Setting CVar [[fx.SkipVectorVMBackendOptimizations:1]]
[2026.04.26-18.41.45:669][  0]LogConfig: Applying CVar settings from Section [ConsoleVariables] File [C:/LastStep/PROJECT-LAST-STEP/Playtime_Multiplayer/Saved/Config/Windows/Engine.ini]
[2026.04.26-18.41.45:669][  0]LogConfig: Applying CVar settings from Section [ConsoleVariables] File [C:/LastStep/PROJECT-LAST-STEP/Playtime_Multiplayer/Saved/Config/Windows/Editor.ini]
[2026.04.26-18.41.45:670][  0]LogInit: Computer: SIBIDI
[2026.04.26-18.41.45:670][  0]LogInit: User: Xdox2
[2026.04.26-18.41.45:670][  0]LogInit: CPU Page size=4096, Cores=2
[2026.04.26-18.41.45:670][  0]LogInit: High frequency timer resolution =10.000000 MHz
[2026.04.26-18.41.45:670][  0]LogMemory: Memory total: Physical=5.9GB (6GB approx)
[2026.04.26-18.41.45:671][  0]LogMemory: Platform Memory Stats for Windows
[2026.04.26-18.41.45:671][  0]LogMemory: Process Physical Memory: 176.13 MB used, 178.57 MB peak
[2026.04.26-18.41.45:671][  0]LogMemory: Process Virtual Memory: 138.32 MB used, 138.32 MB peak
[2026.04.26-18.41.45:671][  0]LogMemory: Physical Memory: 5438.18 MB used,  625.50 MB free, 6063.68 MB total
[2026.04.26-18.41.45:671][  0]LogMemory: Virtual Memory: 134213136.00 MB used,  4593.72 MB free, 134217728.00 MB total
[2026.04.26-18.41.45:698][  0]LogWindows: WindowsPlatformFeatures enabled
[2026.04.26-18.41.45:977][  0]LogInit: Physics initialised using underlying interface: PhysX
[2026.04.26-18.41.45:978][  0]LogInit: Using OS detected language (ru-RU).
[2026.04.26-18.41.45:978][  0]LogInit: Using OS detected locale (ru-RU).
[2026.04.26-18.41.45:991][  0]LogTextLocalizationManager: No specific localization for 'ru-RU' exists, so the 'ru' localization will be used.
[2026.04.26-18.41.46:002][  0]LogTextLocalizationResource: LocRes '../../../Engine/Content/Localization/Editor/ru/Editor.locres' could not be opened for reading!
[2026.04.26-18.41.46:003][  0]LogTextLocalizationResource: LocRes '../../../Engine/Content/Localization/EditorTutorials/ru/EditorTutorials.locres' could not be opened for reading!
[2026.04.26-18.41.46:003][  0]LogTextLocalizationResource: LocRes '../../../Engine/Content/Localization/Keywords/ru/Keywords.locres' could not be opened for reading!
[2026.04.26-18.41.46:004][  0]LogTextLocalizationResource: LocRes '../../../Engine/Content/Localization/Category/ru/Category.locres' could not be opened for reading!
[2026.04.26-18.41.46:005][  0]LogTextLocalizationResource: LocRes '../../../Engine/Content/Localization/ToolTips/ru/ToolTips.locres' could not be opened for reading!
[2026.04.26-18.41.46:005][  0]LogTextLocalizationResource: LocRes '../../../Engine/Content/Localization/PropertyNames/ru/PropertyNames.locres' could not be opened for reading!
[2026.04.26-18.41.46:005][  0]LogTextLocalizationResource: LocRes '../../../Engine/Content/Localization/Engine/ru/Engine.locres' could not be opened for reading!
[2026.04.26-18.41.46:064][  0]LogWindowsTextInputMethodSystem: Display: IME system deactivated.
[2026.04.26-18.41.46:148][  0]LogSlate: New Slate User Created.  User Index 0, Is Virtual User: 0
[2026.04.26-18.41.46:148][  0]LogSlate: Slate User Registered.  User Index 0, Is Virtual User: 0
[2026.04.26-18.41.46:229][  0]LogD3D11RHI: Loaded GFSDK_Aftermath_Lib.x64.dll
[2026.04.26-18.41.46:243][  0]LogHMD: Failed to initialize OpenVR with code 110
[2026.04.26-18.41.46:243][  0]LogD3D11RHI: D3D11 min allowed feature level: 11_0
[2026.04.26-18.41.46:243][  0]LogD3D11RHI: D3D11 max allowed feature level: 11_0
[2026.04.26-18.41.46:243][  0]LogD3D11RHI: D3D11 adapters:
[2026.04.26-18.41.46:627][  0]LogD3D11RHI:    0. 'AMD Radeon(TM) Graphics' (Feature Level 11_0)
[2026.04.26-18.41.46:628][  0]LogD3D11RHI:       2033/0/3031 MB DedicatedVideo/DedicatedSystem/SharedSystem, Outputs:1, VendorId:0x1002
[2026.04.26-18.41.46:679][  0]LogD3D11RHI:    1. 'Microsoft Basic Render Driver' (Feature Level 11_0)
[2026.04.26-18.41.46:679][  0]LogD3D11RHI:       0/0/3031 MB DedicatedVideo/DedicatedSystem/SharedSystem, Outputs:0, VendorId:0x1414
[2026.04.26-18.41.46:679][  0]LogD3D11RHI: Chosen D3D11 Adapter:
[2026.04.26-18.41.46:679][  0]LogD3D11RHI:     Description : AMD Radeon(TM) Graphics
[2026.04.26-18.41.46:679][  0]LogD3D11RHI:     VendorId    : 1002
[2026.04.26-18.41.46:679][  0]LogD3D11RHI:     DeviceId    : 15d8
[2026.04.26-18.41.46:679][  0]LogD3D11RHI:     SubSysId    : 8706103c
[2026.04.26-18.41.46:679][  0]LogD3D11RHI:     Revision    : 00c4
[2026.04.26-18.41.46:679][  0]LogD3D11RHI:     DedicatedVideoMemory : 2132467712 bytes
[2026.04.26-18.41.46:679][  0]LogD3D11RHI:     DedicatedSystemMemory : 0 bytes
[2026.04.26-18.41.46:679][  0]LogD3D11RHI:     SharedSystemMemory : 3179114496 bytes
[2026.04.26-18.41.46:679][  0]LogD3D11RHI:     AdapterLuid : 0 69907
[2026.04.26-18.41.46:700][  0]LogD3D11RHI: Creating new Direct3DDevice
[2026.04.26-18.41.46:700][  0]LogD3D11RHI:     GPU DeviceId: 0x15d8 (for the marketing name, search the web for "GPU Device Id")
[2026.04.26-18.41.46:700][  0]LogWindows: EnumDisplayDevices:
[2026.04.26-18.41.46:701][  0]LogWindows:    0. 'AMD Radeon(TM) Graphics' (P:1 D:1)
[2026.04.26-18.41.46:702][  0]LogWindows:    1. 'AMD Radeon(TM) Graphics' (P:0 D:0)
[2026.04.26-18.41.46:703][  0]LogWindows:    2. 'AMD Radeon(TM) Graphics' (P:0 D:0)
[2026.04.26-18.41.46:705][  0]LogWindows: DebugString: FoundDriverCount:3 
[2026.04.26-18.41.46:705][  0]LogD3D11RHI:     Adapter Name: AMD Radeon(TM) Graphics
[2026.04.26-18.41.46:705][  0]LogD3D11RHI:   Driver Version: AMD Software: Adrenalin Edition 25.8.1 (internal:31.0.21923.11000, unified:31.0.21923.11000)
[2026.04.26-18.41.46:705][  0]LogD3D11RHI:      Driver Date: 7-1-2025
[2026.04.26-18.41.46:705][  0]LogRHI: Texture pool is 3191 MB (70% of 4558 MB)
[2026.04.26-18.41.47:361][  0]LogD3D11RHI: Creating D3DDevice with AMD AGS, using adapter:
[2026.04.26-18.41.47:361][  0]LogD3D11RHI:     Description : AMD Radeon(TM) Graphics
[2026.04.26-18.41.47:361][  0]LogD3D11RHI:     VendorId    : 1002
[2026.04.26-18.41.47:361][  0]LogD3D11RHI:     DeviceId    : 15d8
[2026.04.26-18.41.47:361][  0]LogD3D11RHI:     SubSysId    : 8706103c
[2026.04.26-18.41.47:361][  0]LogD3D11RHI:     Revision    : 00c4
[2026.04.26-18.41.47:361][  0]LogD3D11RHI:     DedicatedVideoMemory : 2132467712 bytes
[2026.04.26-18.41.47:361][  0]LogD3D11RHI:     DedicatedSystemMemory : 0 bytes
[2026.04.26-18.41.47:361][  0]LogD3D11RHI:     SharedSystemMemory : 3179114496 bytes
[2026.04.26-18.41.47:361][  0]LogD3D11RHI:     AdapterLuid : 0 69907
[2026.04.26-18.41.47:682][  0]LogD3D11RHI: Created device via AGS, feature level 11_0, supported extensions 1fffffbf.
[2026.04.26-18.41.47:682][  0]LogD3D11RHI: RHI has support for 64 bit atomics
[2026.04.26-18.41.47:683][  0]LogD3D11RHI: Async texture creation enabled
[2026.04.26-18.41.47:683][  0]LogD3D11RHI: Array index from any shader is supported
[2026.04.26-18.41.47:744][  0]LogD3D11RHI: GPU Timing Frequency: 25.000000 (Debug: 2 1)
[2026.04.26-18.41.51:096][  0]LogTargetPlatformManager: Display: Loaded TargetPlatform 'WindowsNoEditor'
[2026.04.26-18.41.51:115][  0]LogTargetPlatformManager: Display: Loaded TargetPlatform 'Windows'
[2026.04.26-18.41.51:134][  0]LogTargetPlatformManager: Display: Loaded TargetPlatform 'WindowsClient'
[2026.04.26-18.41.51:155][  0]LogTargetPlatformManager: Display: Loaded TargetPlatform 'WindowsServer'
[2026.04.26-18.41.51:155][  0]LogTargetPlatformManager: Display: Building Assets For Windows
[2026.04.26-18.41.51:193][  0]LogAudioDebug: Display: Lib vorbis DLL was dynamically loaded.
[2026.04.26-18.41.51:344][  0]LogTextureFormatOodle: Display: Oodle Texture 2.9.0 init RDO Off
[2026.04.26-18.41.51:516][  0]LogRendererCore: Ray tracing is disabled. Reason: r.RayTracing=0.
[2026.04.26-18.41.51:516][  0]LogShaderLibrary: Display: Running without a pakfile and did not find a monolithic library 'Global' - attempting disk search for its chunks
[2026.04.26-18.41.51:517][  0]LogShaderLibrary: Display:    ....  not found
[2026.04.26-18.41.51:517][  0]LogShaderCompilers: Guid format shader working directory is -20 characters bigger than the processId version (../../../../../../LastStep/PROJECT-LAST-STEP/Playtime_Multiplayer/Intermediate/Shaders/WorkingDirectory/15940/).
[2026.04.26-18.41.51:518][  0]LogShaderCompilers: Cleaned the shader compiler working directory 'C:/Users/Xdox2/AppData/Local/Temp/UnrealShaderWorkingDir/346AC0ED42793BC0C6245495E0BABAB4/'.
[2026.04.26-18.41.51:518][  0]LogXGEController: Cannot use XGE Controller as Incredibuild is not installed on this machine.
[2026.04.26-18.41.51:518][  0]LogShaderCompilers: Cannot use XGE Shader Compiler as Incredibuild is not installed on this machine.
[2026.04.26-18.41.51:518][  0]LogShaderCompilers: Display: Using Local Shader Compiler.
[2026.04.26-18.41.55:030][  0]LogDerivedDataCache: Display: Max Cache Size: 512 MB
[2026.04.26-18.41.57:088][  0]LogDerivedDataCache: Loaded boot cache 2.05s 94MB C:/Users/Xdox2/AppData/Local/UnrealEngine/4.27/DerivedDataCache/Boot.ddc.
[2026.04.26-18.41.57:089][  0]LogDerivedDataCache: Display: Loaded Boot cache: C:/Users/Xdox2/AppData/Local/UnrealEngine/4.27/DerivedDataCache/Boot.ddc
[2026.04.26-18.41.57:089][  0]LogDerivedDataCache: FDerivedDataBackendGraph:  Pak pak cache file ../../../../../../LastStep/PROJECT-LAST-STEP/Playtime_Multiplayer/DerivedDataCache/DDC.ddp not found, will not use a pak cache.
[2026.04.26-18.41.57:089][  0]LogDerivedDataCache: Unable to find inner node Pak for hierarchical cache Hierarchy.
[2026.04.26-18.41.57:090][  0]LogDerivedDataCache: FDerivedDataBackendGraph:  CompressedPak pak cache file ../../../../../../LastStep/PROJECT-LAST-STEP/Playtime_Multiplayer/DerivedDataCache/Compressed.ddp not found, will not use a pak cache.
[2026.04.26-18.41.57:090][  0]LogDerivedDataCache: Unable to find inner node CompressedPak for hierarchical cache Hierarchy.
[2026.04.26-18.41.57:215][  0]LogDerivedDataCache: Display: Pak cache opened for reading ../../../Engine/DerivedDataCache/Compressed.ddp.
[2026.04.26-18.41.57:216][  0]LogDerivedDataCache: FDerivedDataBackendGraph:  EnterprisePak pak cache file ../../../Enterprise/DerivedDataCache/Compressed.ddp not found, will not use a pak cache.
[2026.04.26-18.41.57:216][  0]LogDerivedDataCache: Unable to find inner node EnterprisePak for hierarchical cache Hierarchy.
[2026.04.26-18.41.57:381][  0]LogDerivedDataCache: Speed tests for C:/Users/Xdox2/AppData/Local/UnrealEngine/Common/DerivedDataCache took 0.16 seconds
[2026.04.26-18.41.57:381][  0]LogDerivedDataCache: Display: Performance to C:/Users/Xdox2/AppData/Local/UnrealEngine/Common/DerivedDataCache: Latency=0.08ms. RandomReadSpeed=28.49MBs, RandomWriteSpeed=7.13MBs. Assigned SpeedClass 'Local'
[2026.04.26-18.41.57:514][  0]LogDerivedDataCache: Using Local data cache path C:/Users/Xdox2/AppData/Local/UnrealEngine/Common/DerivedDataCache: Writable
[2026.04.26-18.41.57:514][  0]LogDerivedDataCache: Shared data cache path not found in *engine.ini, will not use an Shared cache.
[2026.04.26-18.41.57:514][  0]LogDerivedDataCache: Unable to find inner node Shared for hierarchical cache Hierarchy.
[2026.04.26-18.41.57:813][  0]LogSlate: Using FreeType 2.10.0
[2026.04.26-18.41.57:817][  0]LogSlate: SlateFontServices - WITH_FREETYPE: 1, WITH_HARFBUZZ: 1
[2026.04.26-18.41.59:638][  0]LogInit: Using OS detected language (ru-RU).
[2026.04.26-18.41.59:638][  0]LogInit: Using OS detected locale (ru-RU).
[2026.04.26-18.41.59:638][  0]LogTextLocalizationManager: No localization for 'ru-RU' exists, so 'en' will be used for the language.
[2026.04.26-18.41.59:639][  0]LogTextLocalizationManager: No localization for 'ru-RU' exists, so 'en' will be used for the locale.
[2026.04.26-18.41.59:639][  0]LogSlate: FontCache flush requested. Reason: Culture for localization was changed
[2026.04.26-18.41.59:639][  0]LogSlate: FontCache flush requested. Reason: Culture for localization was changed
[2026.04.26-18.41.59:667][  0]LogAssetRegistry: FAssetRegistry took 0.0184 seconds to start up
[2026.04.26-18.42.01:121][  0]LogPackageLocalizationCache: Processed 27 localized package path(s) for 1 prioritized culture(s) in 0.005739 seconds
[2026.04.26-18.42.02:132][  0]LogInit: Selected Device Profile: [Windows]
[2026.04.26-18.42.02:132][  0]LogInit: Active device profile: [000001E96B353500][000001E96607EA40 49] Windows
[2026.04.26-18.42.02:132][  0]LogInit: Profiles: [000001E96B353500][000001E96607EA40 49] Windows, [000001E96B308C00][000001E96608ABC0 49] WindowsNoEditor, [000001E96B350C00][000001E96608ED40 49] WindowsServer, [000001E96B30AA00][000001E966092EC0 49] WindowsClient, [000001E96B352900][000001E966097040 49] IOS, [000001E96B30B000][000001E96B8431C0 49] iPadAir, [000001E96B351500][000001E96B847340 49] iPadAir2, [000001E96B2B2C00][000001E96B84F600 49] IPadPro, [000001E96B2B2D00][000001E96B84B640 49] iPadAir3, [000001E96B351000][000001E96B8537C0 49] iPadAir4, [000001E96B2B3600][000001E96B857940 49] iPadMini2, [000001E96B353800][000001E96B85BAC0 49] iPadMini3, [000001E96B2B0600][000001E96B85E0C0 49] iPadMini4, [000001E96B350B00][000001E96B862240 49] iPadMini5, [000001E96B2FA500][000001E96B86A500 49] iPhone6, [000001E96B2FA600][000001E96B866540 49] iPodTouch6, [000001E96B2B1400][000001E96B86E780 49] iPhone7, [000001E96B2B1700][000001E9665847C0 49] iPodTouch7, [000001E96B2F9000][000001E96B872900 49] iPhone5S, [000001E96B2B2200][000001E96B87AA80 49] iPhone6Plus, [000001E96B2F8600][000001E96B87EC00 49] iPhone6S, [000001E96B2B2800][000001E96B882D80 49] iPhone6SPlus, [000001E96B2F9400][000001E96B886F00 49] iPhone7Plus, [000001E96B2B0B00][000001E96B88B080 49] iPhoneSE, [000001E96B2FA200][000001E96B88F200 49] iPhone8, [000001E96B2B2700][000001E96B893380 49] iPhone8Plus, [000001E96B2FA900][000001E96B897500 49] iPhoneX, [000001E96B2B3900][000001E96B89B680 49] iPhoneXS, [000001E96B2F8400][000001E96B89F800 49] iPhoneXSMax, [000001E96B2B1F00][000001E96B8A3980 49] iPhoneXR, [000001E96B2FAF00][000001E96B8A7B00 49] iPhone11, [000001E96B2B2E00][000001E96B8AA100 49] iPhone11Pro, [000001E96B2FBA00][000001E96B8AE280 49] iPhone11ProMax, [000001E96B2B1A00][000001E96B8B2400 49] iPhoneSE2, [000001E96B2FB700][000001E96B8B6580 49] iPhone12Mini, [000001E96B2B2100][000001E96B8BA700 49] iPhone12, [000001E96B2FAB00][000001E96B876840 49] iPhone12Pro, [000001E96B2B0D00][000001E96B8BE980 49] iPhone12ProMax, [000001E96B2FBD00][000001E96B8C2AC0 49] iPadPro105, [000001E96B2B2B00][000001E96B8CAC40 49] iPadPro129, [000001E96B2F9E00][000001E96B8CEDC0 49] iPadPro97, [000001E96B2B1800][000001E96B8D2F40 49] iPadPro2_129, [000001E96B2F9A00][000001E96B8D70C0 49] iPad5, [000001E96B2B0900][000001E96B8DB240 49] iPad6, [000001E96B2F9500][000001E96B8DF3C0 49] iPad7, [000001E96B2B1B00][000001E96B8E3540 49] iPad8, [000001E96B2FA800][000001E96B8E76C0 49] iPadPro11, [000001E96B2B0A00][000001E96B8EB840 49] iPadPro2_11, [000001E96B2F8200][000001E96B8EF9C0 49] iPadPro3_129, [000001E96B2B2400][000001E96B8F3B40 49] iPadPro4_129, [000001E96B2F9F00][000001E96B8F6140 49] AppleTV, [000001E96B2B3000][000001E96B8FA2C0 49] AppleTV4K, [000001E96B309000][000001E96B8FE440 49] TVOS, [000001E96B3EDE00][000001E96B9025C0 49] Mac, [000001E96B30AC00][000001E96B906740 49] MacClient, [000001E96B3EDF00][000001E96B90A8C0 49] MacNoEditor, [000001E96B30B200][000001E96B8C6A00 49] MacServer, [000001E96B3ED600][000001E96B90EB40 49] Linux, [000001E96B308D00][000001E96B912C80 49] LinuxAArch64, [000001E96B3ED300][000001E96B916DC0 49] LinuxNoEditor, [000001E96B30BF00][000001E96B91EF40 49] LinuxAArch64NoEditor, [000001E96B3ED700][000001E96B9230C0 49] LinuxClient, [000001E96B30A300][000001E96B927240 49] LinuxAArch64Client, [000001E96B3ED500][000001E96B92B3C0 49] LinuxServer, [000001E96B30A400][000001E96B92F540 49] LinuxAArch64Server, [000001E96B3EE800][000001E96B9336C0 49] Android, [000001E96B30A000][000001E96B937840 49] Android_Low, [000001E96B3EC200][000001E96B93B9C0 49] Android_Mid, [000001E96B309900][000001E96B93FB40 49] Android_High, [000001E96B3EE000][000001E96B942140 49] Android_Default, [000001E96B308800][000001E96B9462C0 49] Android_Adreno4xx, [000001E96B3EE700][000001E96B94A440 49] Android_Adreno5xx_Low, [000001E96B309800][000001E96B94E5C0 49] Android_Adreno5xx, [000001E96B3ED400][000001E96B952740 49] Android_Adreno6xx, [000001E96B2B2600][000001E96B9568C0 49] Android_Adreno6xx_Vulkan, [000001E96B3EC500][000001E96B95AA40 49] Android_Mali_T6xx, [000001E96B2B2300][000001E96B91AB80 49] Android_Mali_T7xx, [000001E96B3ECB00][000001E96B95ECC0 49] Android_Mali_T8xx, [000001E96B2B0200][000001E96B962E00 49] Android_Mali_G71, [000001E96B3EDD00][000001E96B966F40 49] Android_Mali_G72, [000001E96B2B0800][000001E96B96F0C0 49] Android_Mali_G72_Vulkan, [000001E96B3EEC00][000001E96B973240 49] Android_Mali_G76, [000001E96B2B0500][000001E96B9773C0 49] Android_Mali_G76_Vulkan, [000001E96B3EEB00][000001E96B97B540 49] Android_Mali_G77, [000001E96B2B3100][000001E96B97F6C0 49] Android_Mali_G77_Vulkan, [000001E96B3EC400][000001E96B983840 49] Android_Mali_G78, [000001E96B2B1300][000001E96B9879C0 49] Android_Mali_G78_Vulkan, [000001E96B3EE900][000001E96B98BB40 49] Android_Mali_G710, [000001E96B2B2A00][000001E96B98E140 49] Android_Mali_G710_Vulkan, [000001E96B3EE300][000001E96B9922C0 49] Android_Vulkan_SM5, [000001E96B2B3200][000001E96B996440 49] Android_PowerVR_G6xxx, [000001E96B3EC600][000001E96B99A5C0 49] Android_PowerVR_GT7xxx, [000001E96B2B1200][000001E96B99E740 49] Android_PowerVR_GE8xxx, [000001E96B3EDC00][000001E96B9A28C0 49] Android_PowerVR_GM9xxx, [000001E96B2B0700][000001E96B9A6A40 49] Android_PowerVR_GM9xxx_Vulkan, [000001E96B3EE400][000001E96B9AABC0 49] Android_TegraK1, [000001E96B2B3400][000001E96B9AED40 49] Android_Unknown_Vulkan, [000001E96B3EC100][000001E96B96AE80 49] Lumin, [000001E96B2B1900][000001E96B9B2FC0 49] Lumin_Desktop, [000001E96B2F9C00][000001E96B9B7100 49] HoloLens, 
[2026.04.26-18.42.02:512][  0]LogMeshReduction: Using QuadricMeshReduction for automatic static mesh reduction
[2026.04.26-18.42.02:512][  0]LogMeshReduction: Using SimplygonMeshReduction for automatic skeletal mesh reduction
[2026.04.26-18.42.02:512][  0]LogMeshReduction: Using ProxyLODMeshReduction for automatic mesh merging
[2026.04.26-18.42.02:512][  0]LogMeshReduction: No distributed automatic mesh merging module available
[2026.04.26-18.42.02:512][  0]LogMeshMerging: No distributed automatic mesh merging module available
[2026.04.26-18.42.03:574][  0]LogNetVersion: Playtime_Multiplayer 1.0.0, NetCL: 17155196, EngineNetVer: 17, GameNetVer: 0 (Checksum: 2025055209)
[2026.04.26-18.42.09:852][  0]LogTexture: Default maximum texture size for cubemaps generated from long-lat sources has been changed from 512 to unlimited. In order to preserve old behaiour for '/Engine/MapTemplates/Sky/DaylightAmbientCubemap.DaylightAmbientCubemap', its maximum texture size has been explicitly set to 512.
[2026.04.26-18.42.11:690][  0]LogHMD: PokeAHoleMaterial loaded successfully
[2026.04.26-18.42.17:112][  0]LogTextLocalizationManager: Compacting localization data took   1.84ms
[2026.04.26-18.42.17:112][  0]LogMoviePlayer: Initializing movie player
[2026.04.26-18.42.18:029][  0]LogNiagaraDebuggerClient: Niagara Debugger Client Initialized | Session: E99694084EACCBB9676192A61F0B733D | Instance: 44375BEE4F1D5304A9BD0AA1FD59B135 (SIBIDI-15940).
[2026.04.26-18.42.18:258][  0]LogCollectionManager: Loaded 0 collections in 0.018911 seconds
[2026.04.26-18.42.18:276][  0]LogFileCache: Scanning file cache for directory 'C:/LastStep/PROJECT-LAST-STEP/Playtime_Multiplayer/Saved/Collections/' took 0.01s
[2026.04.26-18.42.18:276][  0]LogFileCache: Scanning file cache for directory 'C:/LastStep/PROJECT-LAST-STEP/Playtime_Multiplayer/Content/Developers/Xdox2/Collections/' took 0.01s
[2026.04.26-18.42.18:276][  0]LogFileCache: Scanning file cache for directory 'C:/LastStep/PROJECT-LAST-STEP/Playtime_Multiplayer/Content/Collections/' took 0.00s
[2026.04.26-18.42.18:277][  0]LogCollectionManager: Fixed up redirectors for 0 collections in 0.000004 seconds (updated 0 objects)
[2026.04.26-18.42.18:474][  0]LogPython: Using Python 3.7.7
[2026.04.26-18.42.21:508][  0]LogTcpMessaging: Initializing TcpMessaging bridge
[2026.04.26-18.42.21:536][  0]LogUdpMessaging: Initializing bridge on interface 0.0.0.0:0 to multicast group 230.0.0.1:6666.
[2026.04.26-18.42.22:068][  0]LogVaRest: FVaRestModule::StartupModule(28): VaRest (1.1.33) module started
[2026.04.26-18.42.22:183][  0]LogPython: Warning: 'EBoxySoundSet' and 'BoxySoundSet' have the same name (BoxySoundSet) when exposed to Python. Rename one of them using 'ScriptName' meta-data.
[2026.04.26-18.42.22:190][  0]LogPython: Warning: 'EMommySoundSet' and 'MommySoundSet' have the same name (MommySoundSet) when exposed to Python. Rename one of them using 'ScriptName' meta-data.
[2026.04.26-18.42.22:616][  0]SourceControl: Source control is disabled
[2026.04.26-18.42.22:618][  0]SourceControl: Source control is disabled
[2026.04.26-18.42.22:645][  0]SourceControl: Source control is disabled
[2026.04.26-18.42.22:686][  0]LogUProjectInfo: Found projects:
[2026.04.26-18.42.23:522][  0]LogOpenImageDenoise: OIDN starting up
[2026.04.26-18.42.24:457][  0]LogAndroidPermission: UAndroidPermissionCallbackProxy::GetInstance
[2026.04.26-18.42.24:600][  0]LogAudioCaptureCore: Display: No Audio Capture implementations found. Audio input will be silent.
[2026.04.26-18.42.24:600][  0]LogAudioCaptureCore: Display: No Audio Capture implementations found. Audio input will be silent.
[2026.04.26-18.42.25:309][  0]LogOcInput: OculusInput pre-init called
[2026.04.26-18.42.25:379][  0]LogUObjectArray: 22631 objects as part of root set at end of initial load.
[2026.04.26-18.42.25:379][  0]LogUObjectAllocator: 6112856 out of 0 bytes used by permanent object pool.
[2026.04.26-18.42.25:379][  0]LogUObjectArray: CloseDisregardForGC: 0/0 objects in disregard for GC pool
[2026.04.26-18.42.26:245][  0]LogClass: Display: BoolProperty FBPSteamGroupOfficer::bIsOwner is not initialized properly. Module:AdvancedSteamSessions File:Classes/SteamRequestGroupOfficersCallbackProxy.h
[2026.04.26-18.42.26:256][  0]LogClass: Display: IntProperty FBPSteamGroupInfo::numOnline is not initialized properly. Module:AdvancedSteamSessions File:Classes/AdvancedSteamFriendsLibrary.h
[2026.04.26-18.42.26:256][  0]LogClass: Display: IntProperty FBPSteamGroupInfo::numInGame is not initialized properly. Module:AdvancedSteamSessions File:Classes/AdvancedSteamFriendsLibrary.h
[2026.04.26-18.42.26:256][  0]LogClass: Display: IntProperty FBPSteamGroupInfo::numChatting is not initialized properly. Module:AdvancedSteamSessions File:Classes/AdvancedSteamFriendsLibrary.h
[2026.04.26-18.42.26:259][  0]LogClass: Warning: StructProperty FPlaytimeEvent::StartDate is not initialized properly even though its struct probably has a custom default constructor. Module:Playtime_Multiplayer File:PlaytimeEvent.h
[2026.04.26-18.42.26:259][  0]LogClass: Warning: StructProperty FPlaytimeEvent::EndDate is not initialized properly even though its struct probably has a custom default constructor. Module:Playtime_Multiplayer File:PlaytimeEvent.h
[2026.04.26-18.42.26:259][  0]LogClass: Warning: StructProperty FShoppyItemResponseSet::StartTime is not initialized properly even though its struct probably has a custom default constructor. Module:Playtime_Multiplayer File:ShoppyItemResponseSet.h
[2026.04.26-18.42.26:259][  0]LogClass: Warning: StructProperty FShoppyItemResponseSet::EndTime is not initialized properly even though its struct probably has a custom default constructor. Module:Playtime_Multiplayer File:ShoppyItemResponseSet.h
[2026.04.26-18.42.26:259][  0]LogClass: Warning: StructProperty FShoppySaleResponse::StartTime is not initialized properly even though its struct probably has a custom default constructor. Module:Playtime_Multiplayer File:ShoppySaleResponse.h
[2026.04.26-18.42.26:259][  0]LogClass: Warning: StructProperty FShoppySaleResponse::EndTime is not initialized properly even though its struct probably has a custom default constructor. Module:Playtime_Multiplayer File:ShoppySaleResponse.h
[2026.04.26-18.42.26:259][  0]LogClass: Warning: StructProperty FToyBoxResponse::StartTime is not initialized properly even though its struct probably has a custom default constructor. Module:Playtime_Multiplayer File:ToyBoxResponse.h
[2026.04.26-18.42.26:259][  0]LogClass: Warning: StructProperty FToyBoxResponse::EndTime is not initialized properly even though its struct probably has a custom default constructor. Module:Playtime_Multiplayer File:ToyBoxResponse.h
[2026.04.26-18.42.26:280][  0]LogClass: Display: EnumProperty FVaRest_NamedType::Type is not initialized properly. Module:VaRestEditor File:Public/VaRest_BreakJson.h
[2026.04.26-18.42.26:280][  0]LogClass: Display: BoolProperty FVaRest_NamedType::bIsArray is not initialized properly. Module:VaRestEditor File:Public/VaRest_BreakJson.h
[2026.04.26-18.42.26:280][  0]LogClass: Display: 14 Uninitialized script struct members found including 0 object properties
[2026.04.26-18.42.26:308][  0]LogAutomationTest: Warning: StructProperty FPlaytimeEvent::StartDate is not initialized properly even though its struct probably has a custom default constructor. Module:Playtime_Multiplayer File:PlaytimeEvent.h
[2026.04.26-18.42.26:308][  0]LogAutomationTest: Warning: StructProperty FPlaytimeEvent::EndDate is not initialized properly even though its struct probably has a custom default constructor. Module:Playtime_Multiplayer File:PlaytimeEvent.h
[2026.04.26-18.42.26:308][  0]LogAutomationTest: Warning: StructProperty FShoppyItemResponseSet::StartTime is not initialized properly even though its struct probably has a custom default constructor. Module:Playtime_Multiplayer File:ShoppyItemResponseSet.h
[2026.04.26-18.42.26:308][  0]LogAutomationTest: Warning: StructProperty FShoppyItemResponseSet::EndTime is not initialized properly even though its struct probably has a custom default constructor. Module:Playtime_Multiplayer File:ShoppyItemResponseSet.h
[2026.04.26-18.42.26:308][  0]LogAutomationTest: Warning: StructProperty FShoppySaleResponse::StartTime is not initialized properly even though its struct probably has a custom default constructor. Module:Playtime_Multiplayer File:ShoppySaleResponse.h
[2026.04.26-18.42.26:308][  0]LogAutomationTest: Warning: StructProperty FShoppySaleResponse::EndTime is not initialized properly even though its struct probably has a custom default constructor. Module:Playtime_Multiplayer File:ShoppySaleResponse.h
[2026.04.26-18.42.26:308][  0]LogAutomationTest: Warning: StructProperty FToyBoxResponse::StartTime is not initialized properly even though its struct probably has a custom default constructor. Module:Playtime_Multiplayer File:ToyBoxResponse.h
[2026.04.26-18.42.26:308][  0]LogAutomationTest: Warning: StructProperty FToyBoxResponse::EndTime is not initialized properly even though its struct probably has a custom default constructor. Module:Playtime_Multiplayer File:ToyBoxResponse.h
[2026.04.26-18.42.26:312][  0]LogEngine: Initializing Engine...
[2026.04.26-18.42.26:339][  0]LogVaRest: UVaRestSubsystem::Initialize(24): VaRest subsystem initialized
[2026.04.26-18.42.26:457][  0]LogHMD: Failed to enumerate extensions. Please check that you have a valid OpenXR runtime installed.
[2026.04.26-18.42.26:458][  0]LogHMD: Failed to initialize OpenVR with code 110
[2026.04.26-18.42.26:459][  0]LogMagicLeap: Warning: VR disabled because ZI is not enabled.  To enable, in the editor, Edit -> Project Settings -> Plugins -> Magic Leap Plugin -> Enable Zero Iteration
[2026.04.26-18.42.26:495][  0]LogStats: UGameplayTagsManager::InitializeManager -  0.008 s
[2026.04.26-18.42.29:026][  0]LogUObjectGlobals: Warning: Failed to load '/Game/PSHOWTIMEPHASE3/UI/UI_Utility/UI_Cursor': Can't find file.
[2026.04.26-18.42.29:026][  0]LogUObjectGlobals: Warning: Failed to load '/Game/PSHOWTIMEPHASE3/UI/UI_Utility/UI_Cursor': Can't find file.
[2026.04.26-18.42.29:026][  0]LogUObjectGlobals: Warning: Failed to find object 'Object /Game/PSHOWTIMEPHASE3/UI/UI_Utility/UI_Cursor.UI_Cursor_C'
[2026.04.26-18.42.29:027][  0]LogLoad: Warning: UUserInterfaceSettings::ForceLoadResources: Failed to load cursor resource 0.
[2026.04.26-18.42.29:028][  0]LogInit: Initializing FReadOnlyCVARCache
[2026.04.26-18.42.29:028][  0]LogAudio: Display: Initializing Audio Device Manager...
[2026.04.26-18.42.29:059][  0]LogAudio: Display: Loading Default Audio Settings Objects...
[2026.04.26-18.42.29:066][  0]LogAudio: Display: No default SoundConcurrencyObject specified (or failed to load).
[2026.04.26-18.42.29:075][  0]LogAudio: Display: Audio Device Manager Initialized
[2026.04.26-18.42.29:075][  0]LogAudio: Display: Creating Audio Device:                 Id: 1, Scope: Shared, Realtime: True
[2026.04.26-18.42.29:079][  0]LogAudioMixer: Display: Audio Mixer Platform Settings:
[2026.04.26-18.42.29:080][  0]LogAudioMixer: Display: 	Sample Rate:						  48000
[2026.04.26-18.42.29:080][  0]LogAudioMixer: Display: 	Callback Buffer Frame Size Requested: 512
[2026.04.26-18.42.29:080][  0]LogAudioMixer: Display: 	Callback Buffer Frame Size To Use:	  512
[2026.04.26-18.42.29:080][  0]LogAudioMixer: Display: 	Number of buffers to queue:			  1
[2026.04.26-18.42.29:080][  0]LogAudioMixer: Display: 	Max Channels (voices):				  0
[2026.04.26-18.42.29:080][  0]LogAudioMixer: Display: 	Number of Async Source Workers:		  4
[2026.04.26-18.42.29:081][  0]LogAudio: Display: AudioDevice MaxSources: 32
[2026.04.26-18.42.29:090][  0]LogAudio: Display: Audio Spatialization Plugin: None (built-in).
[2026.04.26-18.42.29:090][  0]LogAudio: Display: Audio Reverb Plugin: None (built-in).
[2026.04.26-18.42.29:091][  0]LogAudio: Display: Audio Occlusion Plugin: None (built-in).
[2026.04.26-18.42.29:092][  0]LogAudioMixer: Display: Initializing audio mixer.
[2026.04.26-18.42.29:272][  0]LogAudioMixer: Display: 0: FrontLeft
[2026.04.26-18.42.29:272][  0]LogAudioMixer: Display: 1: FrontRight
[2026.04.26-18.42.29:366][  0]LogAudioMixer: Display: Using Audio Device Voicemeeter VAIO3 Input (VB-Audio Voicemeeter VAIO)
[2026.04.26-18.42.29:381][  0]LogAudioMixer: Display: Initializing Sound Submixes...
[2026.04.26-18.42.29:401][  0]LogAudioMixer: Display: Creating Master Submix 'MasterSubmixDefault'
[2026.04.26-18.42.29:401][  0]LogAudioMixer: Display: Creating Master Submix 'MasterReverbSubmixDefault'
[2026.04.26-18.42.29:407][  0]LogAudioMixer: Display: Creating Master Submix 'MasterEQSubmixDefault'
[2026.04.26-18.42.29:408][  0]LogAudioMixer: FMixerPlatformXAudio2::StartAudioStream() called
[2026.04.26-18.42.29:408][  0]LogAudioMixer: Display: Output buffers initialized: Frames=512, Channels=2, Samples=1024
[2026.04.26-18.42.29:412][  0]LogAudioMixer: Display: Starting AudioMixerPlatformInterface::RunInternal()
[2026.04.26-18.42.29:412][  0]LogAudioMixer: Display: FMixerPlatformXAudio2::SubmitBuffer() called for the first time
[2026.04.26-18.42.29:412][  0]LogInit: FAudioDevice initialized.
[2026.04.26-18.42.29:443][  0]LogNetVersion: Set ProjectVersion to 1.0.0.0. Version Checksum will be recalculated on next use.
[2026.04.26-18.42.29:449][  0]LogInit: Texture streaming: Enabled
[2026.04.26-18.42.30:319][  0]LogAudio: Display: Audio Device (ID: 1) registered with world 'Untitled'.
[2026.04.26-18.42.30:329][  0]PIE: Warning: UGameViewportClient::AddCursor: Could not load cursor class 'UI_Cursor_C'.
[2026.04.26-18.42.30:395][  0]LogSlate: Updating window title bar state: overlay mode, drag disabled, window buttons hidden, title bar hidden
[2026.04.26-18.42.30:405][  0]LogInit: Display: Game Engine Initialized.
[2026.04.26-18.42.30:411][  0]LogNiagaraEditor: GEditor isn't valid! Particle reset commands will not work for Niagara components!
[2026.04.26-18.42.31:316][  0]LogInit: Display: Starting Game.
[2026.04.26-18.42.31:320][  0]LogNet: Browse: /Game/Map/Main_Menu?Name=Player
[2026.04.26-18.42.31:321][  0]LogLoad: LoadMap: /Game/Map/Main_Menu?Name=Player
[2026.04.26-18.42.31:322][  0]LogWorld: BeginTearingDown for /Temp/Untitled_0
[2026.04.26-18.42.31:335][  0]LogWorld: UWorld::CleanupWorld for Untitled, bSessionEnded=true, bCleanupResources=true
[2026.04.26-18.42.31:346][  0]LogSlate: InvalidateAllWidgets triggered.  All widgets were invalidated
[2026.04.26-18.42.31:379][  0]LogAudio: Display: Audio Device unregistered from world 'None'.
[2026.04.26-18.42.31:418][  0]LogUObjectHash: Compacting FUObjectHashTables data took   1.78ms
[2026.04.26-18.42.31:474][  0]LogUObjectGlobals: Warning: [AssetLog] C:\LastStep\PROJECT-LAST-STEP\Playtime_Multiplayer\Content\Widgets\Buttons.uasset: Failed to load '/Game/Widgets/textures/выходbutton': Can't find file.
[2026.04.26-18.42.31:475][  0]LogUObjectGlobals: Warning: [AssetLog] C:\LastStep\PROJECT-LAST-STEP\Playtime_Multiplayer\Content\Widgets\Buttons.uasset: Failed to load '/Game/Widgets/textures/выходbutton': Can't find file.
[2026.04.26-18.42.31:476][  0]LogUObjectGlobals: Warning: [AssetLog] C:\LastStep\PROJECT-LAST-STEP\Playtime_Multiplayer\Content\Widgets\Buttons.uasset: Failed to load '/Game/Widgets/textures/выходbutton': Can't find file.
[2026.04.26-18.42.31:537][  0]LogUObjectGlobals: Warning: Failed to load '/Game/Widgets/textures/Снимок_экрана_2026-04-01_200059': Can't find file.
[2026.04.26-18.42.31:538][  0]LogUObjectGlobals: Warning: [AssetLog] C:\LastStep\PROJECT-LAST-STEP\Playtime_Multiplayer\Content\Widgets\CHOOSE.uasset: Failed to load '/Game/Widgets/textures/Снимок_экрана_2026-04-01_200059': Can't find file.
[2026.04.26-18.42.31:585][  0]LogUObjectGlobals: Warning: Failed to load '/Game/Widgets/textures/Снимок_экрана_2026-04-02_122711': Can't find file.
[2026.04.26-18.42.31:590][  0]LogUObjectGlobals: Warning: [AssetLog] C:\LastStep\PROJECT-LAST-STEP\Playtime_Multiplayer\Content\Widgets\choice_mode.uasset: Failed to load '/Game/Widgets/textures/Снимок_экрана_2026-04-01_193405': Can't find file.
[2026.04.26-18.42.31:603][  0]LogUObjectGlobals: Warning: [AssetLog] C:\LastStep\PROJECT-LAST-STEP\Playtime_Multiplayer\Content\Widgets\choice_play.uasset: Failed to load '/Game/Widgets/textures/Снимок_экрана_2026-04-02_122711': Can't find file.
[2026.04.26-18.42.31:619][  0]LogUObjectGlobals: Warning: Failed to load '/Game/Widgets/textures/Снимок_экрана_2026-04-01_193405': Can't find file.
[2026.04.26-18.42.31:625][  0]LogUObjectGlobals: Warning: [AssetLog] C:\LastStep\PROJECT-LAST-STEP\Playtime_Multiplayer\Content\Widgets\TAG_PLAY.uasset: Failed to load '/Game/Widgets/textures/Снимок_экрана_2026-04-01_193405': Can't find file.
[2026.04.26-18.42.31:627][  0]LogUObjectGlobals: Warning: Failed to load '/Game/Widgets/textures/Снимок_экрана_2026-04-01_193405': Can't find file.
[2026.04.26-18.42.31:628][  0]LogUObjectGlobals: Warning: [AssetLog] C:\LastStep\PROJECT-LAST-STEP\Playtime_Multiplayer\Content\Widgets\choice_mode.uasset: Failed to load '/Game/Widgets/textures/Снимок_экрана_2026-04-01_193405': Can't find file.
[2026.04.26-18.42.31:641][  0]LogUObjectGlobals: Warning: Failed to load '/Game/Widgets/textures/выходbutton': Can't find file.
[2026.04.26-18.42.31:642][  0]LogUObjectGlobals: Warning: [AssetLog] C:\LastStep\PROJECT-LAST-STEP\Playtime_Multiplayer\Content\Widgets\Buttons.uasset: Failed to load '/Game/Widgets/textures/выходbutton': Can't find file.
[2026.04.26-18.42.31:643][  0]LogUObjectGlobals: Warning: [AssetLog] C:\LastStep\PROJECT-LAST-STEP\Playtime_Multiplayer\Content\Widgets\Buttons.uasset: Failed to load '/Game/Widgets/textures/выходbutton': Can't find file.
[2026.04.26-18.42.31:643][  0]LogUObjectGlobals: Warning: [AssetLog] C:\LastStep\PROJECT-LAST-STEP\Playtime_Multiplayer\Content\Widgets\Buttons.uasset: Failed to load '/Game/Widgets/textures/выходbutton': Can't find file.
[2026.04.26-18.42.32:044][  0]LogBlueprint: Warning: [AssetLog] C:\LastStep\PROJECT-LAST-STEP\Playtime_Multiplayer\Content\BaseMultiplayer\GameModes\Default\BP_DefaultController.uasset: [Compiler] InputKey Event specifies axis FKey'MouseWheelAxis' for  Mouse Wheel Axis
[2026.04.26-18.42.33:657][  0]LogAudioMixer: Display: Audio Buffer Underrun (starvation) detected.
[2026.04.26-18.42.33:657][  0]LogUObjectGlobals: Warning: [AssetLog] C:\LastStep\PROJECT-LAST-STEP\Playtime_Multiplayer\Content\Widgets\TAG_PLAY.uasset: Failed to load '/Game/Widgets/textures/Снимок_экрана_2026-04-01_193405': Can't find file.
[2026.04.26-18.42.33:666][  0]LogUObjectGlobals: Warning: [AssetLog] C:\LastStep\PROJECT-LAST-STEP\Playtime_Multiplayer\Content\Widgets\CHOOSE.uasset: Failed to load '/Game/Widgets/textures/Снимок_экрана_2026-04-01_200059': Can't find file.
[2026.04.26-18.42.33:669][  0]LogUObjectGlobals: Warning: [AssetLog] C:\LastStep\PROJECT-LAST-STEP\Playtime_Multiplayer\Content\Widgets\choice_play.uasset: Failed to load '/Game/Widgets/textures/Снимок_экрана_2026-04-02_122711': Can't find file.
[2026.04.26-18.42.34:998][  0]LogAudio: Display: Audio Device (ID: 1) registered with world 'Main_Menu'.
[2026.04.26-18.42.35:093][  0]LogAIModule: Creating AISystem for world Main_Menu
[2026.04.26-18.42.35:101][  0]LogLoad: Game class is 'FirstPersonGameMode_C'
[2026.04.26-18.42.35:194][  0]LogWorld: Bringing World /Game/Map/Main_Menu.Main_Menu up for play (max tick rate 0) at 2026.04.26-20.42.35
[2026.04.26-18.42.35:221][  0]LogWorld: Bringing up level for play took: 0.110296
[2026.04.26-18.42.35:248][  0]LogGameMode: FindPlayerStart: PATHS NOT DEFINED or NO PLAYERSTART with positive rating
[2026.04.26-18.42.35:602][  0]LogVoiceEncode: Display: EncoderVersion: libopus unknown
[2026.04.26-18.42.35:611][  0]LogOnlineVoice: OSS: StopLocalVoiceProcessing(0) returned 0xFFFFFFFF
[2026.04.26-18.42.35:611][  0]LogOnlineVoice: OSS: Stopping networked voice for user: 0
[2026.04.26-18.42.35:755][  0]LogLoad: Took 4.432979 seconds to LoadMap(/Game/Map/Main_Menu)
[2026.04.26-18.42.35:945][  0]LogSlate: Took 0.001665 seconds to synchronously load lazily loaded font '../../../Engine/Content/Slate/Fonts/Roboto-Regular.ttf' (155K)
[2026.04.26-18.42.36:110][  0]LogRenderer: Reallocating scene render targets to support 1280x720 Format 10 NumSamples 1 (Frame:1).
[2026.04.26-18.42.36:110][  0]LogInit: Display: Engine is initialized. Leaving FEngineLoop::Init()
[2026.04.26-18.42.36:110][  0]LogLoad: (Engine Initialization) Total time: 64.09 seconds
[2026.04.26-18.42.36:110][  0]LogLoad: (Engine Initialization) Total Blueprint compile time: 0.00 seconds
[2026.04.26-18.42.36:344][  0]LogContentStreaming: Texture pool size now 1000 MB
[2026.04.26-18.42.36:365][  0]LogSlate: InvalidateAllWidgets triggered.  All widgets were invalidated
[2026.04.26-18.42.37:342][  1]LogSlate: Took 0.000630 seconds to synchronously load lazily loaded font '../../../Engine/Content/Slate/Fonts/Roboto-Regular.ttf' (155K)
[2026.04.26-18.42.49:099][114]LogAudioMixer: Display: Audio Buffer Underrun (starvation) detected.
[2026.04.26-18.43.02:351][212]LogAudioMixer: Display: Audio Buffer Underrun (starvation) detected.
[2026.04.26-18.43.26:930][458]LogAudioMixer: Display: Audio Buffer Underrun (starvation) detected.
[2026.04.26-18.43.38:191][563]LogAudioMixer: Display: Audio Buffer Underrun (starvation) detected.
